// Jest Snapshot v1, https://goo.gl/fbAQLP

exports[`ServiceAreasStats Rendering should render with custom testable structure 1`] = `
<View
  style={
    {
      "flexDirection": "row",
      "flexWrap": "wrap",
      "gap": 12,
      "paddingVertical": 16,
    }
  }
>
  <View
    style={
      {
        "alignItems": "center",
        "backgroundColor": "#FFFFFF",
        "borderRadius": 16,
        "flex": 1,
        "flexDirection": "row",
        "minWidth": 150,
        "padding": 20,
        "shadowColor": "#000000",
        "shadowOffset": {
          "height": 2,
          "width": 0,
        },
        "shadowOpacity": 0.06,
        "shadowRadius": 10,
      }
    }
  >
    <Text
      color="#717171"
      name="map"
      size={20}
    >
      map
    </Text>
    <View
      style={
        {
          "marginLeft": 12,
        }
      }
    >
      <Text
        style={
          {
            "color": "#222222",
            "fontSize": 20,
            "fontWeight": "700",
            "marginBottom": 2,
          }
        }
      >
        1
      </Text>
      <Text
        style={
          {
            "color": "#717171",
            "fontSize": 12,
          }
        }
      >
        Total Areas
      </Text>
    </View>
  </View>
  <View
    style={
      {
        "alignItems": "center",
        "backgroundColor": "#FFFFFF",
        "borderRadius": 16,
        "flex": 1,
        "flexDirection": "row",
        "minWidth": 150,
        "padding": 20,
        "shadowColor": "#000000",
        "shadowOffset": {
          "height": 2,
          "width": 0,
        },
        "shadowOpacity": 0.06,
        "shadowRadius": 10,
      }
    }
  >
    <Text
      color="#717171"
      name="checkmark-circle"
      size={20}
    >
      checkmark-circle
    </Text>
    <View
      style={
        {
          "marginLeft": 12,
        }
      }
    >
      <Text
        style={
          {
            "color": "#222222",
            "fontSize": 20,
            "fontWeight": "700",
            "marginBottom": 2,
          }
        }
      >
        1
      </Text>
      <Text
        style={
          {
            "color": "#717171",
            "fontSize": 12,
          }
        }
      >
        Active
      </Text>
    </View>
  </View>
  <View
    style={
      {
        "alignItems": "center",
        "backgroundColor": "#FFFFFF",
        "borderRadius": 16,
        "flex": 1,
        "flexDirection": "row",
        "minWidth": 150,
        "padding": 20,
        "shadowColor": "#000000",
        "shadowOffset": {
          "height": 2,
          "width": 0,
        },
        "shadowOpacity": 0.06,
        "shadowRadius": 10,
      }
    }
  >
    <Text
      color="#717171"
      name="pause-circle"
      size={20}
    >
      pause-circle
    </Text>
    <View
      style={
        {
          "marginLeft": 12,
        }
      }
    >
      <Text
        style={
          {
            "color": "#222222",
            "fontSize": 20,
            "fontWeight": "700",
            "marginBottom": 2,
          }
        }
      >
        0
      </Text>
      <Text
        style={
          {
            "color": "#717171",
            "fontSize": 12,
          }
        }
      >
        Inactive
      </Text>
    </View>
  </View>
  <View
    style={
      {
        "alignItems": "center",
        "backgroundColor": "#FFFFFF",
        "borderRadius": 16,
        "flex": 1,
        "flexDirection": "row",
        "minWidth": 150,
        "padding": 20,
        "shadowColor": "#000000",
        "shadowOffset": {
          "height": 2,
          "width": 0,
        },
        "shadowOpacity": 0.06,
        "shadowRadius": 10,
      }
    }
  >
    <Text
      color="#717171"
      name="star"
      size={20}
    >
      star
    </Text>
    <View
      style={
        {
          "marginLeft": 12,
        }
      }
    >
      <Text
        style={
          {
            "color": "#222222",
            "fontSize": 20,
            "fontWeight": "700",
            "marginBottom": 2,
          }
        }
      >
        0
      </Text>
      <Text
        style={
          {
            "color": "#717171",
            "fontSize": 12,
          }
        }
      >
        Primary
      </Text>
    </View>
  </View>
</View>
`;
