// Jest Snapshot v1, https://goo.gl/fbAQLP

exports[`ServiceAreasHeader Snapshot should match snapshot 1`] = `
<View
  style={
    {
      "alignItems": "center",
      "backgroundColor": "#FFFFFF",
      "borderBottomColor": "#F0F0F0",
      "borderBottomWidth": 1,
      "flexDirection": "row",
      "justifyContent": "space-between",
      "paddingHorizontal": 16,
      "paddingVertical": 12,
    }
  }
>
  <TouchableOpacity
    onPress={[Function]}
    style={
      {
        "padding": 8,
      }
    }
  >
    <Text
      color="#222222"
      size={24}
      testID="icon-arrow-back"
    >
      arrow-back
    </Text>
  </TouchableOpacity>
  <Text
    style={
      {
        "color": "#222222",
        "fontSize": 18,
        "fontWeight": "600",
      }
    }
  >
    Service Areas
  </Text>
  <TouchableOpacity
    accessibilityLabel="Add service area"
    style={
      {
        "padding": 8,
      }
    }
  >
    <Text
      color="#222222"
      size={24}
      testID="icon-add"
    >
      add
    </Text>
  </TouchableOpacity>
</View>
`;
