// Jest Snapshot v1, https://goo.gl/fbAQLP

exports[`QuickServices Component Snapshots should match snapshot 1`] = `
<View
  style={
    {
      "marginBottom": 20,
      "marginHorizontal": -24,
    }
  }
>
  <ScrollView
    contentContainerStyle={
      {
        "gap": 18,
        "paddingHorizontal": 24,
      }
    }
    horizontal={true}
    showsHorizontalScrollIndicator={false}
  >
    <TouchableOpacity
      accessibilityLabel="Find plumbing contractors"
      accessibilityRole="button"
      onPress={[Function]}
      style={
        [
          {
            "alignItems": "center",
            "borderBottomColor": "transparent",
            "borderBottomWidth": 2,
            "minWidth": 68,
            "paddingBottom": 8,
            "paddingVertical": 10,
          },
          {
            "borderBottomColor": "#1A2520",
          },
        ]
      }
    >
      <Text
        accessibilityLabel="Icon: water-outline, size: 24, color: #1A2520"
        testID="icon-water-outline"
      >
        water-outline
      </Text>
      <Text
        style={
          [
            {
              "color": "#4A5751",
              "fontSize": 13,
              "fontWeight": "500",
              "marginTop": 5,
              "textAlign": "center",
            },
            {
              "color": "#1A2520",
              "fontWeight": "600",
            },
          ]
        }
      >
        Plumbing
      </Text>
    </TouchableOpacity>
    <TouchableOpacity
      accessibilityLabel="Find electrical contractors"
      accessibilityRole="button"
      onPress={[Function]}
      style={
        [
          {
            "alignItems": "center",
            "borderBottomColor": "transparent",
            "borderBottomWidth": 2,
            "minWidth": 68,
            "paddingBottom": 8,
            "paddingVertical": 10,
          },
          false,
        ]
      }
    >
      <Text
        accessibilityLabel="Icon: flash-outline, size: 24, color: #4A5751"
        testID="icon-flash-outline"
      >
        flash-outline
      </Text>
      <Text
        style={
          [
            {
              "color": "#4A5751",
              "fontSize": 13,
              "fontWeight": "500",
              "marginTop": 5,
              "textAlign": "center",
            },
            false,
          ]
        }
      >
        Electrical
      </Text>
    </TouchableOpacity>
    <TouchableOpacity
      accessibilityLabel="Find appliances contractors"
      accessibilityRole="button"
      onPress={[Function]}
      style={
        [
          {
            "alignItems": "center",
            "borderBottomColor": "transparent",
            "borderBottomWidth": 2,
            "minWidth": 68,
            "paddingBottom": 8,
            "paddingVertical": 10,
          },
          false,
        ]
      }
    >
      <Text
        accessibilityLabel="Icon: home-outline, size: 24, color: #4A5751"
        testID="icon-home-outline"
      >
        home-outline
      </Text>
      <Text
        style={
          [
            {
              "color": "#4A5751",
              "fontSize": 13,
              "fontWeight": "500",
              "marginTop": 5,
              "textAlign": "center",
            },
            false,
          ]
        }
      >
        Appliances
      </Text>
    </TouchableOpacity>
    <TouchableOpacity
      accessibilityLabel="Find hvac contractors"
      accessibilityRole="button"
      onPress={[Function]}
      style={
        [
          {
            "alignItems": "center",
            "borderBottomColor": "transparent",
            "borderBottomWidth": 2,
            "minWidth": 68,
            "paddingBottom": 8,
            "paddingVertical": 10,
          },
          false,
        ]
      }
    >
      <Text
        accessibilityLabel="Icon: snow-outline, size: 24, color: #4A5751"
        testID="icon-snow-outline"
      >
        snow-outline
      </Text>
      <Text
        style={
          [
            {
              "color": "#4A5751",
              "fontSize": 13,
              "fontWeight": "500",
              "marginTop": 5,
              "textAlign": "center",
            },
            false,
          ]
        }
      >
        HVAC
      </Text>
    </TouchableOpacity>
    <TouchableOpacity
      accessibilityLabel="Find roofing contractors"
      accessibilityRole="button"
      onPress={[Function]}
      style={
        [
          {
            "alignItems": "center",
            "borderBottomColor": "transparent",
            "borderBottomWidth": 2,
            "minWidth": 68,
            "paddingBottom": 8,
            "paddingVertical": 10,
          },
          false,
        ]
      }
    >
      <Text
        accessibilityLabel="Icon: home-outline, size: 24, color: #4A5751"
        testID="icon-home-outline"
      >
        home-outline
      </Text>
      <Text
        style={
          [
            {
              "color": "#4A5751",
              "fontSize": 13,
              "fontWeight": "500",
              "marginTop": 5,
              "textAlign": "center",
            },
            false,
          ]
        }
      >
        Roofing
      </Text>
    </TouchableOpacity>
    <TouchableOpacity
      accessibilityLabel="Find painting contractors"
      accessibilityRole="button"
      onPress={[Function]}
      style={
        [
          {
            "alignItems": "center",
            "borderBottomColor": "transparent",
            "borderBottomWidth": 2,
            "minWidth": 68,
            "paddingBottom": 8,
            "paddingVertical": 10,
          },
          false,
        ]
      }
    >
      <Text
        accessibilityLabel="Icon: color-palette-outline, size: 24, color: #4A5751"
        testID="icon-color-palette-outline"
      >
        color-palette-outline
      </Text>
      <Text
        style={
          [
            {
              "color": "#4A5751",
              "fontSize": 13,
              "fontWeight": "500",
              "marginTop": 5,
              "textAlign": "center",
            },
            false,
          ]
        }
      >
        Painting
      </Text>
    </TouchableOpacity>
    <TouchableOpacity
      accessibilityLabel="Find carpentry contractors"
      accessibilityRole="button"
      onPress={[Function]}
      style={
        [
          {
            "alignItems": "center",
            "borderBottomColor": "transparent",
            "borderBottomWidth": 2,
            "minWidth": 68,
            "paddingBottom": 8,
            "paddingVertical": 10,
          },
          false,
        ]
      }
    >
      <Text
        accessibilityLabel="Icon: hammer-outline, size: 24, color: #4A5751"
        testID="icon-hammer-outline"
      >
        hammer-outline
      </Text>
      <Text
        style={
          [
            {
              "color": "#4A5751",
              "fontSize": 13,
              "fontWeight": "500",
              "marginTop": 5,
              "textAlign": "center",
            },
            false,
          ]
        }
      >
        Carpentry
      </Text>
    </TouchableOpacity>
    <TouchableOpacity
      accessibilityLabel="Find cleaning contractors"
      accessibilityRole="button"
      onPress={[Function]}
      style={
        [
          {
            "alignItems": "center",
            "borderBottomColor": "transparent",
            "borderBottomWidth": 2,
            "minWidth": 68,
            "paddingBottom": 8,
            "paddingVertical": 10,
          },
          false,
        ]
      }
    >
      <Text
        accessibilityLabel="Icon: sparkles-outline, size: 24, color: #4A5751"
        testID="icon-sparkles-outline"
      >
        sparkles-outline
      </Text>
      <Text
        style={
          [
            {
              "color": "#4A5751",
              "fontSize": 13,
              "fontWeight": "500",
              "marginTop": 5,
              "textAlign": "center",
            },
            false,
          ]
        }
      >
        Cleaning
      </Text>
    </TouchableOpacity>
  </ScrollView>
  <View
    style={
      {
        "backgroundColor": "#D8E2DA",
        "height": 1,
      }
    }
  />
</View>
`;

exports[`QuickServices Component Snapshots should match snapshot with custom handlers 1`] = `
<View
  style={
    {
      "marginBottom": 20,
      "marginHorizontal": -24,
    }
  }
>
  <ScrollView
    contentContainerStyle={
      {
        "gap": 18,
        "paddingHorizontal": 24,
      }
    }
    horizontal={true}
    showsHorizontalScrollIndicator={false}
  >
    <TouchableOpacity
      accessibilityLabel="Find plumbing contractors"
      accessibilityRole="button"
      onPress={[Function]}
      style={
        [
          {
            "alignItems": "center",
            "borderBottomColor": "transparent",
            "borderBottomWidth": 2,
            "minWidth": 68,
            "paddingBottom": 8,
            "paddingVertical": 10,
          },
          {
            "borderBottomColor": "#1A2520",
          },
        ]
      }
    >
      <Text
        accessibilityLabel="Icon: water-outline, size: 24, color: #1A2520"
        testID="icon-water-outline"
      >
        water-outline
      </Text>
      <Text
        style={
          [
            {
              "color": "#4A5751",
              "fontSize": 13,
              "fontWeight": "500",
              "marginTop": 5,
              "textAlign": "center",
            },
            {
              "color": "#1A2520",
              "fontWeight": "600",
            },
          ]
        }
      >
        Plumbing
      </Text>
    </TouchableOpacity>
    <TouchableOpacity
      accessibilityLabel="Find electrical contractors"
      accessibilityRole="button"
      onPress={[Function]}
      style={
        [
          {
            "alignItems": "center",
            "borderBottomColor": "transparent",
            "borderBottomWidth": 2,
            "minWidth": 68,
            "paddingBottom": 8,
            "paddingVertical": 10,
          },
          false,
        ]
      }
    >
      <Text
        accessibilityLabel="Icon: flash-outline, size: 24, color: #4A5751"
        testID="icon-flash-outline"
      >
        flash-outline
      </Text>
      <Text
        style={
          [
            {
              "color": "#4A5751",
              "fontSize": 13,
              "fontWeight": "500",
              "marginTop": 5,
              "textAlign": "center",
            },
            false,
          ]
        }
      >
        Electrical
      </Text>
    </TouchableOpacity>
    <TouchableOpacity
      accessibilityLabel="Find appliances contractors"
      accessibilityRole="button"
      onPress={[Function]}
      style={
        [
          {
            "alignItems": "center",
            "borderBottomColor": "transparent",
            "borderBottomWidth": 2,
            "minWidth": 68,
            "paddingBottom": 8,
            "paddingVertical": 10,
          },
          false,
        ]
      }
    >
      <Text
        accessibilityLabel="Icon: home-outline, size: 24, color: #4A5751"
        testID="icon-home-outline"
      >
        home-outline
      </Text>
      <Text
        style={
          [
            {
              "color": "#4A5751",
              "fontSize": 13,
              "fontWeight": "500",
              "marginTop": 5,
              "textAlign": "center",
            },
            false,
          ]
        }
      >
        Appliances
      </Text>
    </TouchableOpacity>
    <TouchableOpacity
      accessibilityLabel="Find hvac contractors"
      accessibilityRole="button"
      onPress={[Function]}
      style={
        [
          {
            "alignItems": "center",
            "borderBottomColor": "transparent",
            "borderBottomWidth": 2,
            "minWidth": 68,
            "paddingBottom": 8,
            "paddingVertical": 10,
          },
          false,
        ]
      }
    >
      <Text
        accessibilityLabel="Icon: snow-outline, size: 24, color: #4A5751"
        testID="icon-snow-outline"
      >
        snow-outline
      </Text>
      <Text
        style={
          [
            {
              "color": "#4A5751",
              "fontSize": 13,
              "fontWeight": "500",
              "marginTop": 5,
              "textAlign": "center",
            },
            false,
          ]
        }
      >
        HVAC
      </Text>
    </TouchableOpacity>
    <TouchableOpacity
      accessibilityLabel="Find roofing contractors"
      accessibilityRole="button"
      onPress={[Function]}
      style={
        [
          {
            "alignItems": "center",
            "borderBottomColor": "transparent",
            "borderBottomWidth": 2,
            "minWidth": 68,
            "paddingBottom": 8,
            "paddingVertical": 10,
          },
          false,
        ]
      }
    >
      <Text
        accessibilityLabel="Icon: home-outline, size: 24, color: #4A5751"
        testID="icon-home-outline"
      >
        home-outline
      </Text>
      <Text
        style={
          [
            {
              "color": "#4A5751",
              "fontSize": 13,
              "fontWeight": "500",
              "marginTop": 5,
              "textAlign": "center",
            },
            false,
          ]
        }
      >
        Roofing
      </Text>
    </TouchableOpacity>
    <TouchableOpacity
      accessibilityLabel="Find painting contractors"
      accessibilityRole="button"
      onPress={[Function]}
      style={
        [
          {
            "alignItems": "center",
            "borderBottomColor": "transparent",
            "borderBottomWidth": 2,
            "minWidth": 68,
            "paddingBottom": 8,
            "paddingVertical": 10,
          },
          false,
        ]
      }
    >
      <Text
        accessibilityLabel="Icon: color-palette-outline, size: 24, color: #4A5751"
        testID="icon-color-palette-outline"
      >
        color-palette-outline
      </Text>
      <Text
        style={
          [
            {
              "color": "#4A5751",
              "fontSize": 13,
              "fontWeight": "500",
              "marginTop": 5,
              "textAlign": "center",
            },
            false,
          ]
        }
      >
        Painting
      </Text>
    </TouchableOpacity>
    <TouchableOpacity
      accessibilityLabel="Find carpentry contractors"
      accessibilityRole="button"
      onPress={[Function]}
      style={
        [
          {
            "alignItems": "center",
            "borderBottomColor": "transparent",
            "borderBottomWidth": 2,
            "minWidth": 68,
            "paddingBottom": 8,
            "paddingVertical": 10,
          },
          false,
        ]
      }
    >
      <Text
        accessibilityLabel="Icon: hammer-outline, size: 24, color: #4A5751"
        testID="icon-hammer-outline"
      >
        hammer-outline
      </Text>
      <Text
        style={
          [
            {
              "color": "#4A5751",
              "fontSize": 13,
              "fontWeight": "500",
              "marginTop": 5,
              "textAlign": "center",
            },
            false,
          ]
        }
      >
        Carpentry
      </Text>
    </TouchableOpacity>
    <TouchableOpacity
      accessibilityLabel="Find cleaning contractors"
      accessibilityRole="button"
      onPress={[Function]}
      style={
        [
          {
            "alignItems": "center",
            "borderBottomColor": "transparent",
            "borderBottomWidth": 2,
            "minWidth": 68,
            "paddingBottom": 8,
            "paddingVertical": 10,
          },
          false,
        ]
      }
    >
      <Text
        accessibilityLabel="Icon: sparkles-outline, size: 24, color: #4A5751"
        testID="icon-sparkles-outline"
      >
        sparkles-outline
      </Text>
      <Text
        style={
          [
            {
              "color": "#4A5751",
              "fontSize": 13,
              "fontWeight": "500",
              "marginTop": 5,
              "textAlign": "center",
            },
            false,
          ]
        }
      >
        Cleaning
      </Text>
    </TouchableOpacity>
  </ScrollView>
  <View
    style={
      {
        "backgroundColor": "#D8E2DA",
        "height": 1,
      }
    }
  />
</View>
`;
