// Jest Snapshot v1, https://goo.gl/fbAQLP

exports[`QuickServices Component Snapshots should match snapshot 1`] = `
<View
  style={
    {
      "marginBottom": 32,
    }
  }
>
  <Text
    style={
      {
        "color": "#0F172A",
        "fontSize": 18,
        "fontWeight": "700",
        "marginBottom": 4,
      }
    }
  >
    Need Help With?
  </Text>
  <Text
    style={
      {
        "color": "#475569",
        "fontSize": 14,
        "marginBottom": 16,
      }
    }
  >
    Quick access to common services
  </Text>
  <View
    columns={2}
    gap={16}
    responsive={
      {
        "desktop": 4,
        "mobile": 2,
        "tablet": 3,
      }
    }
    style={
      {
        "flexDirection": "row",
        "flexWrap": "wrap",
        "justifyContent": "space-between",
        "marginBottom": 20,
      }
    }
    testID="responsive-grid"
  >
    <TouchableOpacity
      accessibilityLabel="Find plumbing contractors"
      accessibilityRole="button"
      onPress={[Function]}
      style={
        {
          "alignItems": "center",
          "backgroundColor": "#FFFFFF",
          "borderRadius": 16,
          "elevation": 5,
          "marginBottom": 12,
          "padding": 16,
          "shadowColor": "#000",
          "shadowOffset": {
            "height": 2,
            "width": 0,
          },
          "shadowOpacity": 0.1,
          "shadowRadius": 3.84,
          "width": "48%",
        }
      }
    >
      <View
        style={
          [
            {
              "alignItems": "center",
              "borderRadius": 24,
              "height": 48,
              "justifyContent": "center",
              "marginBottom": 12,
              "width": 48,
            },
            {
              "backgroundColor": "#60A5FA",
            },
          ]
        }
      >
        <Text
          accessibilityLabel="Icon: water, size: 24, color: #2563EB"
          testID="icon-water"
        >
          water
        </Text>
      </View>
      <Text
        style={
          {
            "color": "#0F172A",
            "fontSize": 16,
            "fontWeight": "600",
            "marginBottom": 4,
            "textAlign": "center",
          }
        }
      >
        Plumbing
      </Text>
      <Text
        style={
          {
            "color": "#475569",
            "fontSize": 12,
            "lineHeight": 16,
            "textAlign": "center",
          }
        }
      >
        Leaks, pipes, drains
      </Text>
    </TouchableOpacity>
    <TouchableOpacity
      accessibilityLabel="Find electrical contractors"
      accessibilityRole="button"
      onPress={[Function]}
      style={
        {
          "alignItems": "center",
          "backgroundColor": "#FFFFFF",
          "borderRadius": 16,
          "elevation": 5,
          "marginBottom": 12,
          "padding": 16,
          "shadowColor": "#000",
          "shadowOffset": {
            "height": 2,
            "width": 0,
          },
          "shadowOpacity": 0.1,
          "shadowRadius": 3.84,
          "width": "48%",
        }
      }
    >
      <View
        style={
          [
            {
              "alignItems": "center",
              "borderRadius": 24,
              "height": 48,
              "justifyContent": "center",
              "marginBottom": 12,
              "width": 48,
            },
            {
              "backgroundColor": "#FBBF24",
            },
          ]
        }
      >
        <Text
          accessibilityLabel="Icon: flash, size: 24, color: #D97706"
          testID="icon-flash"
        >
          flash
        </Text>
      </View>
      <Text
        style={
          {
            "color": "#0F172A",
            "fontSize": 16,
            "fontWeight": "600",
            "marginBottom": 4,
            "textAlign": "center",
          }
        }
      >
        Electrical
      </Text>
      <Text
        style={
          {
            "color": "#475569",
            "fontSize": 12,
            "lineHeight": 16,
            "textAlign": "center",
          }
        }
      >
        Wiring, outlets, lights
      </Text>
    </TouchableOpacity>
    <TouchableOpacity
      accessibilityLabel="Find appliances contractors"
      accessibilityRole="button"
      onPress={[Function]}
      style={
        {
          "alignItems": "center",
          "backgroundColor": "#FFFFFF",
          "borderRadius": 16,
          "elevation": 5,
          "marginBottom": 12,
          "padding": 16,
          "shadowColor": "#000",
          "shadowOffset": {
            "height": 2,
            "width": 0,
          },
          "shadowOpacity": 0.1,
          "shadowRadius": 3.84,
          "width": "48%",
        }
      }
    >
      <View
        style={
          [
            {
              "alignItems": "center",
              "borderRadius": 24,
              "height": 48,
              "justifyContent": "center",
              "marginBottom": 12,
              "width": 48,
            },
            {
              "backgroundColor": "#F1F5F9",
            },
          ]
        }
      >
        <Text
          accessibilityLabel="Icon: home, size: 24, color: #0F172A"
          testID="icon-home"
        >
          home
        </Text>
      </View>
      <Text
        style={
          {
            "color": "#0F172A",
            "fontSize": 16,
            "fontWeight": "600",
            "marginBottom": 4,
            "textAlign": "center",
          }
        }
      >
        Appliances
      </Text>
      <Text
        style={
          {
            "color": "#475569",
            "fontSize": 12,
            "lineHeight": 16,
            "textAlign": "center",
          }
        }
      >
        Washer, fridge, oven
      </Text>
    </TouchableOpacity>
    <TouchableOpacity
      accessibilityLabel="Find hvac contractors"
      accessibilityRole="button"
      onPress={[Function]}
      style={
        {
          "alignItems": "center",
          "backgroundColor": "#FFFFFF",
          "borderRadius": 16,
          "elevation": 5,
          "marginBottom": 12,
          "padding": 16,
          "shadowColor": "#000",
          "shadowOffset": {
            "height": 2,
            "width": 0,
          },
          "shadowOpacity": 0.1,
          "shadowRadius": 3.84,
          "width": "48%",
        }
      }
    >
      <View
        style={
          [
            {
              "alignItems": "center",
              "borderRadius": 24,
              "height": 48,
              "justifyContent": "center",
              "marginBottom": 12,
              "width": 48,
            },
            {
              "backgroundColor": "#34D399",
            },
          ]
        }
      >
        <Text
          accessibilityLabel="Icon: snow, size: 24, color: #059669"
          testID="icon-snow"
        >
          snow
        </Text>
      </View>
      <Text
        style={
          {
            "color": "#0F172A",
            "fontSize": 16,
            "fontWeight": "600",
            "marginBottom": 4,
            "textAlign": "center",
          }
        }
      >
        HVAC
      </Text>
      <Text
        style={
          {
            "color": "#475569",
            "fontSize": 12,
            "lineHeight": 16,
            "textAlign": "center",
          }
        }
      >
        AC, heating, vents
      </Text>
    </TouchableOpacity>
  </View>
  <TouchableOpacity
    accessibilityLabel="Browse all services"
    accessibilityRole="button"
    onPress={[Function]}
    style={
      {
        "alignItems": "center",
        "backgroundColor": "#FFFFFF",
        "borderColor": "#F1F5F9",
        "borderRadius": 16,
        "borderWidth": 1,
        "flexDirection": "row",
        "gap": 8,
        "justifyContent": "center",
        "paddingHorizontal": 20,
        "paddingVertical": 16,
      }
    }
  >
    <Text
      accessibilityLabel="Icon: grid-outline, size: 20, color: #0F172A"
      testID="icon-grid-outline"
    >
      grid-outline
    </Text>
    <Text
      style={
        {
          "color": "#0F172A",
          "flex": 1,
          "fontSize": 16,
          "fontWeight": "600",
          "textAlign": "center",
        }
      }
    >
      Browse All Services
    </Text>
    <Text
      accessibilityLabel="Icon: arrow-forward, size: 16, color: #0F172A"
      testID="icon-arrow-forward"
    >
      arrow-forward
    </Text>
  </TouchableOpacity>
</View>
`;

exports[`QuickServices Component Snapshots should match snapshot with custom handlers 1`] = `
<View
  style={
    {
      "marginBottom": 32,
    }
  }
>
  <Text
    style={
      {
        "color": "#0F172A",
        "fontSize": 18,
        "fontWeight": "700",
        "marginBottom": 4,
      }
    }
  >
    Need Help With?
  </Text>
  <Text
    style={
      {
        "color": "#475569",
        "fontSize": 14,
        "marginBottom": 16,
      }
    }
  >
    Quick access to common services
  </Text>
  <View
    columns={2}
    gap={16}
    responsive={
      {
        "desktop": 4,
        "mobile": 2,
        "tablet": 3,
      }
    }
    style={
      {
        "flexDirection": "row",
        "flexWrap": "wrap",
        "justifyContent": "space-between",
        "marginBottom": 20,
      }
    }
    testID="responsive-grid"
  >
    <TouchableOpacity
      accessibilityLabel="Find plumbing contractors"
      accessibilityRole="button"
      onPress={[Function]}
      style={
        {
          "alignItems": "center",
          "backgroundColor": "#FFFFFF",
          "borderRadius": 16,
          "elevation": 5,
          "marginBottom": 12,
          "padding": 16,
          "shadowColor": "#000",
          "shadowOffset": {
            "height": 2,
            "width": 0,
          },
          "shadowOpacity": 0.1,
          "shadowRadius": 3.84,
          "width": "48%",
        }
      }
    >
      <View
        style={
          [
            {
              "alignItems": "center",
              "borderRadius": 24,
              "height": 48,
              "justifyContent": "center",
              "marginBottom": 12,
              "width": 48,
            },
            {
              "backgroundColor": "#60A5FA",
            },
          ]
        }
      >
        <Text
          accessibilityLabel="Icon: water, size: 24, color: #2563EB"
          testID="icon-water"
        >
          water
        </Text>
      </View>
      <Text
        style={
          {
            "color": "#0F172A",
            "fontSize": 16,
            "fontWeight": "600",
            "marginBottom": 4,
            "textAlign": "center",
          }
        }
      >
        Plumbing
      </Text>
      <Text
        style={
          {
            "color": "#475569",
            "fontSize": 12,
            "lineHeight": 16,
            "textAlign": "center",
          }
        }
      >
        Leaks, pipes, drains
      </Text>
    </TouchableOpacity>
    <TouchableOpacity
      accessibilityLabel="Find electrical contractors"
      accessibilityRole="button"
      onPress={[Function]}
      style={
        {
          "alignItems": "center",
          "backgroundColor": "#FFFFFF",
          "borderRadius": 16,
          "elevation": 5,
          "marginBottom": 12,
          "padding": 16,
          "shadowColor": "#000",
          "shadowOffset": {
            "height": 2,
            "width": 0,
          },
          "shadowOpacity": 0.1,
          "shadowRadius": 3.84,
          "width": "48%",
        }
      }
    >
      <View
        style={
          [
            {
              "alignItems": "center",
              "borderRadius": 24,
              "height": 48,
              "justifyContent": "center",
              "marginBottom": 12,
              "width": 48,
            },
            {
              "backgroundColor": "#FBBF24",
            },
          ]
        }
      >
        <Text
          accessibilityLabel="Icon: flash, size: 24, color: #D97706"
          testID="icon-flash"
        >
          flash
        </Text>
      </View>
      <Text
        style={
          {
            "color": "#0F172A",
            "fontSize": 16,
            "fontWeight": "600",
            "marginBottom": 4,
            "textAlign": "center",
          }
        }
      >
        Electrical
      </Text>
      <Text
        style={
          {
            "color": "#475569",
            "fontSize": 12,
            "lineHeight": 16,
            "textAlign": "center",
          }
        }
      >
        Wiring, outlets, lights
      </Text>
    </TouchableOpacity>
    <TouchableOpacity
      accessibilityLabel="Find appliances contractors"
      accessibilityRole="button"
      onPress={[Function]}
      style={
        {
          "alignItems": "center",
          "backgroundColor": "#FFFFFF",
          "borderRadius": 16,
          "elevation": 5,
          "marginBottom": 12,
          "padding": 16,
          "shadowColor": "#000",
          "shadowOffset": {
            "height": 2,
            "width": 0,
          },
          "shadowOpacity": 0.1,
          "shadowRadius": 3.84,
          "width": "48%",
        }
      }
    >
      <View
        style={
          [
            {
              "alignItems": "center",
              "borderRadius": 24,
              "height": 48,
              "justifyContent": "center",
              "marginBottom": 12,
              "width": 48,
            },
            {
              "backgroundColor": "#F1F5F9",
            },
          ]
        }
      >
        <Text
          accessibilityLabel="Icon: home, size: 24, color: #0F172A"
          testID="icon-home"
        >
          home
        </Text>
      </View>
      <Text
        style={
          {
            "color": "#0F172A",
            "fontSize": 16,
            "fontWeight": "600",
            "marginBottom": 4,
            "textAlign": "center",
          }
        }
      >
        Appliances
      </Text>
      <Text
        style={
          {
            "color": "#475569",
            "fontSize": 12,
            "lineHeight": 16,
            "textAlign": "center",
          }
        }
      >
        Washer, fridge, oven
      </Text>
    </TouchableOpacity>
    <TouchableOpacity
      accessibilityLabel="Find hvac contractors"
      accessibilityRole="button"
      onPress={[Function]}
      style={
        {
          "alignItems": "center",
          "backgroundColor": "#FFFFFF",
          "borderRadius": 16,
          "elevation": 5,
          "marginBottom": 12,
          "padding": 16,
          "shadowColor": "#000",
          "shadowOffset": {
            "height": 2,
            "width": 0,
          },
          "shadowOpacity": 0.1,
          "shadowRadius": 3.84,
          "width": "48%",
        }
      }
    >
      <View
        style={
          [
            {
              "alignItems": "center",
              "borderRadius": 24,
              "height": 48,
              "justifyContent": "center",
              "marginBottom": 12,
              "width": 48,
            },
            {
              "backgroundColor": "#34D399",
            },
          ]
        }
      >
        <Text
          accessibilityLabel="Icon: snow, size: 24, color: #059669"
          testID="icon-snow"
        >
          snow
        </Text>
      </View>
      <Text
        style={
          {
            "color": "#0F172A",
            "fontSize": 16,
            "fontWeight": "600",
            "marginBottom": 4,
            "textAlign": "center",
          }
        }
      >
        HVAC
      </Text>
      <Text
        style={
          {
            "color": "#475569",
            "fontSize": 12,
            "lineHeight": 16,
            "textAlign": "center",
          }
        }
      >
        AC, heating, vents
      </Text>
    </TouchableOpacity>
  </View>
  <TouchableOpacity
    accessibilityLabel="Browse all services"
    accessibilityRole="button"
    onPress={[Function]}
    style={
      {
        "alignItems": "center",
        "backgroundColor": "#FFFFFF",
        "borderColor": "#F1F5F9",
        "borderRadius": 16,
        "borderWidth": 1,
        "flexDirection": "row",
        "gap": 8,
        "justifyContent": "center",
        "paddingHorizontal": 20,
        "paddingVertical": 16,
      }
    }
  >
    <Text
      accessibilityLabel="Icon: grid-outline, size: 20, color: #0F172A"
      testID="icon-grid-outline"
    >
      grid-outline
    </Text>
    <Text
      style={
        {
          "color": "#0F172A",
          "flex": 1,
          "fontSize": 16,
          "fontWeight": "600",
          "textAlign": "center",
        }
      }
    >
      Browse All Services
    </Text>
    <Text
      accessibilityLabel="Icon: arrow-forward, size: 16, color: #0F172A"
      testID="icon-arrow-forward"
    >
      arrow-forward
    </Text>
  </TouchableOpacity>
</View>
`;
