// Jest Snapshot v1, https://goo.gl/fbAQLP

exports[`WelcomeBanner Rendering should match snapshot with null user 1`] = `
<View
  style={
    {
      "backgroundColor": undefined,
      "paddingBottom": 8,
      "paddingHorizontal": 24,
      "paddingTop": 4,
    }
  }
>
  <View
    style={
      {
        "alignItems": "center",
        "backgroundColor": undefined,
        "borderColor": undefined,
        "borderRadius": 16,
        "borderWidth": 1,
        "elevation": 2,
        "flexDirection": "row",
        "paddingHorizontal": 14,
        "paddingVertical": 12,
        "shadowColor": "#000000",
        "shadowOffset": {
          "height": 2,
          "width": 0,
        },
        "shadowOpacity": 0.06,
        "shadowRadius": 8,
      }
    }
  >
    <TouchableOpacity
      accessibilityLabel="Request a service"
      accessibilityRole="button"
      activeOpacity={0.7}
      style={
        {
          "alignItems": "center",
          "backgroundColor": "#007AFF",
          "borderRadius": 18,
          "height": 36,
          "justifyContent": "center",
          "marginRight": 12,
          "width": 36,
        }
      }
    >
      <Ionicons
        color="#FFFFFF"
        name="search"
        size={18}
      />
    </TouchableOpacity>
    <View
      style={
        {
          "alignItems": "center",
          "flex": 1,
          "flexDirection": "row",
        }
      }
    >
      <TouchableOpacity
        activeOpacity={0.6}
        style={
          {
            "alignItems": "center",
            "flex": 1,
          }
        }
      >
        <Text
          style={
            {
              "color": undefined,
              "fontSize": 11,
              "fontWeight": "600",
              "letterSpacing": 0.5,
              "textTransform": "uppercase",
            }
          }
        >
          Property
        </Text>
        <Text
          numberOfLines={1}
          style={
            [
              {
                "color": undefined,
                "fontSize": 13,
                "marginTop": 1,
              },
              null,
            ]
          }
        >
          Select
        </Text>
      </TouchableOpacity>
      <View
        style={
          {
            "backgroundColor": undefined,
            "height": 28,
            "width": 1,
          }
        }
      />
      <TouchableOpacity
        activeOpacity={0.6}
        style={
          {
            "alignItems": "center",
            "flex": 1,
          }
        }
      >
        <Text
          style={
            {
              "color": undefined,
              "fontSize": 11,
              "fontWeight": "600",
              "letterSpacing": 0.5,
              "textTransform": "uppercase",
            }
          }
        >
          Urgency
        </Text>
        <Text
          numberOfLines={1}
          style={
            [
              {
                "color": undefined,
                "fontSize": 13,
                "marginTop": 1,
              },
              null,
            ]
          }
        >
          Medium
        </Text>
      </TouchableOpacity>
      <View
        style={
          {
            "backgroundColor": undefined,
            "height": 28,
            "width": 1,
          }
        }
      />
      <TouchableOpacity
        activeOpacity={0.6}
        style={
          {
            "alignItems": "center",
            "flex": 1,
          }
        }
      >
        <Text
          style={
            {
              "color": undefined,
              "fontSize": 11,
              "fontWeight": "600",
              "letterSpacing": 0.5,
              "textTransform": "uppercase",
            }
          }
        >
          Service
        </Text>
        <Text
          numberOfLines={1}
          style={
            {
              "color": undefined,
              "fontSize": 13,
              "marginTop": 1,
            }
          }
        >
          Browse all
        </Text>
      </TouchableOpacity>
    </View>
  </View>
</View>
`;

exports[`WelcomeBanner Rendering should match snapshot with valid user 1`] = `
<View
  style={
    {
      "backgroundColor": undefined,
      "paddingBottom": 8,
      "paddingHorizontal": 24,
      "paddingTop": 4,
    }
  }
>
  <View
    style={
      {
        "alignItems": "center",
        "backgroundColor": undefined,
        "borderColor": undefined,
        "borderRadius": 16,
        "borderWidth": 1,
        "elevation": 2,
        "flexDirection": "row",
        "paddingHorizontal": 14,
        "paddingVertical": 12,
        "shadowColor": "#000000",
        "shadowOffset": {
          "height": 2,
          "width": 0,
        },
        "shadowOpacity": 0.06,
        "shadowRadius": 8,
      }
    }
  >
    <TouchableOpacity
      accessibilityLabel="Request a service"
      accessibilityRole="button"
      activeOpacity={0.7}
      style={
        {
          "alignItems": "center",
          "backgroundColor": "#007AFF",
          "borderRadius": 18,
          "height": 36,
          "justifyContent": "center",
          "marginRight": 12,
          "width": 36,
        }
      }
    >
      <Ionicons
        color="#FFFFFF"
        name="search"
        size={18}
      />
    </TouchableOpacity>
    <View
      style={
        {
          "alignItems": "center",
          "flex": 1,
          "flexDirection": "row",
        }
      }
    >
      <TouchableOpacity
        activeOpacity={0.6}
        style={
          {
            "alignItems": "center",
            "flex": 1,
          }
        }
      >
        <Text
          style={
            {
              "color": undefined,
              "fontSize": 11,
              "fontWeight": "600",
              "letterSpacing": 0.5,
              "textTransform": "uppercase",
            }
          }
        >
          Property
        </Text>
        <Text
          numberOfLines={1}
          style={
            [
              {
                "color": undefined,
                "fontSize": 13,
                "marginTop": 1,
              },
              null,
            ]
          }
        >
          Select
        </Text>
      </TouchableOpacity>
      <View
        style={
          {
            "backgroundColor": undefined,
            "height": 28,
            "width": 1,
          }
        }
      />
      <TouchableOpacity
        activeOpacity={0.6}
        style={
          {
            "alignItems": "center",
            "flex": 1,
          }
        }
      >
        <Text
          style={
            {
              "color": undefined,
              "fontSize": 11,
              "fontWeight": "600",
              "letterSpacing": 0.5,
              "textTransform": "uppercase",
            }
          }
        >
          Urgency
        </Text>
        <Text
          numberOfLines={1}
          style={
            [
              {
                "color": undefined,
                "fontSize": 13,
                "marginTop": 1,
              },
              null,
            ]
          }
        >
          Medium
        </Text>
      </TouchableOpacity>
      <View
        style={
          {
            "backgroundColor": undefined,
            "height": 28,
            "width": 1,
          }
        }
      />
      <TouchableOpacity
        activeOpacity={0.6}
        style={
          {
            "alignItems": "center",
            "flex": 1,
          }
        }
      >
        <Text
          style={
            {
              "color": undefined,
              "fontSize": 11,
              "fontWeight": "600",
              "letterSpacing": 0.5,
              "textTransform": "uppercase",
            }
          }
        >
          Service
        </Text>
        <Text
          numberOfLines={1}
          style={
            {
              "color": undefined,
              "fontSize": 13,
              "marginTop": 1,
            }
          }
        >
          Browse all
        </Text>
      </TouchableOpacity>
    </View>
  </View>
</View>
`;

exports[`WelcomeBanner Snapshots should match snapshot with contractor user 1`] = `
<View
  style={
    {
      "backgroundColor": undefined,
      "paddingBottom": 8,
      "paddingHorizontal": 24,
      "paddingTop": 4,
    }
  }
>
  <View
    style={
      {
        "alignItems": "center",
        "backgroundColor": undefined,
        "borderColor": undefined,
        "borderRadius": 16,
        "borderWidth": 1,
        "elevation": 2,
        "flexDirection": "row",
        "paddingHorizontal": 14,
        "paddingVertical": 12,
        "shadowColor": "#000000",
        "shadowOffset": {
          "height": 2,
          "width": 0,
        },
        "shadowOpacity": 0.06,
        "shadowRadius": 8,
      }
    }
  >
    <TouchableOpacity
      accessibilityLabel="Request a service"
      accessibilityRole="button"
      activeOpacity={0.7}
      style={
        {
          "alignItems": "center",
          "backgroundColor": "#007AFF",
          "borderRadius": 18,
          "height": 36,
          "justifyContent": "center",
          "marginRight": 12,
          "width": 36,
        }
      }
    >
      <Ionicons
        color="#FFFFFF"
        name="search"
        size={18}
      />
    </TouchableOpacity>
    <View
      style={
        {
          "alignItems": "center",
          "flex": 1,
          "flexDirection": "row",
        }
      }
    >
      <TouchableOpacity
        activeOpacity={0.6}
        style={
          {
            "alignItems": "center",
            "flex": 1,
          }
        }
      >
        <Text
          style={
            {
              "color": undefined,
              "fontSize": 11,
              "fontWeight": "600",
              "letterSpacing": 0.5,
              "textTransform": "uppercase",
            }
          }
        >
          Property
        </Text>
        <Text
          numberOfLines={1}
          style={
            [
              {
                "color": undefined,
                "fontSize": 13,
                "marginTop": 1,
              },
              null,
            ]
          }
        >
          Select
        </Text>
      </TouchableOpacity>
      <View
        style={
          {
            "backgroundColor": undefined,
            "height": 28,
            "width": 1,
          }
        }
      />
      <TouchableOpacity
        activeOpacity={0.6}
        style={
          {
            "alignItems": "center",
            "flex": 1,
          }
        }
      >
        <Text
          style={
            {
              "color": undefined,
              "fontSize": 11,
              "fontWeight": "600",
              "letterSpacing": 0.5,
              "textTransform": "uppercase",
            }
          }
        >
          Urgency
        </Text>
        <Text
          numberOfLines={1}
          style={
            [
              {
                "color": undefined,
                "fontSize": 13,
                "marginTop": 1,
              },
              null,
            ]
          }
        >
          Medium
        </Text>
      </TouchableOpacity>
      <View
        style={
          {
            "backgroundColor": undefined,
            "height": 28,
            "width": 1,
          }
        }
      />
      <TouchableOpacity
        activeOpacity={0.6}
        style={
          {
            "alignItems": "center",
            "flex": 1,
          }
        }
      >
        <Text
          style={
            {
              "color": undefined,
              "fontSize": 11,
              "fontWeight": "600",
              "letterSpacing": 0.5,
              "textTransform": "uppercase",
            }
          }
        >
          Service
        </Text>
        <Text
          numberOfLines={1}
          style={
            {
              "color": undefined,
              "fontSize": 13,
              "marginTop": 1,
            }
          }
        >
          Browse all
        </Text>
      </TouchableOpacity>
    </View>
  </View>
</View>
`;

exports[`WelcomeBanner Snapshots should match snapshot with different user names 1`] = `
<View
  style={
    {
      "backgroundColor": undefined,
      "paddingBottom": 8,
      "paddingHorizontal": 24,
      "paddingTop": 4,
    }
  }
>
  <View
    style={
      {
        "alignItems": "center",
        "backgroundColor": undefined,
        "borderColor": undefined,
        "borderRadius": 16,
        "borderWidth": 1,
        "elevation": 2,
        "flexDirection": "row",
        "paddingHorizontal": 14,
        "paddingVertical": 12,
        "shadowColor": "#000000",
        "shadowOffset": {
          "height": 2,
          "width": 0,
        },
        "shadowOpacity": 0.06,
        "shadowRadius": 8,
      }
    }
  >
    <TouchableOpacity
      accessibilityLabel="Request a service"
      accessibilityRole="button"
      activeOpacity={0.7}
      style={
        {
          "alignItems": "center",
          "backgroundColor": "#007AFF",
          "borderRadius": 18,
          "height": 36,
          "justifyContent": "center",
          "marginRight": 12,
          "width": 36,
        }
      }
    >
      <Ionicons
        color="#FFFFFF"
        name="search"
        size={18}
      />
    </TouchableOpacity>
    <View
      style={
        {
          "alignItems": "center",
          "flex": 1,
          "flexDirection": "row",
        }
      }
    >
      <TouchableOpacity
        activeOpacity={0.6}
        style={
          {
            "alignItems": "center",
            "flex": 1,
          }
        }
      >
        <Text
          style={
            {
              "color": undefined,
              "fontSize": 11,
              "fontWeight": "600",
              "letterSpacing": 0.5,
              "textTransform": "uppercase",
            }
          }
        >
          Property
        </Text>
        <Text
          numberOfLines={1}
          style={
            [
              {
                "color": undefined,
                "fontSize": 13,
                "marginTop": 1,
              },
              null,
            ]
          }
        >
          Select
        </Text>
      </TouchableOpacity>
      <View
        style={
          {
            "backgroundColor": undefined,
            "height": 28,
            "width": 1,
          }
        }
      />
      <TouchableOpacity
        activeOpacity={0.6}
        style={
          {
            "alignItems": "center",
            "flex": 1,
          }
        }
      >
        <Text
          style={
            {
              "color": undefined,
              "fontSize": 11,
              "fontWeight": "600",
              "letterSpacing": 0.5,
              "textTransform": "uppercase",
            }
          }
        >
          Urgency
        </Text>
        <Text
          numberOfLines={1}
          style={
            [
              {
                "color": undefined,
                "fontSize": 13,
                "marginTop": 1,
              },
              null,
            ]
          }
        >
          Medium
        </Text>
      </TouchableOpacity>
      <View
        style={
          {
            "backgroundColor": undefined,
            "height": 28,
            "width": 1,
          }
        }
      />
      <TouchableOpacity
        activeOpacity={0.6}
        style={
          {
            "alignItems": "center",
            "flex": 1,
          }
        }
      >
        <Text
          style={
            {
              "color": undefined,
              "fontSize": 11,
              "fontWeight": "600",
              "letterSpacing": 0.5,
              "textTransform": "uppercase",
            }
          }
        >
          Service
        </Text>
        <Text
          numberOfLines={1}
          style={
            {
              "color": undefined,
              "fontSize": 13,
              "marginTop": 1,
            }
          }
        >
          Browse all
        </Text>
      </TouchableOpacity>
    </View>
  </View>
</View>
`;

exports[`WelcomeBanner Snapshots should match snapshot with different user names 2`] = `
<View
  style={
    {
      "backgroundColor": undefined,
      "paddingBottom": 8,
      "paddingHorizontal": 24,
      "paddingTop": 4,
    }
  }
>
  <View
    style={
      {
        "alignItems": "center",
        "backgroundColor": undefined,
        "borderColor": undefined,
        "borderRadius": 16,
        "borderWidth": 1,
        "elevation": 2,
        "flexDirection": "row",
        "paddingHorizontal": 14,
        "paddingVertical": 12,
        "shadowColor": "#000000",
        "shadowOffset": {
          "height": 2,
          "width": 0,
        },
        "shadowOpacity": 0.06,
        "shadowRadius": 8,
      }
    }
  >
    <TouchableOpacity
      accessibilityLabel="Request a service"
      accessibilityRole="button"
      activeOpacity={0.7}
      style={
        {
          "alignItems": "center",
          "backgroundColor": "#007AFF",
          "borderRadius": 18,
          "height": 36,
          "justifyContent": "center",
          "marginRight": 12,
          "width": 36,
        }
      }
    >
      <Ionicons
        color="#FFFFFF"
        name="search"
        size={18}
      />
    </TouchableOpacity>
    <View
      style={
        {
          "alignItems": "center",
          "flex": 1,
          "flexDirection": "row",
        }
      }
    >
      <TouchableOpacity
        activeOpacity={0.6}
        style={
          {
            "alignItems": "center",
            "flex": 1,
          }
        }
      >
        <Text
          style={
            {
              "color": undefined,
              "fontSize": 11,
              "fontWeight": "600",
              "letterSpacing": 0.5,
              "textTransform": "uppercase",
            }
          }
        >
          Property
        </Text>
        <Text
          numberOfLines={1}
          style={
            [
              {
                "color": undefined,
                "fontSize": 13,
                "marginTop": 1,
              },
              null,
            ]
          }
        >
          Select
        </Text>
      </TouchableOpacity>
      <View
        style={
          {
            "backgroundColor": undefined,
            "height": 28,
            "width": 1,
          }
        }
      />
      <TouchableOpacity
        activeOpacity={0.6}
        style={
          {
            "alignItems": "center",
            "flex": 1,
          }
        }
      >
        <Text
          style={
            {
              "color": undefined,
              "fontSize": 11,
              "fontWeight": "600",
              "letterSpacing": 0.5,
              "textTransform": "uppercase",
            }
          }
        >
          Urgency
        </Text>
        <Text
          numberOfLines={1}
          style={
            [
              {
                "color": undefined,
                "fontSize": 13,
                "marginTop": 1,
              },
              null,
            ]
          }
        >
          Medium
        </Text>
      </TouchableOpacity>
      <View
        style={
          {
            "backgroundColor": undefined,
            "height": 28,
            "width": 1,
          }
        }
      />
      <TouchableOpacity
        activeOpacity={0.6}
        style={
          {
            "alignItems": "center",
            "flex": 1,
          }
        }
      >
        <Text
          style={
            {
              "color": undefined,
              "fontSize": 11,
              "fontWeight": "600",
              "letterSpacing": 0.5,
              "textTransform": "uppercase",
            }
          }
        >
          Service
        </Text>
        <Text
          numberOfLines={1}
          style={
            {
              "color": undefined,
              "fontSize": 13,
              "marginTop": 1,
            }
          }
        >
          Browse all
        </Text>
      </TouchableOpacity>
    </View>
  </View>
</View>
`;

exports[`WelcomeBanner Snapshots should match snapshot with empty firstName 1`] = `
<View
  style={
    {
      "backgroundColor": undefined,
      "paddingBottom": 8,
      "paddingHorizontal": 24,
      "paddingTop": 4,
    }
  }
>
  <View
    style={
      {
        "alignItems": "center",
        "backgroundColor": undefined,
        "borderColor": undefined,
        "borderRadius": 16,
        "borderWidth": 1,
        "elevation": 2,
        "flexDirection": "row",
        "paddingHorizontal": 14,
        "paddingVertical": 12,
        "shadowColor": "#000000",
        "shadowOffset": {
          "height": 2,
          "width": 0,
        },
        "shadowOpacity": 0.06,
        "shadowRadius": 8,
      }
    }
  >
    <TouchableOpacity
      accessibilityLabel="Request a service"
      accessibilityRole="button"
      activeOpacity={0.7}
      style={
        {
          "alignItems": "center",
          "backgroundColor": "#007AFF",
          "borderRadius": 18,
          "height": 36,
          "justifyContent": "center",
          "marginRight": 12,
          "width": 36,
        }
      }
    >
      <Ionicons
        color="#FFFFFF"
        name="search"
        size={18}
      />
    </TouchableOpacity>
    <View
      style={
        {
          "alignItems": "center",
          "flex": 1,
          "flexDirection": "row",
        }
      }
    >
      <TouchableOpacity
        activeOpacity={0.6}
        style={
          {
            "alignItems": "center",
            "flex": 1,
          }
        }
      >
        <Text
          style={
            {
              "color": undefined,
              "fontSize": 11,
              "fontWeight": "600",
              "letterSpacing": 0.5,
              "textTransform": "uppercase",
            }
          }
        >
          Property
        </Text>
        <Text
          numberOfLines={1}
          style={
            [
              {
                "color": undefined,
                "fontSize": 13,
                "marginTop": 1,
              },
              null,
            ]
          }
        >
          Select
        </Text>
      </TouchableOpacity>
      <View
        style={
          {
            "backgroundColor": undefined,
            "height": 28,
            "width": 1,
          }
        }
      />
      <TouchableOpacity
        activeOpacity={0.6}
        style={
          {
            "alignItems": "center",
            "flex": 1,
          }
        }
      >
        <Text
          style={
            {
              "color": undefined,
              "fontSize": 11,
              "fontWeight": "600",
              "letterSpacing": 0.5,
              "textTransform": "uppercase",
            }
          }
        >
          Urgency
        </Text>
        <Text
          numberOfLines={1}
          style={
            [
              {
                "color": undefined,
                "fontSize": 13,
                "marginTop": 1,
              },
              null,
            ]
          }
        >
          Medium
        </Text>
      </TouchableOpacity>
      <View
        style={
          {
            "backgroundColor": undefined,
            "height": 28,
            "width": 1,
          }
        }
      />
      <TouchableOpacity
        activeOpacity={0.6}
        style={
          {
            "alignItems": "center",
            "flex": 1,
          }
        }
      >
        <Text
          style={
            {
              "color": undefined,
              "fontSize": 11,
              "fontWeight": "600",
              "letterSpacing": 0.5,
              "textTransform": "uppercase",
            }
          }
        >
          Service
        </Text>
        <Text
          numberOfLines={1}
          style={
            {
              "color": undefined,
              "fontSize": 13,
              "marginTop": 1,
            }
          }
        >
          Browse all
        </Text>
      </TouchableOpacity>
    </View>
  </View>
</View>
`;

exports[`WelcomeBanner Snapshots should match snapshot with homeowner user 1`] = `
<View
  style={
    {
      "backgroundColor": undefined,
      "paddingBottom": 8,
      "paddingHorizontal": 24,
      "paddingTop": 4,
    }
  }
>
  <View
    style={
      {
        "alignItems": "center",
        "backgroundColor": undefined,
        "borderColor": undefined,
        "borderRadius": 16,
        "borderWidth": 1,
        "elevation": 2,
        "flexDirection": "row",
        "paddingHorizontal": 14,
        "paddingVertical": 12,
        "shadowColor": "#000000",
        "shadowOffset": {
          "height": 2,
          "width": 0,
        },
        "shadowOpacity": 0.06,
        "shadowRadius": 8,
      }
    }
  >
    <TouchableOpacity
      accessibilityLabel="Request a service"
      accessibilityRole="button"
      activeOpacity={0.7}
      style={
        {
          "alignItems": "center",
          "backgroundColor": "#007AFF",
          "borderRadius": 18,
          "height": 36,
          "justifyContent": "center",
          "marginRight": 12,
          "width": 36,
        }
      }
    >
      <Ionicons
        color="#FFFFFF"
        name="search"
        size={18}
      />
    </TouchableOpacity>
    <View
      style={
        {
          "alignItems": "center",
          "flex": 1,
          "flexDirection": "row",
        }
      }
    >
      <TouchableOpacity
        activeOpacity={0.6}
        style={
          {
            "alignItems": "center",
            "flex": 1,
          }
        }
      >
        <Text
          style={
            {
              "color": undefined,
              "fontSize": 11,
              "fontWeight": "600",
              "letterSpacing": 0.5,
              "textTransform": "uppercase",
            }
          }
        >
          Property
        </Text>
        <Text
          numberOfLines={1}
          style={
            [
              {
                "color": undefined,
                "fontSize": 13,
                "marginTop": 1,
              },
              null,
            ]
          }
        >
          Select
        </Text>
      </TouchableOpacity>
      <View
        style={
          {
            "backgroundColor": undefined,
            "height": 28,
            "width": 1,
          }
        }
      />
      <TouchableOpacity
        activeOpacity={0.6}
        style={
          {
            "alignItems": "center",
            "flex": 1,
          }
        }
      >
        <Text
          style={
            {
              "color": undefined,
              "fontSize": 11,
              "fontWeight": "600",
              "letterSpacing": 0.5,
              "textTransform": "uppercase",
            }
          }
        >
          Urgency
        </Text>
        <Text
          numberOfLines={1}
          style={
            [
              {
                "color": undefined,
                "fontSize": 13,
                "marginTop": 1,
              },
              null,
            ]
          }
        >
          Medium
        </Text>
      </TouchableOpacity>
      <View
        style={
          {
            "backgroundColor": undefined,
            "height": 28,
            "width": 1,
          }
        }
      />
      <TouchableOpacity
        activeOpacity={0.6}
        style={
          {
            "alignItems": "center",
            "flex": 1,
          }
        }
      >
        <Text
          style={
            {
              "color": undefined,
              "fontSize": 11,
              "fontWeight": "600",
              "letterSpacing": 0.5,
              "textTransform": "uppercase",
            }
          }
        >
          Service
        </Text>
        <Text
          numberOfLines={1}
          style={
            {
              "color": undefined,
              "fontSize": 13,
              "marginTop": 1,
            }
          }
        >
          Browse all
        </Text>
      </TouchableOpacity>
    </View>
  </View>
</View>
`;

exports[`WelcomeBanner Snapshots should match snapshot with long firstName 1`] = `
<View
  style={
    {
      "backgroundColor": undefined,
      "paddingBottom": 8,
      "paddingHorizontal": 24,
      "paddingTop": 4,
    }
  }
>
  <View
    style={
      {
        "alignItems": "center",
        "backgroundColor": undefined,
        "borderColor": undefined,
        "borderRadius": 16,
        "borderWidth": 1,
        "elevation": 2,
        "flexDirection": "row",
        "paddingHorizontal": 14,
        "paddingVertical": 12,
        "shadowColor": "#000000",
        "shadowOffset": {
          "height": 2,
          "width": 0,
        },
        "shadowOpacity": 0.06,
        "shadowRadius": 8,
      }
    }
  >
    <TouchableOpacity
      accessibilityLabel="Request a service"
      accessibilityRole="button"
      activeOpacity={0.7}
      style={
        {
          "alignItems": "center",
          "backgroundColor": "#007AFF",
          "borderRadius": 18,
          "height": 36,
          "justifyContent": "center",
          "marginRight": 12,
          "width": 36,
        }
      }
    >
      <Ionicons
        color="#FFFFFF"
        name="search"
        size={18}
      />
    </TouchableOpacity>
    <View
      style={
        {
          "alignItems": "center",
          "flex": 1,
          "flexDirection": "row",
        }
      }
    >
      <TouchableOpacity
        activeOpacity={0.6}
        style={
          {
            "alignItems": "center",
            "flex": 1,
          }
        }
      >
        <Text
          style={
            {
              "color": undefined,
              "fontSize": 11,
              "fontWeight": "600",
              "letterSpacing": 0.5,
              "textTransform": "uppercase",
            }
          }
        >
          Property
        </Text>
        <Text
          numberOfLines={1}
          style={
            [
              {
                "color": undefined,
                "fontSize": 13,
                "marginTop": 1,
              },
              null,
            ]
          }
        >
          Select
        </Text>
      </TouchableOpacity>
      <View
        style={
          {
            "backgroundColor": undefined,
            "height": 28,
            "width": 1,
          }
        }
      />
      <TouchableOpacity
        activeOpacity={0.6}
        style={
          {
            "alignItems": "center",
            "flex": 1,
          }
        }
      >
        <Text
          style={
            {
              "color": undefined,
              "fontSize": 11,
              "fontWeight": "600",
              "letterSpacing": 0.5,
              "textTransform": "uppercase",
            }
          }
        >
          Urgency
        </Text>
        <Text
          numberOfLines={1}
          style={
            [
              {
                "color": undefined,
                "fontSize": 13,
                "marginTop": 1,
              },
              null,
            ]
          }
        >
          Medium
        </Text>
      </TouchableOpacity>
      <View
        style={
          {
            "backgroundColor": undefined,
            "height": 28,
            "width": 1,
          }
        }
      />
      <TouchableOpacity
        activeOpacity={0.6}
        style={
          {
            "alignItems": "center",
            "flex": 1,
          }
        }
      >
        <Text
          style={
            {
              "color": undefined,
              "fontSize": 11,
              "fontWeight": "600",
              "letterSpacing": 0.5,
              "textTransform": "uppercase",
            }
          }
        >
          Service
        </Text>
        <Text
          numberOfLines={1}
          style={
            {
              "color": undefined,
              "fontSize": 13,
              "marginTop": 1,
            }
          }
        >
          Browse all
        </Text>
      </TouchableOpacity>
    </View>
  </View>
</View>
`;
