
> @mintenance/monorepo@1.2.4 test
> npm run test -w @mintenance/web && npm run test -w @mintenance/mobile apps/mobile/src/screens/meeting-schedule/components/__tests__/DateTimeSelector.test.tsx --coverage --verbose


> @mintenance/web@1.2.3 test
> vitest


[1m[46m RUN [49m[22m [36mv4.0.16 [39m[90mC:/Users/Djodjo.Nkouka.ERICCOLE/Downloads/mintenance-clean/apps/web[39m

 [31m×[39m app/contractor/dashboard-enhanced/components/__tests__/ContractorDashboardProfessional.test.tsx[2m > [22mContractorDashboardProfessional[2m > [22mshould render without crashing[32m 37[2mms[22m[39m
[31m   → Cannot destructure property 'contractor' of 'data' as it is undefined.[39m
 [31m×[39m app/contractor/dashboard-enhanced/components/__tests__/ContractorDashboardProfessional.test.tsx[2m > [22mContractorDashboardProfessional[2m > [22mshould handle user interactions[32m 8[2mms[22m[39m
[31m   → Cannot destructure property 'contractor' of 'data' as it is undefined.[39m
 [31m×[39m app/contractor/dashboard-enhanced/components/__tests__/ContractorDashboardProfessional.test.tsx[2m > [22mContractorDashboardProfessional[2m > [22mshould display correct data[32m 6[2mms[22m[39m
[31m   → Cannot destructure property 'contractor' of 'data' as it is undefined.[39m
 [31m×[39m app/contractor/dashboard-enhanced/components/__tests__/ContractorDashboardProfessional.test.tsx[2m > [22mContractorDashboardProfessional[2m > [22mshould handle edge cases[32m 10[2mms[22m[39m
[31m   → Cannot destructure property 'contractor' of 'data' as it is undefined.[39m
 [32m✓[39m app/jobs/[id]/edit/components/__tests__/RequirementsManager.test.tsx[2m > [22mRequirementsManager[2m > [22mrenders with empty requirements[32m 54[2mms[22m[39m
 [32m✓[39m app/jobs/[id]/edit/components/__tests__/RequirementsManager.test.tsx[2m > [22mRequirementsManager[2m > [22mrenders existing requirements[32m 18[2mms[22m[39m
 [32m✓[39m app/jobs/[id]/edit/components/__tests__/RequirementsManager.test.tsx[2m > [22mRequirementsManager[2m > [22madds a new requirement[32m 74[2mms[22m[39m
 [31m×[39m app/components/landing/hero-animation/__tests__/ContractorPhone.test.tsx[2m > [22mContractorPhone[2m > [22mshould render without crashing[32m 83[2mms[22m[39m
[31m   → [39m
 [31m×[39m app/components/landing/hero-animation/__tests__/ContractorPhone.test.tsx[2m > [22mContractorPhone[2m > [22mshould handle user interactions[32m 13[2mms[22m[39m
[31m   → Cannot read properties of undefined (reading 'matches')[39m
 [31m×[39m app/components/landing/hero-animation/__tests__/ContractorPhone.test.tsx[2m > [22mContractorPhone[2m > [22mshould display correct data[32m 10[2mms[22m[39m
[31m   → Cannot read properties of undefined (reading 'matches')[39m
 [31m×[39m app/components/landing/hero-animation/__tests__/ContractorPhone.test.tsx[2m > [22mContractorPhone[2m > [22mshould handle edge cases[32m 9[2mms[22m[39m
[31m   → Cannot read properties of undefined (reading 'matches')[39m
 [31m×[39m app/components/landing/__tests__/PricingSection2025.test.tsx[2m > [22mPricingSection2025[2m > [22mshould render without crashing[32m 134[2mms[22m[39m
[31m   → [39m
 [31m×[39m app/components/landing/__tests__/PricingSection2025.test.tsx[2m > [22mPricingSection2025[2m > [22mshould handle user interactions[32m 39[2mms[22m[39m
[31m   → Cannot read properties of undefined (reading 'matches')[39m
 [31m×[39m app/components/landing/hero-animation/__tests__/SuccessNotification.test.tsx[2m > [22mSuccessNotification[2m > [22mshould render without crashing[32m 76[2mms[22m[39m
[31m   → [39m
 [31m×[39m app/components/landing/hero-animation/__tests__/SuccessNotification.test.tsx[2m > [22mSuccessNotification[2m > [22mshould handle user interactions[32m 12[2mms[22m[39m
[31m   → Cannot read properties of undefined (reading 'matches')[39m
 [31m×[39m app/components/landing/hero-animation/__tests__/SuccessNotification.test.tsx[2m > [22mSuccessNotification[2m > [22mshould display correct data[32m 9[2mms[22m[39m
[31m   → Cannot read properties of undefined (reading 'matches')[39m
 [31m×[39m app/components/landing/hero-animation/__tests__/SuccessNotification.test.tsx[2m > [22mSuccessNotification[2m > [22mshould handle edge cases[32m 8[2mms[22m[39m
[31m   → Cannot read properties of undefined (reading 'matches')[39m
 [31m×[39m app/components/landing/__tests__/PricingSection2025.test.tsx[2m > [22mPricingSection2025[2m > [22mshould display correct data[32m 87[2mms[22m[39m
[31m   → Cannot read properties of undefined (reading 'matches')[39m
 [31m×[39m app/components/landing/__tests__/PricingSection2025.test.tsx[2m > [22mPricingSection2025[2m > [22mshould handle edge cases[32m 40[2mms[22m[39m
[31m   → Cannot read properties of undefined (reading 'matches')[39m
 [31m×[39m app/components/landing/hero-animation/__tests__/StoryBubbles.test.tsx[2m > [22mStoryBubbles[2m > [22mshould render without crashing[32m 176[2mms[22m[39m
[31m   → [39m
 [31m×[39m app/components/landing/hero-animation/__tests__/StoryBubbles.test.tsx[2m > [22mStoryBubbles[2m > [22mshould handle user interactions[32m 30[2mms[22m[39m
[31m   → Cannot read properties of undefined (reading 'matches')[39m
 [31m×[39m app/components/landing/hero-animation/__tests__/StoryBubbles.test.tsx[2m > [22mStoryBubbles[2m > [22mshould display correct data[32m 24[2mms[22m[39m
[31m   → Cannot read properties of undefined (reading 'matches')[39m
 [31m×[39m app/components/landing/hero-animation/__tests__/StoryBubbles.test.tsx[2m > [22mStoryBubbles[2m > [22mshould handle edge cases[32m 23[2mms[22m[39m
[31m   → Cannot read properties of undefined (reading 'matches')[39m
 [31m×[39m app/components/landing/hero-animation/__tests__/HomeownerCharacter.test.tsx[2m > [22mHomeownerCharacter[2m > [22mshould render without crashing[32m 162[2mms[22m[39m
[31m   → [39m
 [31m×[39m app/components/landing/hero-animation/__tests__/HomeownerCharacter.test.tsx[2m > [22mHomeownerCharacter[2m > [22mshould handle user interactions[32m 20[2mms[22m[39m
[31m   → Cannot read properties of undefined (reading 'matches')[39m
 [31m×[39m app/components/landing/hero-animation/__tests__/HomeownerCharacter.test.tsx[2m > [22mHomeownerCharacter[2m > [22mshould display correct data[32m 17[2mms[22m[39m
[31m   → Cannot read properties of undefined (reading 'matches')[39m
 [31m×[39m app/components/landing/hero-animation/__tests__/HomeownerCharacter.test.tsx[2m > [22mHomeownerCharacter[2m > [22mshould handle edge cases[32m 15[2mms[22m[39m
[31m   → Cannot read properties of undefined (reading 'matches')[39m
 [31m×[39m app/components/landing/__tests__/HowItWorksSection2025.test.tsx[2m > [22mHowItWorksSection2025[2m > [22mshould render without crashing[32m 117[2mms[22m[39m
[31m   → [39m
 [31m×[39m app/components/landing/__tests__/HowItWorksSection2025.test.tsx[2m > [22mHowItWorksSection2025[2m > [22mshould handle user interactions[32m 20[2mms[22m[39m
[31m   → Cannot read properties of undefined (reading 'matches')[39m
 [31m×[39m app/components/landing/__tests__/HowItWorksSection2025.test.tsx[2m > [22mHowItWorksSection2025[2m > [22mshould display correct data[32m 17[2mms[22m[39m
[31m   → Cannot read properties of undefined (reading 'matches')[39m
 [31m×[39m app/components/landing/__tests__/HowItWorksSection2025.test.tsx[2m > [22mHowItWorksSection2025[2m > [22mshould handle edge cases[32m 14[2mms[22m[39m
[31m   → Cannot read properties of undefined (reading 'matches')[39m
 [31m×[39m app/components/landing/hero-animation/__tests__/HeroAnimation.test.tsx[2m > [22mHeroAnimation[2m > [22mshould render without crashing[32m 222[2mms[22m[39m
[31m   → [39m
 [31m×[39m app/components/landing/hero-animation/__tests__/HeroAnimation.test.tsx[2m > [22mHeroAnimation[2m > [22mshould handle user interactions[32m 99[2mms[22m[39m
[31m   → [39m
 [31m×[39m app/components/landing/hero-animation/__tests__/ContractorCharacter.test.tsx[2m > [22mContractorCharacter[2m > [22mshould render without crashing[32m 132[2mms[22m[39m
[31m   → [39m
 [31m×[39m app/components/landing/hero-animation/__tests__/ContractorCharacter.test.tsx[2m > [22mContractorCharacter[2m > [22mshould handle user interactions[32m 29[2mms[22m[39m
[31m   → Cannot read properties of undefined (reading 'matches')[39m
 [31m×[39m app/components/landing/hero-animation/__tests__/ContractorCharacter.test.tsx[2m > [22mContractorCharacter[2m > [22mshould display correct data[32m 30[2mms[22m[39m
[31m   → Cannot read properties of undefined (reading 'matches')[39m
 [31m×[39m app/components/landing/hero-animation/__tests__/ContractorCharacter.test.tsx[2m > [22mContractorCharacter[2m > [22mshould handle edge cases[32m 18[2mms[22m[39m
[31m   → Cannot read properties of undefined (reading 'matches')[39m
 [31m×[39m app/components/landing/hero-animation/__tests__/HeroAnimation.test.tsx[2m > [22mHeroAnimation[2m > [22mshould display correct data[32m 155[2mms[22m[39m
[31m   → [39m
 [31m×[39m app/components/landing/hero-animation/__tests__/HeroAnimation.test.tsx[2m > [22mHeroAnimation[2m > [22mshould handle edge cases[32m 76[2mms[22m[39m
[31m   → [39m
 [31m×[39m app/jobs/[id]/edit/components/__tests__/RequirementsManager.test.tsx[2m > [22mRequirementsManager[2m > [22madds requirement on Enter key[33m 1072[2mms[22m[39m
[31m   → expected "vi.fn()" to be called with arguments: [ [ 'Enter key requirement' ] ][90m

Number of calls: [1m0[22m
[31m

Ignored nodes: comments, script, style
[36m<html>[31m
  [36m<head />[31m
  [36m<body>[31m
    [36m<div>[31m
      [36m<div[31m
        [33mclass[31m=[32m"space-y-4"[31m
      [36m>[31m
        [36m<div[31m
          [33mclass[31m=[32m"flex items-center justify-between"[31m
        [36m>[31m
          [36m<label[31m
            [33mclass[31m=[32m"block text-sm font-medium text-gray-700"[31m
          [36m>[31m
            [36m<svg[31m
              [33mclass[31m=[32m"lucide lucide-file-text inline-block h-4 w-4 mr-2"[31m
              [33mfill[31m=[32m"none"[31m
              [33mheight[31m=[32m"24"[31m
              [33mstroke[31m=[32m"currentColor"[31m
              [33mstroke-linecap[31m=[32m"round"[31m
              [33mstroke-linejoin[31m=[32m"round"[31m
              [33mstroke-width[31m=[32m"2"[31m
              [33mviewBox[31m=[32m"0 0 24 24"[31m
              [33mwidth[31m=[32m"24"[31m
              [33mxmlns[31m=[32m"http://www.w3.org/2000/svg"[31m
            [36m>[31m
              [36m<path[31m
                [33md[31m=[32m"M15 2H6a2 2 0 0 0-2 2v16a2 2 0 0 0 2 2h12a2 2 0 0 0 2-2V7Z"[31m
              [36m/>[31m
              [36m<path[31m
                [33md[31m=[32m"M14 2v4a2 2 0 0 0 2 2h4"[31m
              [36m/>[31m
              [36m<path[31m
                [33md[31m=[32m"M10 9H8"[31m
              [36m/>[31m
              [36m<path[31m
                [33md[31m=[32m"M16 13H8"[31m
              [36m/>[31m
              [36m<path[31m
                [33md[31m=[32m"M16 17H8"[31m
              [36m/>[31m
            [36m</svg>[31m
            [0mSpecial Requirements[0m
          [36m</label>[31m
          [36m<span[31m
            [33mclass[31m=[32m"text-sm text-gray-500"[31m
          [36m>[31m
            [0m0[0m
            [0m/[0m
            [0m10[0m
            [0m requirements[0m
          [36m</span>[31m
        [36m</div>[31m
        [36m<div[31m
          [33mclass[31m=[32m"space-y-2"[31m
        [36m/>[31m
        [36m<div[31m
          [33mclass[31m=[32m"flex space-x-2"[31m
        [36m>[31m
          [36m<input[31m
            [33mclass[31m=[32m"flex-1 px-3 py-2 border border-gray-300 rounded-lg
                     focus:ring-2 focus:ring-indigo-500 focus:border-transparent
                     placeholder-gray-400 text-sm"[31m
            [33mmaxlength[31m=[32m"200"[31m
            [33mplaceholder[31m=[32m"Enter a special requirement..."[31m
            [33mtype[31m=[32m"text"[31m
            [33mvalue[31m=[32m"Enter key requirement"[31m
          [36m/>[31m
          [36m<button[31m
            [33mclass[31m=[32m"px-4 py-2 bg-indigo-600 text-white rounded-lg
                     hover:bg-indigo-700 focus:outline-none focus:ring-2
                     focus:ring-indigo-500 disabled:bg-gray-300
                     disabled:cursor-not-allowed transition-colors
                     flex items-center space-x-2"[31m
            [33mtype[31m=[32m"button"[31m
          [36m>[31m
            [36m<svg[31m
              [33mclass[31m=[32m"lucide lucide-plus h-4 w-4"[31m
              [33mfill[31m=[32m"none"[31m
              [33mheight[31m=[32m"24"[31m
              [33mstroke[31m=[32m"currentColor"[31m
              [33mstroke-linecap[31m=[32m"round"[31m
              [33mstroke-linejoin[31m=[32m"round"[31m
              [33mstroke-width[31m=[32m"2"[31m
              [33mviewBox[31m=[32m"0 0 24 24"[31m
              [33mwidth[31m=[32m"24"[31m
              [33mxmlns[31m=[32m"http://www.w3.org/2000/svg"[31m
            [36m>[31m
              [36m<path[31m
                [33md[31m=[32m"M5 12h14"[31m
              [36m/>[31m
              [36m<path[31m
                [33md[31m=[32m"M12 5v14"[31m
              [36m/>[31m
            [36m</svg>[31m
            [36m<span>[31m
              [0mAdd[0m
            [36m</span>[31m
          [36m</button>[31m
        [36m</div>[31m
        [36m<p[31m
          [33mclass[31m=[32m"text-sm text-gray-500 text-center py-4"[31m
        [36m>[31m
          [0mNo special requirements added. Add requirements to help contractors understand specific needs for this job.[0m
        [36m</p>[31m
      [36m</div>[31m
    [36m</div>[31m
  [36m</body>[31m
[36m</html>[31m[39m
[90mstderr[2m | app/components/landing/__tests__/CTASection2025.test.tsx[2m > [22m[2mCTASection2025[2m > [22m[2mshould render without crashing
[22m[39mReceived `true` for a non-boolean attribute `jsx`.

If you want to write it to the DOM, pass a string instead: jsx="true" or jsx={value.toString()}.

 [31m×[39m app/components/landing/__tests__/FeaturesSection2025.test.tsx[2m > [22mFeaturesSection2025[2m > [22mshould render without crashing[32m 108[2mms[22m[39m
[31m   → [39m
 [31m×[39m app/components/landing/__tests__/FeaturesSection2025.test.tsx[2m > [22mFeaturesSection2025[2m > [22mshould handle user interactions[32m 32[2mms[22m[39m
[31m   → Cannot read properties of undefined (reading 'matches')[39m
 [31m×[39m app/components/landing/__tests__/FeaturesSection2025.test.tsx[2m > [22mFeaturesSection2025[2m > [22mshould display correct data[32m 53[2mms[22m[39m
[31m   → Cannot read properties of undefined (reading 'matches')[39m
 [31m×[39m app/components/landing/__tests__/FeaturesSection2025.test.tsx[2m > [22mFeaturesSection2025[2m > [22mshould handle edge cases[32m 22[2mms[22m[39m
[31m   → Cannot read properties of undefined (reading 'matches')[39m
 [31m×[39m app/components/landing/__tests__/CTASection2025.test.tsx[2m > [22mCTASection2025[2m > [22mshould render without crashing[32m 109[2mms[22m[39m
[31m   → [39m
 [31m×[39m app/components/landing/__tests__/CTASection2025.test.tsx[2m > [22mCTASection2025[2m > [22mshould handle user interactions[32m 17[2mms[22m[39m
[31m   → Cannot read properties of undefined (reading 'matches')[39m
 [31m×[39m app/components/landing/__tests__/CTASection2025.test.tsx[2m > [22mCTASection2025[2m > [22mshould display correct data[32m 20[2mms[22m[39m
[31m   → Cannot read properties of undefined (reading 'matches')[39m
 [31m×[39m app/components/landing/__tests__/CTASection2025.test.tsx[2m > [22mCTASection2025[2m > [22mshould handle edge cases[32m 12[2mms[22m[39m
[31m   → Cannot read properties of undefined (reading 'matches')[39m
 [31m×[39m app/jobs/[id]/edit/components/__tests__/RequirementsManager.test.tsx[2m > [22mRequirementsManager[2m > [22mshows error for empty requirement[33m 1033[2mms[22m[39m
[31m   → expected "vi.fn()" to be called with arguments: [ 'Please enter a requirement' ][90m

Number of calls: [1m0[22m
[31m

Ignored nodes: comments, script, style
[36m<html>[31m
  [36m<head />[31m
  [36m<body>[31m
    [36m<div>[31m
      [36m<div[31m
        [33mclass[31m=[32m"space-y-4"[31m
      [36m>[31m
        [36m<div[31m
          [33mclass[31m=[32m"flex items-center justify-between"[31m
        [36m>[31m
          [36m<label[31m
            [33mclass[31m=[32m"block text-sm font-medium text-gray-700"[31m
          [36m>[31m
            [36m<svg[31m
              [33mclass[31m=[32m"lucide lucide-file-text inline-block h-4 w-4 mr-2"[31m
              [33mfill[31m=[32m"none"[31m
              [33mheight[31m=[32m"24"[31m
              [33mstroke[31m=[32m"currentColor"[31m
              [33mstroke-linecap[31m=[32m"round"[31m
              [33mstroke-linejoin[31m=[32m"round"[31m
              [33mstroke-width[31m=[32m"2"[31m
              [33mviewBox[31m=[32m"0 0 24 24"[31m
              [33mwidth[31m=[32m"24"[31m
              [33mxmlns[31m=[32m"http://www.w3.org/2000/svg"[31m
            [36m>[31m
              [36m<path[31m
                [33md[31m=[32m"M15 2H6a2 2 0 0 0-2 2v16a2 2 0 0 0 2 2h12a2 2 0 0 0 2-2V7Z"[31m
              [36m/>[31m
              [36m<path[31m
                [33md[31m=[32m"M14 2v4a2 2 0 0 0 2 2h4"[31m
              [36m/>[31m
              [36m<path[31m
                [33md[31m=[32m"M10 9H8"[31m
              [36m/>[31m
              [36m<path[31m
                [33md[31m=[32m"M16 13H8"[31m
              [36m/>[31m
              [36m<path[31m
                [33md[31m=[32m"M16 17H8"[31m
              [36m/>[31m
            [36m</svg>[31m
            [0mSpecial Requirements[0m
          [36m</label>[31m
          [36m<span[31m
            [33mclass[31m=[32m"text-sm text-gray-500"[31m
          [36m>[31m
            [0m0[0m
            [0m/[0m
            [0m10[0m
            [0m requirements[0m
          [36m</span>[31m
        [36m</div>[31m
        [36m<div[31m
          [33mclass[31m=[32m"space-y-2"[31m
        [36m/>[31m
        [36m<div[31m
          [33mclass[31m=[32m"flex space-x-2"[31m
        [36m>[31m
          [36m<input[31m
            [33mclass[31m=[32m"flex-1 px-3 py-2 border border-gray-300 rounded-lg
                     focus:ring-2 focus:ring-indigo-500 focus:border-transparent
                     placeholder-gray-400 text-sm"[31m
            [33mmaxlength[31m=[32m"200"[31m
            [33mplaceholder[31m=[32m"Enter a special requirement..."[31m
            [33mtype[31m=[32m"text"[31m
            [33mvalue[31m=[32m""[31m
          [36m/>[31m
          [36m<button[31m
            [33mclass[31m=[32m"px-4 py-2 bg-indigo-600 text-white rounded-lg
                     hover:bg-indigo-700 focus:outline-none focus:ring-2
                     focus:ring-indigo-500 disabled:bg-gray-300
                     disabled:cursor-not-allowed transition-colors
                     flex items-center space-x-2"[31m
            [33mdisabled[31m=[32m""[31m
            [33mtype[31m=[32m"button"[31m
          [36m>[31m
            [36m<svg[31m
              [33mclass[31m=[32m"lucide lucide-plus h-4 w-4"[31m
              [33mfill[31m=[32m"none"[31m
              [33mheight[31m=[32m"24"[31m
              [33mstroke[31m=[32m"currentColor"[31m
              [33mstroke-linecap[31m=[32m"round"[31m
              [33mstroke-linejoin[31m=[32m"round"[31m
              [33mstroke-width[31m=[32m"2"[31m
              [33mviewBox[31m=[32m"0 0 24 24"[31m
              [33mwidth[31m=[32m"24"[31m
              [33mxmlns[31m=[32m"http://www.w3.org/2000/svg"[31m
            [36m>[31m
              [36m<path[31m
                [33md[31m=[32m"M5 12h14"[31m
              [36m/>[31m
              [36m<path[31m
                [33md[31m=[32m"M12 5v14"[31m
              [36m/>[31m
            [36m</svg>[31m
            [36m<span>[31m
              [0mAdd[0m
            [36m</span>[31m
          [36m</button>[31m
        [36m</div>[31m
        [36m<p[31m
          [33mclass[31m=[32m"text-sm text-gray-500 text-center py-4"[31m
        [36m>[31m
          [0mNo special requirements added. Add requirements to help contractors understand specific needs for this job.[0m
        [36m</p>[31m
      [36m</div>[31m
    [36m</div>[31m
  [36m</body>[31m
[36m</html>[31m[39m
 [32m✓[39m app/jobs/[id]/edit/components/__tests__/RequirementsManager.test.tsx[2m > [22mRequirementsManager[2m > [22mprevents duplicate requirements[32m 58[2mms[22m[39m
 [32m✓[39m app/jobs/[id]/edit/components/__tests__/RequirementsManager.test.tsx[2m > [22mRequirementsManager[2m > [22menforces maximum requirements limit[32m 17[2mms[22m[39m
 [32m✓[39m app/jobs/[id]/edit/components/__tests__/RequirementsManager.test.tsx[2m > [22mRequirementsManager[2m > [22mremoves a requirement[32m 61[2mms[22m[39m
 [32m✓[39m app/jobs/[id]/edit/components/__tests__/RequirementsManager.test.tsx[2m > [22mRequirementsManager[2m > [22mshows character count warning[32m 8[2mms[22m[39m
 [32m✓[39m app/jobs/[id]/edit/components/__tests__/RequirementsManager.test.tsx[2m > [22mRequirementsManager[2m > [22mtrims whitespace from requirements[32m 16[2mms[22m[39m
 [31m×[39m app/contractor/dashboard-enhanced/components/__tests__/ArticleCard.test.tsx[2m > [22mArticleCard[2m > [22mshould render without crashing[32m 59[2mms[22m[39m
[31m   → Failed prop type: The prop `href` expects a `string` or `object` in `<Link>`, but got `undefined` instead.
Open your browser's console to view the Component stack trace.[39m
 [31m×[39m app/contractor/dashboard-enhanced/components/__tests__/ArticleCard.test.tsx[2m > [22mArticleCard[2m > [22mshould handle user interactions[32m 11[2mms[22m[39m
[31m   → Failed prop type: The prop `href` expects a `string` or `object` in `<Link>`, but got `undefined` instead.
Open your browser's console to view the Component stack trace.[39m
 [31m×[39m app/contractor/dashboard-enhanced/components/__tests__/ArticleCard.test.tsx[2m > [22mArticleCard[2m > [22mshould display correct data[32m 5[2mms[22m[39m
[31m   → Failed prop type: The prop `href` expects a `string` or `object` in `<Link>`, but got `undefined` instead.
Open your browser's console to view the Component stack trace.[39m
 [31m×[39m app/contractor/dashboard-enhanced/components/__tests__/ArticleCard.test.tsx[2m > [22mArticleCard[2m > [22mshould handle edge cases[32m 6[2mms[22m[39m
[31m   → Failed prop type: The prop `href` expects a `string` or `object` in `<Link>`, but got `undefined` instead.
Open your browser's console to view the Component stack trace.[39m


Source path: C:/Users/Djodjo.Nkouka.ERICCOLE/Downloads/mintenance-clean/apps/web/styles/airbnb-system.css
Setting up new context...
JIT TOTAL: 760.09ms


 [31m×[39m components/dashboard/__tests__/EmptyStateCard.test.tsx[2m > [22mEmptyStateCard[2m > [22mshould render without crashing[32m 56[2mms[22m[39m
[31m   → [39m
 [31m×[39m components/dashboard/__tests__/EmptyStateCard.test.tsx[2m > [22mEmptyStateCard[2m > [22mshould handle user interactions[32m 12[2mms[22m[39m
[31m   → Cannot read properties of undefined (reading 'matches')[39m
 [31m×[39m components/dashboard/__tests__/EmptyStateCard.test.tsx[2m > [22mEmptyStateCard[2m > [22mshould display correct data[32m 11[2mms[22m[39m
[31m   → Cannot read properties of undefined (reading 'matches')[39m
 [31m×[39m components/dashboard/__tests__/EmptyStateCard.test.tsx[2m > [22mEmptyStateCard[2m > [22mshould handle edge cases[32m 4[2mms[22m[39m
[31m   → Cannot read properties of undefined (reading 'matches')[39m
 [31m×[39m app/components/landing/hero-animation/__tests__/ConnectionLine.test.tsx[2m > [22mConnectionLine[2m > [22mshould render without crashing[32m 80[2mms[22m[39m
[31m   → [39m
 [31m×[39m app/components/landing/hero-animation/__tests__/ConnectionLine.test.tsx[2m > [22mConnectionLine[2m > [22mshould handle user interactions[32m 16[2mms[22m[39m
[31m   → Cannot read properties of undefined (reading 'matches')[39m
 [31m×[39m app/contractors/components/__tests__/ContractorsBrowseAirbnb.test.tsx[2m > [22mContractorsBrowseAirbnb[2m > [22mshould initialize with default values[32m 25[2mms[22m[39m
[31m   → (0 , __vite_ssr_import_1__.ContractorsBrowseAirbnb) is not a function[39m
 [31m×[39m app/contractors/components/__tests__/ContractorsBrowseAirbnb.test.tsx[2m > [22mContractorsBrowseAirbnb[2m > [22mshould handle updates correctly[32m 6[2mms[22m[39m
[31m   → (0 , __vite_ssr_import_1__.ContractorsBrowseAirbnb) is not a function[39m
 [31m×[39m app/contractors/components/__tests__/ContractorsBrowseAirbnb.test.tsx[2m > [22mContractorsBrowseAirbnb[2m > [22mshould clean up on unmount[32m 4[2mms[22m[39m
[31m   → (0 , __vite_ssr_import_1__.ContractorsBrowseAirbnb) is not a function[39m
 [31m×[39m app/components/landing/hero-animation/__tests__/ConnectionLine.test.tsx[2m > [22mConnectionLine[2m > [22mshould display correct data[32m 30[2mms[22m[39m
[31m   → Cannot read properties of undefined (reading 'matches')[39m
 [31m×[39m app/components/landing/hero-animation/__tests__/ConnectionLine.test.tsx[2m > [22mConnectionLine[2m > [22mshould handle edge cases[32m 12[2mms[22m[39m
[31m   → Cannot read properties of undefined (reading 'matches')[39m
 [31m×[39m app/components/landing/__tests__/SocialProofSection2025.test.tsx[2m > [22mSocialProofSection2025[2m > [22mshould render without crashing[32m 81[2mms[22m[39m
[31m   → [39m
 [31m×[39m app/components/landing/__tests__/SocialProofSection2025.test.tsx[2m > [22mSocialProofSection2025[2m > [22mshould handle user interactions[32m 31[2mms[22m[39m
[31m   → Cannot read properties of undefined (reading 'matches')[39m
 [31m×[39m app/components/landing/__tests__/SocialProofSection2025.test.tsx[2m > [22mSocialProofSection2025[2m > [22mshould display correct data[32m 26[2mms[22m[39m
[31m   → Cannot read properties of undefined (reading 'matches')[39m
 [31m×[39m app/components/landing/__tests__/SocialProofSection2025.test.tsx[2m > [22mSocialProofSection2025[2m > [22mshould handle edge cases[32m 26[2mms[22m[39m
[31m   → Cannot read properties of undefined (reading 'matches')[39m
 [31m×[39m app/dashboard/components/__tests__/FeaturedArticle.test.tsx[2m > [22mFeaturedArticle[2m > [22mshould render without crashing[32m 141[2mms[22m[39m
[31m   → Failed prop type: The prop `href` expects a `string` or `object` in `<Link>`, but got `undefined` instead.
Open your browser's console to view the Component stack trace.[39m
 [31m×[39m app/dashboard/components/__tests__/FeaturedArticle.test.tsx[2m > [22mFeaturedArticle[2m > [22mshould handle user interactions[32m 7[2mms[22m[39m
[31m   → Failed prop type: The prop `href` expects a `string` or `object` in `<Link>`, but got `undefined` instead.
Open your browser's console to view the Component stack trace.[39m
 [31m×[39m app/dashboard/components/__tests__/FeaturedArticle.test.tsx[2m > [22mFeaturedArticle[2m > [22mshould display correct data[32m 6[2mms[22m[39m
[31m   → Failed prop type: The prop `href` expects a `string` or `object` in `<Link>`, but got `undefined` instead.
Open your browser's console to view the Component stack trace.[39m
 [31m×[39m app/dashboard/components/__tests__/FeaturedArticle.test.tsx[2m > [22mFeaturedArticle[2m > [22mshould handle edge cases[32m 4[2mms[22m[39m
[31m   → Failed prop type: The prop `href` expects a `string` or `object` in `<Link>`, but got `undefined` instead.
Open your browser's console to view the Component stack trace.[39m
 [31m×[39m app/properties/components/__tests__/AddPropertyModal.test.tsx[2m > [22mAddPropertyModal[2m > [22mshould initialize with default values[32m 71[2mms[22m[39m
[31m   → Cannot destructure property 'isOpen' of 'undefined' as it is undefined.[39m
 [31m×[39m app/properties/components/__tests__/AddPropertyModal.test.tsx[2m > [22mAddPropertyModal[2m > [22mshould handle updates correctly[32m 32[2mms[22m[39m
[31m   → Cannot destructure property 'isOpen' of 'undefined' as it is undefined.[39m
 [31m×[39m app/properties/components/__tests__/AddPropertyModal.test.tsx[2m > [22mAddPropertyModal[2m > [22mshould clean up on unmount[32m 7[2mms[22m[39m
[31m   → Cannot destructure property 'isOpen' of 'undefined' as it is undefined.[39m
 [31m×[39m app/jobs/[id]/components/__tests__/ContractManagement.test.tsx[2m > [22mContractManagement[2m > [22mshould initialize with default values[32m 133[2mms[22m[39m
[31m   → Cannot destructure property 'jobId' of 'undefined' as it is undefined.[39m
 [31m×[39m app/jobs/[id]/components/__tests__/ContractManagement.test.tsx[2m > [22mContractManagement[2m > [22mshould handle updates correctly[32m 5[2mms[22m[39m
[31m   → Cannot destructure property 'jobId' of 'undefined' as it is undefined.[39m
 [31m×[39m app/jobs/[id]/components/__tests__/ContractManagement.test.tsx[2m > [22mContractManagement[2m > [22mshould clean up on unmount[32m 7[2mms[22m[39m
[31m   → Cannot destructure property 'jobId' of 'undefined' as it is undefined.[39m
 [31m×[39m app/scheduling/components/__tests__/PageContent.test.tsx[2m > [22mPageContent[2m > [22mshould render without crashing[32m 203[2mms[22m[39m
[31m   → Cannot read properties of undefined (reading 'filter')[39m
 [31m×[39m app/scheduling/components/__tests__/PageContent.test.tsx[2m > [22mPageContent[2m > [22mshould handle user interactions[32m 110[2mms[22m[39m
[31m   → Cannot read properties of undefined (reading 'filter')[39m
 [31m×[39m app/scheduling/components/__tests__/PageContent.test.tsx[2m > [22mPageContent[2m > [22mshould display correct data[32m 61[2mms[22m[39m
[31m   → Cannot read properties of undefined (reading 'filter')[39m
 [31m×[39m app/scheduling/components/__tests__/PageContent.test.tsx[2m > [22mPageContent[2m > [22mshould handle edge cases[32m 76[2mms[22m[39m
[31m   → Cannot read properties of undefined (reading 'filter')[39m
 [31m×[39m lib/services/agents/__tests__/agents.edge-cases.test.ts[2m > [22mPricingAgent - Edge Cases[2m > [22mgetPricingRecommendation - Error Handling[2m > [22mshould handle null job ID[32m 8[2mms[22m[39m
[31m   → __vi_import_0__.PricingAgent.getPricingRecommendation is not a function[39m
 [31m×[39m lib/services/agents/__tests__/agents.edge-cases.test.ts[2m > [22mPricingAgent - Edge Cases[2m > [22mgetPricingRecommendation - Error Handling[2m > [22mshould handle empty job ID[32m 1[2mms[22m[39m
[31m   → __vi_import_0__.PricingAgent.getPricingRecommendation is not a function[39m
 [31m×[39m lib/services/agents/__tests__/agents.edge-cases.test.ts[2m > [22mPricingAgent - Edge Cases[2m > [22mgetPricingRecommendation - Error Handling[2m > [22mshould handle invalid job ID format[32m 1[2mms[22m[39m
[31m   → __vi_import_0__.PricingAgent.getPricingRecommendation is not a function[39m
 [31m×[39m lib/services/agents/__tests__/agents.edge-cases.test.ts[2m > [22mPricingAgent - Edge Cases[2m > [22mgetPricingRecommendation - Error Handling[2m > [22mshould handle database query failure[32m 4[2mms[22m[39m
[31m   → Cannot find module '@/lib/api/supabaseServer'
Require stack:
- C:\Users\Djodjo.Nkouka.ERICCOLE\Downloads\mintenance-clean\apps\web\lib\services\agents\__tests__\agents.edge-cases.test.ts[39m
 [31m×[39m lib/services/agents/__tests__/agents.edge-cases.test.ts[2m > [22mPricingAgent - Edge Cases[2m > [22mgetPricingRecommendation - Error Handling[2m > [22mshould handle missing job data[32m 3[2mms[22m[39m
[31m   → Cannot find module '@/lib/api/supabaseServer'
Require stack:
- C:\Users\Djodjo.Nkouka.ERICCOLE\Downloads\mintenance-clean\apps\web\lib\services\agents\__tests__\agents.edge-cases.test.ts[39m
 [31m×[39m lib/services/agents/__tests__/agents.edge-cases.test.ts[2m > [22mPricingAgent - Edge Cases[2m > [22mgetPricingRecommendation - Boundary Conditions[2m > [22mshould handle job with zero budget[32m 53[2mms[22m[39m
[31m   → Cannot find module '@/lib/api/supabaseServer'
Require stack:
- C:\Users\Djodjo.Nkouka.ERICCOLE\Downloads\mintenance-clean\apps\web\lib\services\agents\__tests__\agents.edge-cases.test.ts[39m
 [31m×[39m lib/services/agents/__tests__/agents.edge-cases.test.ts[2m > [22mPricingAgent - Edge Cases[2m > [22mgetPricingRecommendation - Boundary Conditions[2m > [22mshould handle job with very high budget[32m 6[2mms[22m[39m
[31m   → Cannot find module '@/lib/api/supabaseServer'
Require stack:
- C:\Users\Djodjo.Nkouka.ERICCOLE\Downloads\mintenance-clean\apps\web\lib\services\agents\__tests__\agents.edge-cases.test.ts[39m
 [31m×[39m lib/services/agents/__tests__/agents.edge-cases.test.ts[2m > [22mPricingAgent - Edge Cases[2m > [22mgetPricingRecommendation - Boundary Conditions[2m > [22mshould handle job with no market data[32m 9[2mms[22m[39m
[31m   → Cannot find module '@/lib/api/supabaseServer'
Require stack:
- C:\Users\Djodjo.Nkouka.ERICCOLE\Downloads\mintenance-clean\apps\web\lib\services\agents\__tests__\agents.edge-cases.test.ts[39m
 [31m×[39m lib/services/agents/__tests__/agents.edge-cases.test.ts[2m > [22mJobStatusAgent - Edge Cases[2m > [22mupdateJobStatus - Error Handling[2m > [22mshould handle null job ID[32m 29[2mms[22m[39m
[31m   → __vi_import_1__.JobStatusAgent.updateJobStatus is not a function[39m
 [31m×[39m lib/services/agents/__tests__/agents.edge-cases.test.ts[2m > [22mJobStatusAgent - Edge Cases[2m > [22mupdateJobStatus - Error Handling[2m > [22mshould handle invalid status transition[32m 2[2mms[22m[39m
[31m   → __vi_import_1__.JobStatusAgent.updateJobStatus is not a function[39m
 [31m×[39m lib/services/agents/__tests__/agents.edge-cases.test.ts[2m > [22mJobStatusAgent - Edge Cases[2m > [22mupdateJobStatus - Error Handling[2m > [22mshould handle database update failure[32m 79[2mms[22m[39m
[31m   → Cannot find module '@/lib/api/supabaseServer'
Require stack:
- C:\Users\Djodjo.Nkouka.ERICCOLE\Downloads\mintenance-clean\apps\web\lib\services\agents\__tests__\agents.edge-cases.test.ts[39m
 [31m×[39m lib/services/agents/__tests__/agents.edge-cases.test.ts[2m > [22mJobStatusAgent - Edge Cases[2m > [22mupdateJobStatus - Boundary Conditions[2m > [22mshould handle status update to same status[32m 36[2mms[22m[39m
[31m   → Cannot find module '@/lib/api/supabaseServer'
Require stack:
- C:\Users\Djodjo.Nkouka.ERICCOLE\Downloads\mintenance-clean\apps\web\lib\services\agents\__tests__\agents.edge-cases.test.ts[39m
 [31m×[39m lib/services/agents/__tests__/agents.edge-cases.test.ts[2m > [22mJobStatusAgent - Edge Cases[2m > [22mupdateJobStatus - Boundary Conditions[2m > [22mshould handle rapid status transitions[32m 4[2mms[22m[39m
[31m   → Cannot find module '@/lib/api/supabaseServer'
Require stack:
- C:\Users\Djodjo.Nkouka.ERICCOLE\Downloads\mintenance-clean\apps\web\lib\services\agents\__tests__\agents.edge-cases.test.ts[39m
 [31m×[39m lib/services/agents/__tests__/agents.edge-cases.test.ts[2m > [22mEscrowReleaseAgent - Edge Cases[2m > [22mreleaseEscrow - Error Handling[2m > [22mshould handle null escrow ID[32m 1[2mms[22m[39m
[31m   → __vi_import_2__.EscrowReleaseAgent.releaseEscrow is not a function[39m
 [31m×[39m lib/services/agents/__tests__/agents.edge-cases.test.ts[2m > [22mEscrowReleaseAgent - Edge Cases[2m > [22mreleaseEscrow - Error Handling[2m > [22mshould handle non-existent escrow[32m 9[2mms[22m[39m
[31m   → Cannot find module '@/lib/api/supabaseServer'
Require stack:
- C:\Users\Djodjo.Nkouka.ERICCOLE\Downloads\mintenance-clean\apps\web\lib\services\agents\__tests__\agents.edge-cases.test.ts[39m
 [31m×[39m lib/services/agents/__tests__/agents.edge-cases.test.ts[2m > [22mEscrowReleaseAgent - Edge Cases[2m > [22mreleaseEscrow - Error Handling[2m > [22mshould handle escrow already released[32m 4[2mms[22m[39m
[31m   → Cannot find module '@/lib/api/supabaseServer'
Require stack:
- C:\Users\Djodjo.Nkouka.ERICCOLE\Downloads\mintenance-clean\apps\web\lib\services\agents\__tests__\agents.edge-cases.test.ts[39m
 [31m×[39m lib/services/agents/__tests__/agents.edge-cases.test.ts[2m > [22mEscrowReleaseAgent - Edge Cases[2m > [22mreleaseEscrow - Error Handling[2m > [22mshould handle payment processing failure[32m 80[2mms[22m[39m
[31m   → Cannot find module '@/lib/api/supabaseServer'
Require stack:
- C:\Users\Djodjo.Nkouka.ERICCOLE\Downloads\mintenance-clean\apps\web\lib\services\agents\__tests__\agents.edge-cases.test.ts[39m
 [31m×[39m lib/services/agents/__tests__/agents.edge-cases.test.ts[2m > [22mEscrowReleaseAgent - Edge Cases[2m > [22mreleaseEscrow - Boundary Conditions[2m > [22mshould handle zero amount escrow[32m 3[2mms[22m[39m
[31m   → Cannot find module '@/lib/api/supabaseServer'
Require stack:
- C:\Users\Djodjo.Nkouka.ERICCOLE\Downloads\mintenance-clean\apps\web\lib\services\agents\__tests__\agents.edge-cases.test.ts[39m
 [31m×[39m lib/services/agents/__tests__/agents.edge-cases.test.ts[2m > [22mEscrowReleaseAgent - Edge Cases[2m > [22mreleaseEscrow - Boundary Conditions[2m > [22mshould handle very large escrow amount[32m 3[2mms[22m[39m
[31m   → Cannot find module '@/lib/api/supabaseServer'
Require stack:
- C:\Users\Djodjo.Nkouka.ERICCOLE\Downloads\mintenance-clean\apps\web\lib\services\agents\__tests__\agents.edge-cases.test.ts[39m
 [31m×[39m lib/services/agents/__tests__/agents.edge-cases.test.ts[2m > [22mPredictiveAgent - Edge Cases[2m > [22mpredictJobOutcome - Error Handling[2m > [22mshould handle null job ID[32m 1[2mms[22m[39m
[31m   → __vi_import_3__.PredictiveAgent.predictJobOutcome is not a function[39m
 [31m×[39m lib/services/agents/__tests__/agents.edge-cases.test.ts[2m > [22mPredictiveAgent - Edge Cases[2m > [22mpredictJobOutcome - Error Handling[2m > [22mshould handle missing job data[32m 4[2mms[22m[39m
[31m   → Cannot find module '@/lib/api/supabaseServer'
Require stack:
- C:\Users\Djodjo.Nkouka.ERICCOLE\Downloads\mintenance-clean\apps\web\lib\services\agents\__tests__\agents.edge-cases.test.ts[39m
 [31m×[39m lib/services/agents/__tests__/agents.edge-cases.test.ts[2m > [22mPredictiveAgent - Edge Cases[2m > [22mpredictJobOutcome - Error Handling[2m > [22mshould handle prediction model failure[32m 2[2mms[22m[39m
[31m   → Cannot find module '../ml-engine/memory/MemoryManager'
Require stack:
- C:\Users\Djodjo.Nkouka.ERICCOLE\Downloads\mintenance-clean\apps\web\lib\services\agents\__tests__\agents.edge-cases.test.ts[39m
 [31m×[39m lib/services/agents/__tests__/agents.edge-cases.test.ts[2m > [22mPredictiveAgent - Edge Cases[2m > [22mpredictJobOutcome - Boundary Conditions[2m > [22mshould handle job with minimal data[32m 3[2mms[22m[39m
[31m   → Cannot find module '@/lib/api/supabaseServer'
Require stack:
- C:\Users\Djodjo.Nkouka.ERICCOLE\Downloads\mintenance-clean\apps\web\lib\services\agents\__tests__\agents.edge-cases.test.ts[39m
 [31m×[39m lib/services/agents/__tests__/agents.edge-cases.test.ts[2m > [22mPredictiveAgent - Edge Cases[2m > [22mpredictJobOutcome - Boundary Conditions[2m > [22mshould handle job with maximum data points[32m 83[2mms[22m[39m
[31m   → Cannot find module '@/lib/api/supabaseServer'
Require stack:
- C:\Users\Djodjo.Nkouka.ERICCOLE\Downloads\mintenance-clean\apps\web\lib\services\agents\__tests__\agents.edge-cases.test.ts[39m
 [31m×[39m app/jobs/components/__tests__/SmartJobFilters2025.test.tsx[2m > [22mSmartJobFilters2025[2m > [22mshould render without crashing[32m 193[2mms[22m[39m
[31m   → [39m
 [31m×[39m app/jobs/components/__tests__/SmartJobFilters2025.test.tsx[2m > [22mSmartJobFilters2025[2m > [22mshould handle user interactions[32m 16[2mms[22m[39m
[31m   → [39m
 [31m×[39m app/jobs/components/__tests__/SmartJobFilters2025.test.tsx[2m > [22mSmartJobFilters2025[2m > [22mshould display correct data[32m 11[2mms[22m[39m
[31m   → [39m
 [31m×[39m app/jobs/components/__tests__/SmartJobFilters2025.test.tsx[2m > [22mSmartJobFilters2025[2m > [22mshould handle edge cases[32m 9[2mms[22m[39m
[31m   → [39m
 [31m×[39m app/dashboard/components/__tests__/ArticleCard.test.tsx[2m > [22mArticleCard[2m > [22mshould render without crashing[32m 117[2mms[22m[39m
[31m   → Failed prop type: The prop `href` expects a `string` or `object` in `<Link>`, but got `undefined` instead.
Open your browser's console to view the Component stack trace.[39m
 [31m×[39m app/dashboard/components/__tests__/ArticleCard.test.tsx[2m > [22mArticleCard[2m > [22mshould handle user interactions[32m 4[2mms[22m[39m
[31m   → Failed prop type: The prop `href` expects a `string` or `object` in `<Link>`, but got `undefined` instead.
Open your browser's console to view the Component stack trace.[39m
 [31m×[39m app/dashboard/components/__tests__/ArticleCard.test.tsx[2m > [22mArticleCard[2m > [22mshould display correct data[32m 7[2mms[22m[39m
[31m   → Failed prop type: The prop `href` expects a `string` or `object` in `<Link>`, but got `undefined` instead.
Open your browser's console to view the Component stack trace.[39m
 [31m×[39m app/dashboard/components/__tests__/ArticleCard.test.tsx[2m > [22mArticleCard[2m > [22mshould handle edge cases[32m 4[2mms[22m[39m
[31m   → Failed prop type: The prop `href` expects a `string` or `object` in `<Link>`, but got `undefined` instead.
Open your browser's console to view the Component stack trace.[39m
 [31m×[39m lib/services/weather/__tests__/WeatherService.test.ts[2m > [22mWeatherService[2m > [22mgetForecast[2m > [22mshould fetch weather forecast successfully[32m 20[2mms[22m[39m
[31m   → expected "vi.fn()" to be called at least once[39m
 [32m✓[39m lib/services/weather/__tests__/WeatherService.test.ts[2m > [22mWeatherService[2m > [22mgetForecast[2m > [22mshould return cached data on subsequent requests[32m 8[2mms[22m[39m
 [32m✓[39m lib/services/weather/__tests__/WeatherService.test.ts[2m > [22mWeatherService[2m > [22mgetForecast[2m > [22mshould return fallback forecast when API key is missing[32m 2[2mms[22m[39m
 [32m✓[39m lib/services/weather/__tests__/WeatherService.test.ts[2m > [22mWeatherService[2m > [22mgetForecast[2m > [22mshould return fallback forecast on API error[32m 2[2mms[22m[39m
 [32m✓[39m lib/services/weather/__tests__/WeatherService.test.ts[2m > [22mWeatherService[2m > [22mgetForecast[2m > [22mshould handle invalid coordinates[32m 2[2mms[22m[39m
 [31m×[39m lib/services/weather/__tests__/WeatherService.test.ts[2m > [22mWeatherService[2m > [22mgetForecast[2m > [22mshould enforce rate limiting between requests[32m 8[2mms[22m[39m
[31m   → expected 0 to be greater than or equal to 900[39m
 [31m×[39m lib/services/weather/__tests__/WeatherService.test.ts[2m > [22mWeatherService[2m > [22mgetForecast[2m > [22mshould retry on 429 rate limit response[32m 3[2mms[22m[39m
[31m   → expectvi is not defined[39m
 [32m✓[39m lib/services/weather/__tests__/WeatherService.test.ts[2m > [22mWeatherService[2m > [22mgetForecast[2m > [22mshould handle API timeout[32m 2[2mms[22m[39m
 [31m×[39m lib/services/weather/__tests__/WeatherService.test.ts[2m > [22mWeatherService[2m > [22mgetForecastByLocation[2m > [22mshould fetch forecast by location string[32m 10[2mms[22m[39m
[31m   → expected "vi.fn()" to be called 2 times, but got 0 times[39m
 [32m✓[39m lib/services/weather/__tests__/WeatherService.test.ts[2m > [22mWeatherService[2m > [22mgetForecastByLocation[2m > [22mshould return fallback forecast when geocoding fails[32m 2[2mms[22m[39m
 [31m×[39m lib/services/weather/__tests__/WeatherService.test.ts[2m > [22mWeatherService[2m > [22mgetForecastByLocation[2m > [22mshould cache geocoding results[32m 2[2mms[22m[39m
[31m   → expected "vi.fn()" to be called 3 times, but got 0 times[39m
 [31m×[39m lib/services/weather/__tests__/WeatherService.test.ts[2m > [22mWeatherService[2m > [22mgeocodeLocation[2m > [22mshould geocode location successfully[32m 5[2mms[22m[39m
[31m   → expected null to deeply equal { lat: 51.5074, lon: -0.1278 }[39m
 [32m✓[39m lib/services/weather/__tests__/WeatherService.test.ts[2m > [22mWeatherService[2m > [22mgeocodeLocation[2m > [22mshould return null when no results found[32m 1[2mms[22m[39m
 [32m✓[39m lib/services/weather/__tests__/WeatherService.test.ts[2m > [22mWeatherService[2m > [22mgeocodeLocation[2m > [22mshould return null when API key is missing[32m 2[2mms[22m[39m
 [32m✓[39m lib/services/weather/__tests__/WeatherService.test.ts[2m > [22mWeatherService[2m > [22mgeocodeLocation[2m > [22mshould handle API errors gracefully[32m 3[2mms[22m[39m
 [32m✓[39m lib/services/weather/__tests__/WeatherService.test.ts[2m > [22mWeatherService[2m > [22misSuitableForOutdoorWork[2m > [22mshould return true for good weather conditions[32m 1[2mms[22m[39m
 [32m✓[39m lib/services/weather/__tests__/WeatherService.test.ts[2m > [22mWeatherService[2m > [22misSuitableForOutdoorWork[2m > [22mshould return false for heavy rain[32m 1[2mms[22m[39m
 [32m✓[39m lib/services/weather/__tests__/WeatherService.test.ts[2m > [22mWeatherService[2m > [22misSuitableForOutdoorWork[2m > [22mshould return false for storm conditions[32m 1[2mms[22m[39m
 [32m✓[39m lib/services/weather/__tests__/WeatherService.test.ts[2m > [22mWeatherService[2m > [22misSuitableForOutdoorWork[2m > [22mshould return false for high winds on roofing jobs[32m 1[2mms[22m[39m
 [32m✓[39m lib/services/weather/__tests__/WeatherService.test.ts[2m > [22mWeatherService[2m > [22misSuitableForOutdoorWork[2m > [22mshould return true for moderate winds on non-roofing jobs[32m 1[2mms[22m[39m
 [32m✓[39m lib/services/weather/__tests__/WeatherService.test.ts[2m > [22mWeatherService[2m > [22misSuitableForOutdoorWork[2m > [22mshould return false for freezing temperatures[32m 1[2mms[22m[39m
 [32m✓[39m lib/services/weather/__tests__/WeatherService.test.ts[2m > [22mWeatherService[2m > [22misSuitableForOutdoorWork[2m > [22mshould return false for heavy snow[32m 2[2mms[22m[39m
 [32m✓[39m lib/services/weather/__tests__/WeatherService.test.ts[2m > [22mWeatherService[2m > [22misSuitableForOutdoorWork[2m > [22mshould return true for light snow[32m 1[2mms[22m[39m
 [32m✓[39m lib/services/weather/__tests__/WeatherService.test.ts[2m > [22mWeatherService[2m > [22mCache Management[2m > [22mshould clear cache successfully[32m 4[2mms[22m[39m
 [31m×[39m lib/services/weather/__tests__/WeatherService.test.ts[2m > [22mWeatherService[2m > [22mCache Management[2m > [22mshould provide cache statistics[32m 3[2mms[22m[39m
[31m   → expected 0 to be greater than 0[39m
 [31m×[39m lib/services/weather/__tests__/WeatherService.test.ts[2m > [22mWeatherService[2m > [22mCache Management[2m > [22mshould expire old cache entries[32m 2[2mms[22m[39m
[31m   → expected "vi.fn()" to be called 1 times, but got 0 times[39m
 [32m✓[39m lib/services/weather/__tests__/WeatherService.test.ts[2m > [22mWeatherService[2m > [22mError Handling - Edge Cases[2m > [22mshould handle null API response[32m 2[2mms[22m[39m
 [32m✓[39m lib/services/weather/__tests__/WeatherService.test.ts[2m > [22mWeatherService[2m > [22mError Handling - Edge Cases[2m > [22mshould handle malformed API response[32m 1[2mms[22m[39m
 [32m✓[39m lib/services/weather/__tests__/WeatherService.test.ts[2m > [22mWeatherService[2m > [22mError Handling - Edge Cases[2m > [22mshould handle JSON parsing errors[32m 2[2mms[22m[39m
 [32m✓[39m lib/services/weather/__tests__/WeatherService.test.ts[2m > [22mWeatherService[2m > [22mError Handling - Edge Cases[2m > [22mshould handle network errors[32m 1[2mms[22m[39m
 [32m✓[39m lib/services/weather/__tests__/WeatherService.test.ts[2m > [22mWeatherService[2m > [22mError Handling - Edge Cases[2m > [22mshould handle boundary coordinates[32m 23[2mms[22m[39m
 [32m✓[39m lib/services/weather/__tests__/WeatherService.test.ts[2m > [22mWeatherService[2m > [22mError Handling - Edge Cases[2m > [22mshould handle zero days request[32m 2[2mms[22m[39m
 [32m✓[39m lib/services/weather/__tests__/WeatherService.test.ts[2m > [22mWeatherService[2m > [22mError Handling - Edge Cases[2m > [22mshould handle very large days request[32m 2[2mms[22m[39m
 [31m×[39m lib/services/weather/__tests__/WeatherService.test.ts[2m > [22mWeatherService[2m > [22mWeather Condition Mapping[2m > [22mshould map thunderstorm IDs correctly[32m 5[2mms[22m[39m
[31m   → expected 'cloudy' to be 'storm' // Object.is equality[39m
 [31m×[39m lib/services/weather/__tests__/WeatherService.test.ts[2m > [22mWeatherService[2m > [22mWeather Condition Mapping[2m > [22mshould map rain IDs correctly[32m 3[2mms[22m[39m
[31m   → expected 'cloudy' to be 'rain' // Object.is equality[39m
 [31m×[39m lib/services/weather/__tests__/WeatherService.test.ts[2m > [22mWeatherService[2m > [22mWeather Condition Mapping[2m > [22mshould map snow IDs correctly[32m 3[2mms[22m[39m
[31m   → expected 'cloudy' to be 'snow' // Object.is equality[39m
 [31m×[39m lib/services/weather/__tests__/WeatherService.test.ts[2m > [22mWeatherService[2m > [22mWeather Condition Mapping[2m > [22mshould map clear sky correctly[32m 2[2mms[22m[39m
[31m   → expected 'cloudy' to be 'clear' // Object.is equality[39m
 [32m✓[39m lib/services/weather/__tests__/WeatherService.test.ts[2m > [22mWeatherService[2m > [22mWeather Condition Mapping[2m > [22mshould map cloudy conditions correctly[32m 2[2mms[22m[39m
 [31m×[39m app/dashboard/components/__tests__/AirbnbActivityTimeline.test.tsx[2m > [22mAirbnbActivityTimeline[2m > [22mshould render without crashing[32m 29[2mms[22m[39m
[31m   → Cannot read properties of undefined (reading 'length')[39m
 [31m×[39m app/dashboard/components/__tests__/AirbnbActivityTimeline.test.tsx[2m > [22mAirbnbActivityTimeline[2m > [22mshould handle user interactions[32m 6[2mms[22m[39m
[31m   → Cannot read properties of undefined (reading 'length')[39m
 [31m×[39m app/dashboard/components/__tests__/AirbnbActivityTimeline.test.tsx[2m > [22mAirbnbActivityTimeline[2m > [22mshould display correct data[32m 4[2mms[22m[39m
[31m   → Cannot read properties of undefined (reading 'length')[39m
 [31m×[39m app/dashboard/components/__tests__/AirbnbActivityTimeline.test.tsx[2m > [22mAirbnbActivityTimeline[2m > [22mshould handle edge cases[32m 3[2mms[22m[39m
[31m   → Cannot read properties of undefined (reading 'length')[39m
 [31m×[39m app/jobs/[id]/components/__tests__/JobDetailsAirbnb.test.tsx[2m > [22mJobDetailsAirbnb[2m > [22mshould render without crashing[32m 40[2mms[22m[39m
[31m   → Cannot read properties of undefined (reading 'length')[39m
 [31m×[39m app/jobs/[id]/components/__tests__/JobDetailsAirbnb.test.tsx[2m > [22mJobDetailsAirbnb[2m > [22mshould handle user interactions[32m 15[2mms[22m[39m
[31m   → Cannot read properties of undefined (reading 'length')[39m
 [31m×[39m app/jobs/[id]/components/__tests__/JobDetailsAirbnb.test.tsx[2m > [22mJobDetailsAirbnb[2m > [22mshould display correct data[32m 11[2mms[22m[39m
[31m   → Cannot read properties of undefined (reading 'length')[39m
 [31m×[39m app/jobs/[id]/components/__tests__/JobDetailsAirbnb.test.tsx[2m > [22mJobDetailsAirbnb[2m > [22mshould handle edge cases[32m 6[2mms[22m[39m
[31m   → Cannot read properties of undefined (reading 'length')[39m
 [31m×[39m app/contractor/customers/components/__tests__/CustomerRow.test.tsx[2m > [22mCustomerRow[2m > [22mshould render without crashing[32m 26[2mms[22m[39m
[31m   → Cannot read properties of undefined (reading 'first_name')[39m
 [31m×[39m app/contractor/customers/components/__tests__/CustomerRow.test.tsx[2m > [22mCustomerRow[2m > [22mshould handle user interactions[32m 3[2mms[22m[39m
[31m   → Cannot read properties of undefined (reading 'first_name')[39m
 [31m×[39m app/contractor/customers/components/__tests__/CustomerRow.test.tsx[2m > [22mCustomerRow[2m > [22mshould display correct data[32m 10[2mms[22m[39m
[31m   → Cannot read properties of undefined (reading 'first_name')[39m
 [31m×[39m app/contractor/customers/components/__tests__/CustomerRow.test.tsx[2m > [22mCustomerRow[2m > [22mshould handle edge cases[32m 3[2mms[22m[39m
[31m   → Cannot read properties of undefined (reading 'first_name')[39m
 [31m×[39m app/contractor/quotes/[id]/components/__tests__/QuoteDetailsClient.test.tsx[2m > [22mQuoteDetailsClient[2m > [22mshould render without crashing[32m 32[2mms[22m[39m
[31m   → Cannot read properties of undefined (reading 'status')[39m
 [31m×[39m app/contractor/quotes/[id]/components/__tests__/QuoteDetailsClient.test.tsx[2m > [22mQuoteDetailsClient[2m > [22mshould handle user interactions[32m 5[2mms[22m[39m
[31m   → Cannot read properties of undefined (reading 'status')[39m
 [31m×[39m app/contractor/quotes/[id]/components/__tests__/QuoteDetailsClient.test.tsx[2m > [22mQuoteDetailsClient[2m > [22mshould display correct data[32m 4[2mms[22m[39m
[31m   → Cannot read properties of undefined (reading 'status')[39m
 [31m×[39m app/contractor/quotes/[id]/components/__tests__/QuoteDetailsClient.test.tsx[2m > [22mQuoteDetailsClient[2m > [22mshould handle edge cases[32m 7[2mms[22m[39m
[31m   → Cannot read properties of undefined (reading 'status')[39m
 [31m×[39m components/admin/__tests__/AdminPageHeader.test.tsx[2m > [22mAdminPageHeader[2m > [22mshould initialize with default values[32m 32[2mms[22m[39m
[31m   → Cannot destructure property 'title' of 'undefined' as it is undefined.[39m
 [31m×[39m components/admin/__tests__/AdminPageHeader.test.tsx[2m > [22mAdminPageHeader[2m > [22mshould handle updates correctly[32m 6[2mms[22m[39m
[31m   → Cannot destructure property 'title' of 'undefined' as it is undefined.[39m
 [31m×[39m components/admin/__tests__/AdminPageHeader.test.tsx[2m > [22mAdminPageHeader[2m > [22mshould clean up on unmount[32m 5[2mms[22m[39m
[31m   → Cannot destructure property 'title' of 'undefined' as it is undefined.[39m
 [31m×[39m app/contractors/components/__tests__/ContractorsBrowseProfessional.test.tsx[2m > [22mContractorsBrowseProfessional[2m > [22mshould render without crashing[32m 43[2mms[22m[39m
[31m   → Cannot read properties of undefined (reading 'flatMap')[39m
 [31m×[39m app/contractors/components/__tests__/ContractorsBrowseProfessional.test.tsx[2m > [22mContractorsBrowseProfessional[2m > [22mshould handle user interactions[32m 5[2mms[22m[39m
[31m   → Cannot read properties of undefined (reading 'flatMap')[39m
 [31m×[39m app/contractors/components/__tests__/ContractorsBrowseProfessional.test.tsx[2m > [22mContractorsBrowseProfessional[2m > [22mshould display correct data[32m 5[2mms[22m[39m
[31m   → Cannot read properties of undefined (reading 'flatMap')[39m
 [31m×[39m app/contractors/components/__tests__/ContractorsBrowseProfessional.test.tsx[2m > [22mContractorsBrowseProfessional[2m > [22mshould handle edge cases[32m 3[2mms[22m[39m
[31m   → Cannot read properties of undefined (reading 'flatMap')[39m
 [31m×[39m app/contractor/profile/components/__tests__/SkillsManagementModal.test.tsx[2m > [22mSkillsManagementModal[2m > [22mshould render without crashing[32m 109[2mms[22m[39m
[31m   → Cannot read properties of undefined (reading 'reduce')[39m
 [31m×[39m app/contractor/profile/components/__tests__/SkillsManagementModal.test.tsx[2m > [22mSkillsManagementModal[2m > [22mshould handle user interactions[32m 4[2mms[22m[39m
[31m   → Cannot read properties of undefined (reading 'reduce')[39m
 [31m×[39m app/contractor/profile/components/__tests__/SkillsManagementModal.test.tsx[2m > [22mSkillsManagementModal[2m > [22mshould display correct data[32m 5[2mms[22m[39m
[31m   → Cannot read properties of undefined (reading 'reduce')[39m
 [31m×[39m app/contractor/profile/components/__tests__/SkillsManagementModal.test.tsx[2m > [22mSkillsManagementModal[2m > [22mshould handle edge cases[32m 6[2mms[22m[39m
[31m   → Cannot read properties of undefined (reading 'reduce')[39m
 [31m×[39m components/dashboard/__tests__/StatsCard.test.tsx[2m > [22mStatsCard[2m > [22mshould render without crashing[32m 73[2mms[22m[39m
[31m   → [39m
 [31m×[39m components/dashboard/__tests__/StatsCard.test.tsx[2m > [22mStatsCard[2m > [22mshould handle user interactions[32m 12[2mms[22m[39m
[31m   → Cannot read properties of undefined (reading 'matches')[39m
 [31m×[39m components/dashboard/__tests__/StatsCard.test.tsx[2m > [22mStatsCard[2m > [22mshould display correct data[32m 7[2mms[22m[39m
[31m   → Cannot read properties of undefined (reading 'matches')[39m
 [31m×[39m lib/__tests__/auth.test.ts[2m > [22mAuth Library[2m > [22mcreateToken[2m > [22mshould create a valid JWT token[32m 9[2mms[22m[39m
[31m   → Cannot read properties of undefined (reading 'importKey')[39m
 [31m×[39m lib/__tests__/auth.test.ts[2m > [22mAuth Library[2m > [22mcreateToken[2m > [22mshould include user data in token payload[32m 2[2mms[22m[39m
[31m   → Cannot read properties of undefined (reading 'importKey')[39m
 [32m✓[39m lib/__tests__/auth.test.ts[2m > [22mAuth Library[2m > [22mcreateToken[2m > [22mshould throw error for invalid user data[32m 4[2mms[22m[39m
 [31m×[39m lib/__tests__/auth.test.ts[2m > [22mAuth Library[2m > [22mcreateTokenPair[2m > [22mshould create both access and refresh tokens[32m 2[2mms[22m[39m
[31m   → Cannot read properties of undefined (reading 'importKey')[39m
 [31m×[39m lib/__tests__/auth.test.ts[2m > [22mAuth Library[2m > [22mcreateTokenPair[2m > [22mshould create tokens with different expiry times[32m 1[2mms[22m[39m
[31m   → Cannot read properties of undefined (reading 'importKey')[39m
 [31m×[39m lib/__tests__/auth.test.ts[2m > [22mAuth Library[2m > [22mverifyToken[2m > [22mshould verify valid JWT token[32m 4[2mms[22m[39m
[31m   → Cannot read properties of undefined (reading 'importKey')[39m
 [31m×[39m components/dashboard/__tests__/StatsCard.test.tsx[2m > [22mStatsCard[2m > [22mshould handle edge cases[32m 10[2mms[22m[39m
[31m   → Cannot read properties of undefined (reading 'matches')[39m
 [31m×[39m components/dashboard/__tests__/KpiCard.test.tsx[2m > [22mKpiCard[2m > [22mshould render without crashing[32m 60[2mms[22m[39m
[31m   → [39m
 [31m×[39m components/dashboard/__tests__/KpiCard.test.tsx[2m > [22mKpiCard[2m > [22mshould handle user interactions[32m 11[2mms[22m[39m
[31m   → [39m
 [31m×[39m components/dashboard/__tests__/KpiCard.test.tsx[2m > [22mKpiCard[2m > [22mshould display correct data[32m 7[2mms[22m[39m
[31m   → [39m
 [31m×[39m components/dashboard/__tests__/KpiCard.test.tsx[2m > [22mKpiCard[2m > [22mshould handle edge cases[32m 8[2mms[22m[39m
[31m   → [39m
 [31m×[39m app/contractor/dashboard-enhanced/components/__tests__/ContractorMetricCard2025.test.tsx[2m > [22mContractorMetricCard2025[2m > [22mshould render without crashing[32m 86[2mms[22m[39m
[31m   → [39m
 [31m×[39m app/contractor/dashboard-enhanced/components/__tests__/ContractorMetricCard2025.test.tsx[2m > [22mContractorMetricCard2025[2m > [22mshould handle user interactions[32m 14[2mms[22m[39m
[31m   → [39m
 [31m×[39m app/contractor/dashboard-enhanced/components/__tests__/ContractorMetricCard2025.test.tsx[2m > [22mContractorMetricCard2025[2m > [22mshould display correct data[32m 9[2mms[22m[39m
[31m   → [39m
 [31m×[39m app/contractor/dashboard-enhanced/components/__tests__/ContractorMetricCard2025.test.tsx[2m > [22mContractorMetricCard2025[2m > [22mshould handle edge cases[32m 6[2mms[22m[39m
[31m   → [39m
 [31m×[39m components/jobs/__tests__/JobActions.test.tsx[2m > [22mJobActions[2m > [22mshould render without crashing[32m 184[2mms[22m[39m
[31m   → [39m
 [31m×[39m components/jobs/__tests__/JobActions.test.tsx[2m > [22mJobActions[2m > [22mshould handle user interactions[32m 17[2mms[22m[39m
[31m   → Cannot read properties of undefined (reading 'matches')[39m
 [31m×[39m components/jobs/__tests__/JobActions.test.tsx[2m > [22mJobActions[2m > [22mshould display correct data[32m 9[2mms[22m[39m
[31m   → Cannot read properties of undefined (reading 'matches')[39m
 [31m×[39m components/jobs/__tests__/JobActions.test.tsx[2m > [22mJobActions[2m > [22mshould handle edge cases[32m 7[2mms[22m[39m
[31m   → Cannot read properties of undefined (reading 'matches')[39m
 [31m×[39m components/contractor/__tests__/VerificationBadges.test.tsx[2m > [22mVerificationBadges[2m > [22mshould render without crashing[32m 30[2mms[22m[39m
[31m   → Cannot read properties of undefined (reading 'map')[39m
 [31m×[39m components/contractor/__tests__/VerificationBadges.test.tsx[2m > [22mVerificationBadges[2m > [22mshould handle user interactions[32m 5[2mms[22m[39m
[31m   → Cannot read properties of undefined (reading 'map')[39m
 [31m×[39m components/contractor/__tests__/VerificationBadges.test.tsx[2m > [22mVerificationBadges[2m > [22mshould display correct data[32m 4[2mms[22m[39m
[31m   → Cannot read properties of undefined (reading 'map')[39m
 [31m×[39m components/contractor/__tests__/VerificationBadges.test.tsx[2m > [22mVerificationBadges[2m > [22mshould handle edge cases[32m 3[2mms[22m[39m
[31m   → Cannot read properties of undefined (reading 'map')[39m
 [31m×[39m app/contractors/components/__tests__/ContractorSwipeView.test.tsx[2m > [22mContractorSwipeView[2m > [22mshould render without crashing[32m 31[2mms[22m[39m
[31m   → Cannot read properties of undefined (reading 'length')[39m
 [31m×[39m app/contractors/components/__tests__/ContractorSwipeView.test.tsx[2m > [22mContractorSwipeView[2m > [22mshould handle user interactions[32m 6[2mms[22m[39m
[31m   → Cannot read properties of undefined (reading 'length')[39m
 [31m×[39m app/contractors/components/__tests__/ContractorSwipeView.test.tsx[2m > [22mContractorSwipeView[2m > [22mshould display correct data[32m 5[2mms[22m[39m
[31m   → Cannot read properties of undefined (reading 'length')[39m
 [31m×[39m app/contractors/components/__tests__/ContractorSwipeView.test.tsx[2m > [22mContractorSwipeView[2m > [22mshould handle edge cases[32m 102[2mms[22m[39m
[31m   → Cannot read properties of undefined (reading 'length')[39m
 [31m×[39m components/ui/__tests__/FeatureGate.test.tsx[2m > [22mFeatureGate[2m > [22mshould initialize with default values[32m 29[2mms[22m[39m
[31m   → Cannot destructure property 'featureId' of 'undefined' as it is undefined.[39m
 [31m×[39m components/ui/__tests__/FeatureGate.test.tsx[2m > [22mFeatureGate[2m > [22mshould handle updates correctly[32m 140[2mms[22m[39m
[31m   → Cannot destructure property 'featureId' of 'undefined' as it is undefined.[39m
 [31m×[39m components/ui/__tests__/FeatureGate.test.tsx[2m > [22mFeatureGate[2m > [22mshould clean up on unmount[32m 4[2mms[22m[39m
[31m   → Cannot destructure property 'featureId' of 'undefined' as it is undefined.[39m
 [31m×[39m app/jobs/[id]/components/__tests__/ContractorViewersList.test.tsx[2m > [22mContractorViewersList[2m > [22mshould initialize with default values[32m 46[2mms[22m[39m
[31m   → Cannot destructure property 'jobId' of 'undefined' as it is undefined.[39m
 [31m×[39m app/jobs/create/components/__tests__/BudgetRangeSelector.test.tsx[2m > [22mBudgetRangeSelector[2m > [22mshould render without crashing[32m 26[2mms[22m[39m
[31m   → Cannot read properties of undefined (reading 'budget')[39m
 [31m×[39m app/jobs/create/components/__tests__/BudgetRangeSelector.test.tsx[2m > [22mBudgetRangeSelector[2m > [22mshould handle user interactions[32m 5[2mms[22m[39m
[31m   → Cannot read properties of undefined (reading 'budget')[39m
 [31m×[39m app/jobs/create/components/__tests__/BudgetRangeSelector.test.tsx[2m > [22mBudgetRangeSelector[2m > [22mshould display correct data[32m 4[2mms[22m[39m
[31m   → Cannot read properties of undefined (reading 'budget')[39m
 [31m×[39m app/jobs/create/components/__tests__/BudgetRangeSelector.test.tsx[2m > [22mBudgetRangeSelector[2m > [22mshould handle edge cases[32m 4[2mms[22m[39m
[31m   → Cannot read properties of undefined (reading 'budget')[39m
 [31m×[39m app/contractor/customers/components/__tests__/CustomersTable.test.tsx[2m > [22mCustomersTable[2m > [22mshould render without crashing[32m 166[2mms[22m[39m
[31m   → Cannot read properties of undefined (reading 'length')[39m
 [31m×[39m app/contractor/customers/components/__tests__/CustomersTable.test.tsx[2m > [22mCustomersTable[2m > [22mshould handle user interactions[32m 12[2mms[22m[39m
[31m   → Cannot read properties of undefined (reading 'length')[39m
 [31m×[39m app/jobs/[id]/components/__tests__/ContractorViewersList.test.tsx[2m > [22mContractorViewersList[2m > [22mshould handle updates correctly[32m 98[2mms[22m[39m
[31m   → Cannot destructure property 'jobId' of 'undefined' as it is undefined.[39m
 [31m×[39m app/jobs/[id]/components/__tests__/ContractorViewersList.test.tsx[2m > [22mContractorViewersList[2m > [22mshould clean up on unmount[32m 5[2mms[22m[39m
[31m   → Cannot destructure property 'jobId' of 'undefined' as it is undefined.[39m
 [31m×[39m app/contractor/customers/components/__tests__/CustomersTable.test.tsx[2m > [22mCustomersTable[2m > [22mshould display correct data[32m 112[2mms[22m[39m
[31m   → Cannot read properties of undefined (reading 'length')[39m
 [31m×[39m app/contractor/customers/components/__tests__/CustomersTable.test.tsx[2m > [22mCustomersTable[2m > [22mshould handle edge cases[32m 3[2mms[22m[39m
[31m   → Cannot read properties of undefined (reading 'length')[39m
 [31m×[39m components/admin/__tests__/AdminNotificationBell.test.tsx[2m > [22mAdminNotificationBell[2m > [22mshould initialize with default values[32m 30[2mms[22m[39m
[31m   → Cannot destructure property 'userId' of 'undefined' as it is undefined.[39m
 [31m×[39m components/admin/__tests__/AdminNotificationBell.test.tsx[2m > [22mAdminNotificationBell[2m > [22mshould handle updates correctly[32m 4[2mms[22m[39m
[31m   → Cannot destructure property 'userId' of 'undefined' as it is undefined.[39m
 [31m×[39m components/admin/__tests__/AdminNotificationBell.test.tsx[2m > [22mAdminNotificationBell[2m > [22mshould clean up on unmount[32m 4[2mms[22m[39m
[31m   → Cannot destructure property 'userId' of 'undefined' as it is undefined.[39m
 [31m×[39m components/layouts/__tests__/UnifiedSidebar.test.tsx[2m > [22mUnifiedSidebar[2m > [22mshould initialize with default values[32m 38[2mms[22m[39m
[31m   → Cannot destructure property 'userRole' of 'undefined' as it is undefined.[39m
 [31m×[39m components/layouts/__tests__/UnifiedSidebar.test.tsx[2m > [22mUnifiedSidebar[2m > [22mshould handle updates correctly[32m 6[2mms[22m[39m
[31m   → Cannot destructure property 'userRole' of 'undefined' as it is undefined.[39m
 [31m×[39m components/layouts/__tests__/UnifiedSidebar.test.tsx[2m > [22mUnifiedSidebar[2m > [22mshould clean up on unmount[32m 5[2mms[22m[39m
[31m   → Cannot destructure property 'userRole' of 'undefined' as it is undefined.[39m
 [31m×[39m components/Calendar/__tests__/CalendarHeader.test.tsx[2m > [22mCalendarHeader[2m > [22mshould render without crashing[32m 238[2mms[22m[39m
[31m   → Cannot read properties of undefined (reading 'undefined')[39m
 [31m×[39m components/Calendar/__tests__/CalendarHeader.test.tsx[2m > [22mCalendarHeader[2m > [22mshould handle user interactions[32m 3[2mms[22m[39m
[31m   → Cannot read properties of undefined (reading 'undefined')[39m
 [31m×[39m components/Calendar/__tests__/CalendarHeader.test.tsx[2m > [22mCalendarHeader[2m > [22mshould display correct data[32m 3[2mms[22m[39m
[31m   → Cannot read properties of undefined (reading 'undefined')[39m
 [31m×[39m components/Calendar/__tests__/CalendarHeader.test.tsx[2m > [22mCalendarHeader[2m > [22mshould handle edge cases[32m 7[2mms[22m[39m
[31m   → Cannot read properties of undefined (reading 'undefined')[39m
 [31m×[39m app/jobs/[id]/components/__tests__/LocationTracking.test.tsx[2m > [22mLocationTracking[2m > [22mshould initialize with default values[32m 31[2mms[22m[39m
[31m   → Cannot destructure property 'jobId' of 'undefined' as it is undefined.[39m
 [31m×[39m app/jobs/[id]/components/__tests__/LocationTracking.test.tsx[2m > [22mLocationTracking[2m > [22mshould handle updates correctly[32m 7[2mms[22m[39m
[31m   → Cannot destructure property 'jobId' of 'undefined' as it is undefined.[39m
 [31m×[39m app/jobs/[id]/components/__tests__/LocationTracking.test.tsx[2m > [22mLocationTracking[2m > [22mshould clean up on unmount[32m 6[2mms[22m[39m
[31m   → Cannot destructure property 'jobId' of 'undefined' as it is undefined.[39m
 [31m×[39m app/video-calls/components/__tests__/VideoCallScheduler.test.tsx[2m > [22mVideoCallScheduler[2m > [22mshould initialize with default values[32m 37[2mms[22m[39m
[31m   → Cannot destructure property 'currentUserId' of 'undefined' as it is undefined.[39m
 [31m×[39m app/video-calls/components/__tests__/VideoCallScheduler.test.tsx[2m > [22mVideoCallScheduler[2m > [22mshould handle updates correctly[32m 9[2mms[22m[39m
[31m   → Cannot destructure property 'currentUserId' of 'undefined' as it is undefined.[39m
 [31m×[39m app/video-calls/components/__tests__/VideoCallScheduler.test.tsx[2m > [22mVideoCallScheduler[2m > [22mshould clean up on unmount[32m 4[2mms[22m[39m
[31m   → Cannot destructure property 'currentUserId' of 'undefined' as it is undefined.[39m
 [31m×[39m components/navigation/__tests__/TopNavigationBar.test.tsx[2m > [22mTopNavigationBar[2m > [22mshould initialize with default values[32m 53[2mms[22m[39m
[31m   → Cannot read properties of undefined (reading 'logo')[39m
 [31m×[39m components/navigation/__tests__/TopNavigationBar.test.tsx[2m > [22mTopNavigationBar[2m > [22mshould handle updates correctly[32m 11[2mms[22m[39m
[31m   → Cannot read properties of undefined (reading 'logo')[39m
 [31m×[39m components/navigation/__tests__/TopNavigationBar.test.tsx[2m > [22mTopNavigationBar[2m > [22mshould clean up on unmount[32m 6[2mms[22m[39m
[31m   → Cannot read properties of undefined (reading 'logo')[39m
 [31m×[39m app/contractor/messages/components/__tests__/CreateContractModal.test.tsx[2m > [22mCreateContractModal[2m > [22mshould initialize with default values[32m 152[2mms[22m[39m
[31m   → Cannot destructure property 'isOpen' of 'undefined' as it is undefined.[39m
 [31m×[39m app/contractor/messages/components/__tests__/CreateContractModal.test.tsx[2m > [22mCreateContractModal[2m > [22mshould handle updates correctly[32m 7[2mms[22m[39m
[31m   → Cannot destructure property 'isOpen' of 'undefined' as it is undefined.[39m
 [31m×[39m app/contractor/messages/components/__tests__/CreateContractModal.test.tsx[2m > [22mCreateContractModal[2m > [22mshould clean up on unmount[32m 6[2mms[22m[39m
[31m   → Cannot destructure property 'isOpen' of 'undefined' as it is undefined.[39m
 [31m×[39m components/onboarding/__tests__/WelcomeModalContent.test.tsx[2m > [22mWelcomeModalContent[2m > [22mshould render without crashing[32m 65[2mms[22m[39m
[31m   → Cannot read properties of undefined (reading 'icon')[39m
 [31m×[39m components/onboarding/__tests__/WelcomeModalContent.test.tsx[2m > [22mWelcomeModalContent[2m > [22mshould handle user interactions[32m 127[2mms[22m[39m
[31m   → Cannot read properties of undefined (reading 'icon')[39m
 [31m×[39m components/onboarding/__tests__/WelcomeModalContent.test.tsx[2m > [22mWelcomeModalContent[2m > [22mshould display correct data[32m 6[2mms[22m[39m
[31m   → Cannot read properties of undefined (reading 'icon')[39m
 [31m×[39m components/onboarding/__tests__/WelcomeModalContent.test.tsx[2m > [22mWelcomeModalContent[2m > [22mshould handle edge cases[32m 7[2mms[22m[39m
[31m   → Cannot read properties of undefined (reading 'icon')[39m
 [31m×[39m app/contractor/subscription/payment-methods/components/__tests__/PaymentMethodsList.test.tsx[2m > [22mPaymentMethodsList[2m > [22mshould render without crashing[33m 335[2mms[22m[39m
[31m   → Cannot read properties of undefined (reading 'length')[39m
 [31m×[39m app/contractor/subscription/payment-methods/components/__tests__/PaymentMethodsList.test.tsx[2m > [22mPaymentMethodsList[2m > [22mshould handle user interactions[32m 5[2mms[22m[39m
[31m   → Cannot read properties of undefined (reading 'length')[39m
 [31m×[39m app/contractor/subscription/payment-methods/components/__tests__/PaymentMethodsList.test.tsx[2m > [22mPaymentMethodsList[2m > [22mshould display correct data[32m 7[2mms[22m[39m
[31m   → Cannot read properties of undefined (reading 'length')[39m
 [31m×[39m app/contractor/subscription/payment-methods/components/__tests__/PaymentMethodsList.test.tsx[2m > [22mPaymentMethodsList[2m > [22mshould handle edge cases[32m 3[2mms[22m[39m
[31m   → Cannot read properties of undefined (reading 'length')[39m


Source path: C:/Users/Djodjo.Nkouka.ERICCOLE/Downloads/mintenance-clean/apps/web/components/ui/figma/MenuTab.module.css
JIT TOTAL: 3.246ms


 [31m×[39m components/ui/figma/__tests__/MenuTab.test.tsx[2m > [22mMenuTab[2m > [22mshould render without crashing[32m 36[2mms[22m[39m
[31m   → Failed prop type: The prop `href` expects a `string` or `object` in `<Link>`, but got `undefined` instead.
Open your browser's console to view the Component stack trace.[39m
 [31m×[39m components/ui/figma/__tests__/MenuTab.test.tsx[2m > [22mMenuTab[2m > [22mshould handle user interactions[32m 5[2mms[22m[39m
[31m   → Failed prop type: The prop `href` expects a `string` or `object` in `<Link>`, but got `undefined` instead.
Open your browser's console to view the Component stack trace.[39m
 [31m×[39m components/ui/figma/__tests__/MenuTab.test.tsx[2m > [22mMenuTab[2m > [22mshould display correct data[32m 6[2mms[22m[39m
[31m   → Failed prop type: The prop `href` expects a `string` or `object` in `<Link>`, but got `undefined` instead.
Open your browser's console to view the Component stack trace.[39m
 [31m×[39m components/ui/figma/__tests__/MenuTab.test.tsx[2m > [22mMenuTab[2m > [22mshould handle edge cases[32m 3[2mms[22m[39m
[31m   → Failed prop type: The prop `href` expects a `string` or `object` in `<Link>`, but got `undefined` instead.
Open your browser's console to view the Component stack trace.[39m
 [31m×[39m app/contractor/dashboard-enhanced/components/__tests__/ProgressTrendChart.test.tsx[2m > [22mProgressTrendChart[2m > [22mshould render without crashing[32m 25[2mms[22m[39m
[31m   → Cannot read properties of undefined (reading 'map')[39m
 [31m×[39m app/contractor/dashboard-enhanced/components/__tests__/ProgressTrendChart.test.tsx[2m > [22mProgressTrendChart[2m > [22mshould handle user interactions[32m 4[2mms[22m[39m
[31m   → Cannot read properties of undefined (reading 'map')[39m
 [31m×[39m app/contractor/dashboard-enhanced/components/__tests__/ProgressTrendChart.test.tsx[2m > [22mProgressTrendChart[2m > [22mshould display correct data[32m 4[2mms[22m[39m
[31m   → Cannot read properties of undefined (reading 'map')[39m
 [31m×[39m app/contractor/dashboard-enhanced/components/__tests__/ProgressTrendChart.test.tsx[2m > [22mProgressTrendChart[2m > [22mshould handle edge cases[32m 4[2mms[22m[39m
[31m   → Cannot read properties of undefined (reading 'map')[39m
 [31m×[39m app/admin/users/components/__tests__/VerificationBadge.test.tsx[2m > [22mVerificationBadge[2m > [22mshould render without crashing[33m 318[2mms[22m[39m
[31m   → Cannot read properties of undefined (reading 'bgColor')[39m
 [31m×[39m app/admin/users/components/__tests__/VerificationBadge.test.tsx[2m > [22mVerificationBadge[2m > [22mshould handle user interactions[32m 8[2mms[22m[39m
[31m   → Cannot read properties of undefined (reading 'bgColor')[39m
 [31m×[39m app/admin/users/components/__tests__/VerificationBadge.test.tsx[2m > [22mVerificationBadge[2m > [22mshould display correct data[32m 5[2mms[22m[39m
[31m   → Cannot read properties of undefined (reading 'bgColor')[39m
 [31m×[39m app/admin/users/components/__tests__/VerificationBadge.test.tsx[2m > [22mVerificationBadge[2m > [22mshould handle edge cases[32m 3[2mms[22m[39m
[31m   → Cannot read properties of undefined (reading 'bgColor')[39m
 [31m×[39m app/dashboard/components/__tests__/DashboardSidebar.test.tsx[2m > [22mDashboardSidebar[2m > [22mshould render without crashing[32m 173[2mms[22m[39m
[31m   → [vitest] No "usePathname" export is defined on the "next/navigation" mock. Did you forget to return it from "vi.mock"?
If you need to partially mock a module, you can use "importOriginal" helper inside:
[39m
 [31m×[39m app/dashboard/components/__tests__/DashboardSidebar.test.tsx[2m > [22mDashboardSidebar[2m > [22mshould handle user interactions[32m 3[2mms[22m[39m
[31m   → [vitest] No "usePathname" export is defined on the "next/navigation" mock. Did you forget to return it from "vi.mock"?
If you need to partially mock a module, you can use "importOriginal" helper inside:
[39m
 [31m×[39m app/dashboard/components/__tests__/DashboardSidebar.test.tsx[2m > [22mDashboardSidebar[2m > [22mshould display correct data[32m 4[2mms[22m[39m
[31m   → [vitest] No "usePathname" export is defined on the "next/navigation" mock. Did you forget to return it from "vi.mock"?
If you need to partially mock a module, you can use "importOriginal" helper inside:
[39m
 [31m×[39m app/dashboard/components/__tests__/DashboardSidebar.test.tsx[2m > [22mDashboardSidebar[2m > [22mshould handle edge cases[32m 4[2mms[22m[39m
[31m   → [vitest] No "usePathname" export is defined on the "next/navigation" mock. Did you forget to return it from "vi.mock"?
If you need to partially mock a module, you can use "importOriginal" helper inside:
[39m
 [31m×[39m app/jobs/[id]/edit/__tests__/error.test.tsx[2m > [22mJobEditError[2m > [22mshould render without crashing[32m 22[2mms[22m[39m
[31m   → Element type is invalid: expected a string (for built-in components) or a class/function (for composite components) but got: undefined. You likely forgot to export your component from the file it's defined in, or you might have mixed up default and named imports.[39m
 [31m×[39m app/jobs/[id]/edit/__tests__/error.test.tsx[2m > [22mJobEditError[2m > [22mshould handle user interactions[32m 3[2mms[22m[39m
[31m   → Element type is invalid: expected a string (for built-in components) or a class/function (for composite components) but got: undefined. You likely forgot to export your component from the file it's defined in, or you might have mixed up default and named imports.[39m
 [31m×[39m app/jobs/[id]/edit/__tests__/error.test.tsx[2m > [22mJobEditError[2m > [22mshould display correct data[32m 3[2mms[22m[39m
[31m   → Element type is invalid: expected a string (for built-in components) or a class/function (for composite components) but got: undefined. You likely forgot to export your component from the file it's defined in, or you might have mixed up default and named imports.[39m
 [31m×[39m app/jobs/[id]/edit/__tests__/error.test.tsx[2m > [22mJobEditError[2m > [22mshould handle edge cases[32m 3[2mms[22m[39m
[31m   → Element type is invalid: expected a string (for built-in components) or a class/function (for composite components) but got: undefined. You likely forgot to export your component from the file it's defined in, or you might have mixed up default and named imports.[39m
 [31m×[39m app/contractor/bid/[jobId]/components/__tests__/QuoteLineItems.test.tsx[2m > [22mQuoteLineItems[2m > [22mshould render without crashing[32m 111[2mms[22m[39m
[31m   → Cannot read properties of undefined (reading 'length')[39m
 [31m×[39m app/contractor/bid/[jobId]/components/__tests__/QuoteLineItems.test.tsx[2m > [22mQuoteLineItems[2m > [22mshould handle user interactions[32m 5[2mms[22m[39m
[31m   → Cannot read properties of undefined (reading 'length')[39m
 [31m×[39m app/contractor/bid/[jobId]/components/__tests__/QuoteLineItems.test.tsx[2m > [22mQuoteLineItems[2m > [22mshould display correct data[32m 4[2mms[22m[39m
[31m   → Cannot read properties of undefined (reading 'length')[39m
 [31m×[39m app/contractor/bid/[jobId]/components/__tests__/QuoteLineItems.test.tsx[2m > [22mQuoteLineItems[2m > [22mshould handle edge cases[32m 3[2mms[22m[39m
[31m   → Cannot read properties of undefined (reading 'length')[39m
 [31m×[39m app/jobs/[id]/components/__tests__/BidSwipeCard.test.tsx[2m > [22mBidSwipeCard[2m > [22mshould render without crashing[32m 203[2mms[22m[39m
[31m   → Cannot read properties of undefined (reading 'amount')[39m
 [31m×[39m app/jobs/[id]/components/__tests__/BidSwipeCard.test.tsx[2m > [22mBidSwipeCard[2m > [22mshould handle user interactions[32m 8[2mms[22m[39m
[31m   → Cannot read properties of undefined (reading 'amount')[39m
 [31m×[39m app/jobs/[id]/components/__tests__/BidSwipeCard.test.tsx[2m > [22mBidSwipeCard[2m > [22mshould display correct data[32m 5[2mms[22m[39m
[31m   → Cannot read properties of undefined (reading 'amount')[39m
 [31m×[39m app/jobs/[id]/components/__tests__/BidSwipeCard.test.tsx[2m > [22mBidSwipeCard[2m > [22mshould handle edge cases[32m 8[2mms[22m[39m
[31m   → Cannot read properties of undefined (reading 'amount')[39m
 [31m×[39m lib/__tests__/sanitizer.test.ts[2m > [22msanitizer[2m > [22msanitizeHtml[2m > [22mshould allow safe HTML tags[32m 14[2mms[22m[39m
[31m   → expected '<p>Hello <str>World</str></p>' to contain '<strong>'[39m
 [32m✓[39m lib/__tests__/sanitizer.test.ts[2m > [22msanitizer[2m > [22msanitizeHtml[2m > [22mshould remove dangerous script tags[32m 2[2mms[22m[39m
 [32m✓[39m lib/__tests__/sanitizer.test.ts[2m > [22msanitizer[2m > [22msanitizeHtml[2m > [22mshould remove event handlers[32m 1[2mms[22m[39m
 [32m✓[39m lib/__tests__/sanitizer.test.ts[2m > [22msanitizer[2m > [22msanitizeHtml[2m > [22mshould remove javascript: URLs[32m 1[2mms[22m[39m
 [32m✓[39m lib/__tests__/sanitizer.test.ts[2m > [22msanitizer[2m > [22msanitizeHtml[2m > [22mshould handle empty input[32m 1[2mms[22m[39m
 [32m✓[39m lib/__tests__/sanitizer.test.ts[2m > [22msanitizer[2m > [22msanitizeHtml[2m > [22mshould truncate long content[32m 1[2mms[22m[39m
 [32m✓[39m lib/__tests__/sanitizer.test.ts[2m > [22msanitizer[2m > [22msanitizeHtml[2m > [22mshould allow custom tags[32m 1[2mms[22m[39m
 [32m✓[39m lib/__tests__/sanitizer.test.ts[2m > [22msanitizer[2m > [22msanitizeHtml[2m > [22mshould remove non-allowed tags[32m 1[2mms[22m[39m
 [31m×[39m lib/__tests__/sanitizer.test.ts[2m > [22msanitizer[2m > [22msanitizeHtml[2m > [22mshould handle nested tags[32m 2[2mms[22m[39m
[31m   → expected '<p><str><em>Nested</em></str></p>' to contain '<strong>'[39m
 [32m✓[39m lib/__tests__/sanitizer.test.ts[2m > [22msanitizer[2m > [22msanitizeText[2m > [22mshould remove all HTML tags[32m 1[2mms[22m[39m
 [32m✓[39m lib/__tests__/sanitizer.test.ts[2m > [22msanitizer[2m > [22msanitizeText[2m > [22mshould decode HTML entities[32m 1[2mms[22m[39m
 [32m✓[39m lib/__tests__/sanitizer.test.ts[2m > [22msanitizer[2m > [22msanitizeText[2m > [22mshould normalize whitespace[32m 0[2mms[22m[39m
 [32m✓[39m lib/__tests__/sanitizer.test.ts[2m > [22msanitizer[2m > [22msanitizeText[2m > [22mshould trim whitespace[32m 0[2mms[22m[39m
 [32m✓[39m lib/__tests__/sanitizer.test.ts[2m > [22msanitizer[2m > [22msanitizeText[2m > [22mshould truncate to max length[32m 0[2mms[22m[39m
 [32m✓[39m lib/__tests__/sanitizer.test.ts[2m > [22msanitizer[2m > [22msanitizeText[2m > [22mshould handle empty input[32m 0[2mms[22m[39m
 [32m✓[39m lib/__tests__/sanitizer.test.ts[2m > [22msanitizer[2m > [22msanitizeText[2m > [22mshould remove complex XSS attempts[32m 0[2mms[22m[39m
 [31m×[39m lib/__tests__/sanitizer.test.ts[2m > [22msanitizer[2m > [22msanitizeJobDescription[2m > [22mshould allow job description tags[32m 2[2mms[22m[39m
[31m   → expected '<p>Job <str>description</str></p><ul>…' to contain '<strong>'[39m
 [32m✓[39m lib/__tests__/sanitizer.test.ts[2m > [22msanitizer[2m > [22msanitizeJobDescription[2m > [22mshould enforce max length[32m 0[2mms[22m[39m
 [32m✓[39m lib/__tests__/sanitizer.test.ts[2m > [22msanitizer[2m > [22msanitizeJobDescription[2m > [22mshould remove dangerous content[32m 0[2mms[22m[39m
 [31m×[39m lib/__tests__/sanitizer.test.ts[2m > [22msanitizer[2m > [22msanitizeContractorBio[2m > [22mshould allow bio tags[32m 1[2mms[22m[39m
[31m   → expected '<p>I am a <str>contractor</str></p>' to contain '<strong>'[39m
 [32m✓[39m lib/__tests__/sanitizer.test.ts[2m > [22msanitizer[2m > [22msanitizeContractorBio[2m > [22mshould enforce stricter max length[32m 0[2mms[22m[39m
 [32m✓[39m lib/__tests__/sanitizer.test.ts[2m > [22msanitizer[2m > [22msanitizeContractorBio[2m > [22mshould not allow lists[32m 0[2mms[22m[39m
 [32m✓[39m lib/__tests__/sanitizer.test.ts[2m > [22msanitizer[2m > [22msanitizeMessage[2m > [22mshould convert HTML to plain text[32m 0[2mms[22m[39m
 [32m✓[39m lib/__tests__/sanitizer.test.ts[2m > [22msanitizer[2m > [22msanitizeMessage[2m > [22mshould enforce 1000 char limit[32m 0[2mms[22m[39m
 [32m✓[39m lib/__tests__/sanitizer.test.ts[2m > [22msanitizer[2m > [22msanitizeSearchQuery[2m > [22mshould clean search query[32m 0[2mms[22m[39m
 [32m✓[39m lib/__tests__/sanitizer.test.ts[2m > [22msanitizer[2m > [22msanitizeSearchQuery[2m > [22mshould enforce 200 char limit[32m 0[2mms[22m[39m
 [32m✓[39m lib/__tests__/sanitizer.test.ts[2m > [22msanitizer[2m > [22msanitizeSearchQuery[2m > [22mshould normalize whitespace in queries[32m 0[2mms[22m[39m
 [32m✓[39m lib/__tests__/sanitizer.test.ts[2m > [22msanitizer[2m > [22msanitizeEmail[2m > [22mshould validate and lowercase email[32m 0[2mms[22m[39m
 [32m✓[39m lib/__tests__/sanitizer.test.ts[2m > [22msanitizer[2m > [22msanitizeEmail[2m > [22mshould trim whitespace[32m 0[2mms[22m[39m
 [32m✓[39m lib/__tests__/sanitizer.test.ts[2m > [22msanitizer[2m > [22msanitizeEmail[2m > [22mshould reject invalid email format[32m 2[2mms[22m[39m
 [32m✓[39m lib/__tests__/sanitizer.test.ts[2m > [22msanitizer[2m > [22msanitizeEmail[2m > [22mshould reject null or undefined[32m 1[2mms[22m[39m
 [32m✓[39m lib/__tests__/sanitizer.test.ts[2m > [22msanitizer[2m > [22msanitizeEmail[2m > [22mshould accept valid emails[32m 0[2mms[22m[39m
 [32m✓[39m lib/__tests__/sanitizer.test.ts[2m > [22msanitizer[2m > [22msanitizePhone[2m > [22mshould extract digits only[32m 0[2mms[22m[39m
 [32m✓[39m lib/__tests__/sanitizer.test.ts[2m > [22msanitizer[2m > [22msanitizePhone[2m > [22mshould accept various formats[32m 0[2mms[22m[39m
 [32m✓[39m lib/__tests__/sanitizer.test.ts[2m > [22msanitizer[2m > [22msanitizePhone[2m > [22mshould reject too short numbers[32m 0[2mms[22m[39m
 [32m✓[39m lib/__tests__/sanitizer.test.ts[2m > [22msanitizer[2m > [22msanitizePhone[2m > [22mshould reject too long numbers[32m 0[2mms[22m[39m
 [32m✓[39m lib/__tests__/sanitizer.test.ts[2m > [22msanitizer[2m > [22msanitizePhone[2m > [22mshould reject empty input[32m 1[2mms[22m[39m
 [32m✓[39m lib/__tests__/sanitizer.test.ts[2m > [22msanitizer[2m > [22msanitizePhone[2m > [22mshould accept international formats[32m 0[2mms[22m[39m
 [32m✓[39m lib/__tests__/sanitizer.test.ts[2m > [22msanitizer[2m > [22msanitizePhone[2m > [22mshould reject non-numeric input[32m 0[2mms[22m[39m
 [32m✓[39m lib/__tests__/sanitizer.test.ts[2m > [22msanitizer[2m > [22msanitizeFileName[2m > [22mshould replace special characters with underscore[32m 1[2mms[22m[39m
 [32m✓[39m lib/__tests__/sanitizer.test.ts[2m > [22msanitizer[2m > [22msanitizeFileName[2m > [22mshould convert to lowercase[32m 0[2mms[22m[39m
 [32m✓[39m lib/__tests__/sanitizer.test.ts[2m > [22msanitizer[2m > [22msanitizeFileName[2m > [22mshould allow alphanumeric, dots, and dashes[32m 0[2mms[22m[39m
 [32m✓[39m lib/__tests__/sanitizer.test.ts[2m > [22msanitizer[2m > [22msanitizeFileName[2m > [22mshould collapse multiple underscores[32m 0[2mms[22m[39m
 [32m✓[39m lib/__tests__/sanitizer.test.ts[2m > [22msanitizer[2m > [22msanitizeFileName[2m > [22mshould limit length to 100 characters[32m 0[2mms[22m[39m
 [32m✓[39m lib/__tests__/sanitizer.test.ts[2m > [22msanitizer[2m > [22msanitizeFileName[2m > [22mshould handle empty input[32m 0[2mms[22m[39m
 [32m✓[39m lib/__tests__/sanitizer.test.ts[2m > [22msanitizer[2m > [22msanitizeFileName[2m > [22mshould handle Unicode characters[32m 0[2mms[22m[39m
 [32m✓[39m lib/__tests__/sanitizer.test.ts[2m > [22msanitizer[2m > [22msanitizeUrl[2m > [22mshould accept valid HTTP URLs[32m 0[2mms[22m[39m
 [32m✓[39m lib/__tests__/sanitizer.test.ts[2m > [22msanitizer[2m > [22msanitizeUrl[2m > [22mshould accept valid HTTPS URLs[32m 0[2mms[22m[39m
 [31m×[39m lib/__tests__/sanitizer.test.ts[2m > [22msanitizer[2m > [22msanitizeUrl[2m > [22mshould reject javascript: protocol[32m 2[2mms[22m[39m
[31m   → expected [Function] to throw error including 'Invalid protocol' but got 'Invalid URL format'[39m
 [31m×[39m lib/__tests__/sanitizer.test.ts[2m > [22msanitizer[2m > [22msanitizeUrl[2m > [22mshould reject data: protocol[32m 1[2mms[22m[39m
[31m   → expected [Function] to throw error including 'Invalid protocol' but got 'Invalid URL format'[39m
 [31m×[39m lib/__tests__/sanitizer.test.ts[2m > [22msanitizer[2m > [22msanitizeUrl[2m > [22mshould reject file: protocol[32m 1[2mms[22m[39m
[31m   → expected [Function] to throw error including 'Invalid protocol' but got 'Invalid URL format'[39m
 [32m✓[39m lib/__tests__/sanitizer.test.ts[2m > [22msanitizer[2m > [22msanitizeUrl[2m > [22mshould reject malformed URLs[32m 1[2mms[22m[39m
 [32m✓[39m lib/__tests__/sanitizer.test.ts[2m > [22msanitizer[2m > [22msanitizeUrl[2m > [22mshould handle empty input[32m 0[2mms[22m[39m
 [32m✓[39m lib/__tests__/sanitizer.test.ts[2m > [22msanitizer[2m > [22msanitizeUrl[2m > [22mshould preserve URL parameters[32m 0[2mms[22m[39m
 [32m✓[39m lib/__tests__/sanitizer.test.ts[2m > [22msanitizer[2m > [22msanitizeUrl[2m > [22mshould preserve URL fragments[32m 0[2mms[22m[39m
 [31m×[39m lib/__tests__/sanitizer.test.ts[2m > [22msanitizer[2m > [22mXSS protection[2m > [22mshould protect against: <script>alert("XSS")</script>[32m 1[2mms[22m[39m
[31m   → expected 'alert("XSS")' not to contain 'alert'[39m
 [32m✓[39m lib/__tests__/sanitizer.test.ts[2m > [22msanitizer[2m > [22mXSS protection[2m > [22mshould protect against: <img src=x onerror="alert(1)">[32m 0[2mms[22m[39m
 [32m✓[39m lib/__tests__/sanitizer.test.ts[2m > [22msanitizer[2m > [22mXSS protection[2m > [22mshould protect against: <svg/onload=alert(1)>[32m 0[2mms[22m[39m
 [31m×[39m lib/__tests__/sanitizer.test.ts[2m > [22msanitizer[2m > [22mXSS protection[2m > [22mshould protect against: javascript:alert(1)[32m 1[2mms[22m[39m
[31m   → expected 'alert(1)' not to contain 'alert'[39m
 [32m✓[39m lib/__tests__/sanitizer.test.ts[2m > [22msanitizer[2m > [22mXSS protection[2m > [22mshould protect against: <iframe src="javascript:alert(1)"></iframe>[32m 1[2mms[22m[39m
 [32m✓[39m lib/__tests__/sanitizer.test.ts[2m > [22msanitizer[2m > [22mXSS protection[2m > [22mshould protect against: <body onload=alert(1)>[32m 0[2mms[22m[39m
 [32m✓[39m lib/__tests__/sanitizer.test.ts[2m > [22msanitizer[2m > [22mXSS protection[2m > [22mshould protect against: <input onfocus=alert(1) autofocus>[32m 0[2mms[22m[39m
 [32m✓[39m lib/__tests__/sanitizer.test.ts[2m > [22msanitizer[2m > [22mXSS protection[2m > [22mshould protect against: <select onfocus=alert(1) autofocus>[32m 0[2mms[22m[39m
 [32m✓[39m lib/__tests__/sanitizer.test.ts[2m > [22msanitizer[2m > [22mXSS protection[2m > [22mshould protect against: <textarea onfocus=alert(1) autofocus>[32m 0[2mms[22m[39m
 [32m✓[39m lib/__tests__/sanitizer.test.ts[2m > [22msanitizer[2m > [22mXSS protection[2m > [22mshould protect against: <marquee onstart=alert(1)>[32m 0[2mms[22m[39m


Source path: C:/Users/Djodjo.Nkouka.ERICCOLE/Downloads/mintenance-clean/apps/web/app/admin/admin.module.css
JIT TOTAL: 2.451ms


 [31m×[39m app/contractors/components/__tests__/ContractorMapView.test.tsx[2m > [22mContractorMapView[2m > [22mshould initialize with default values[32m 215[2mms[22m[39m
[31m   → Cannot destructure property 'contractors' of 'undefined' as it is undefined.[39m
 [31m×[39m app/contractors/components/__tests__/ContractorMapView.test.tsx[2m > [22mContractorMapView[2m > [22mshould handle updates correctly[32m 6[2mms[22m[39m
[31m   → Cannot destructure property 'contractors' of 'undefined' as it is undefined.[39m
 [31m×[39m app/contractors/components/__tests__/ContractorMapView.test.tsx[2m > [22mContractorMapView[2m > [22mshould clean up on unmount[32m 11[2mms[22m[39m
[31m   → Cannot destructure property 'contractors' of 'undefined' as it is undefined.[39m
 [31m×[39m app/contractor/jobs-near-you/components/__tests__/JobsNearYouClient.test.tsx[2m > [22mJobsNearYouClient[2m > [22mshould initialize with default values[32m 218[2mms[22m[39m
[31m   → Cannot destructure property 'contractorLocation' of 'undefined' as it is undefined.[39m
 [31m×[39m app/contractor/jobs-near-you/components/__tests__/JobsNearYouClient.test.tsx[2m > [22mJobsNearYouClient[2m > [22mshould handle updates correctly[32m 9[2mms[22m[39m
[31m   → Cannot destructure property 'contractorLocation' of 'undefined' as it is undefined.[39m
 [31m×[39m app/contractor/jobs-near-you/components/__tests__/JobsNearYouClient.test.tsx[2m > [22mJobsNearYouClient[2m > [22mshould clean up on unmount[32m 10[2mms[22m[39m
[31m   → Cannot destructure property 'contractorLocation' of 'undefined' as it is undefined.[39m
 [31m×[39m app/scheduling/meetings/components/__tests__/MeetingList.test.tsx[2m > [22mMeetingList[2m > [22mshould initialize with default values[33m 457[2mms[22m[39m
[31m   → Cannot destructure property 'userId' of 'undefined' as it is undefined.[39m
 [31m×[39m app/scheduling/meetings/components/__tests__/MeetingList.test.tsx[2m > [22mMeetingList[2m > [22mshould handle updates correctly[32m 6[2mms[22m[39m
[31m   → Cannot destructure property 'userId' of 'undefined' as it is undefined.[39m
 [31m×[39m app/scheduling/meetings/components/__tests__/MeetingList.test.tsx[2m > [22mMeetingList[2m > [22mshould clean up on unmount[32m 5[2mms[22m[39m
[31m   → Cannot destructure property 'userId' of 'undefined' as it is undefined.[39m
 [31m×[39m app/contractor/crm/components/__tests__/CRMDashboardClient.test.tsx[2m > [22mCRMDashboardClient[2m > [22mshould render without crashing[32m 29[2mms[22m[39m
[31m   → Cannot read properties of undefined (reading 'filter')[39m
 [31m×[39m app/contractor/crm/components/__tests__/CRMDashboardClient.test.tsx[2m > [22mCRMDashboardClient[2m > [22mshould handle user interactions[32m 181[2mms[22m[39m
[31m   → Cannot read properties of undefined (reading 'filter')[39m
 [31m×[39m app/contractor/crm/components/__tests__/CRMDashboardClient.test.tsx[2m > [22mCRMDashboardClient[2m > [22mshould display correct data[32m 4[2mms[22m[39m
[31m   → Cannot read properties of undefined (reading 'filter')[39m
 [31m×[39m app/contractor/crm/components/__tests__/CRMDashboardClient.test.tsx[2m > [22mCRMDashboardClient[2m > [22mshould handle edge cases[32m 4[2mms[22m[39m
[31m   → Cannot read properties of undefined (reading 'filter')[39m
 [31m×[39m app/jobs/[id]/edit/components/__tests__/ImageUploadManager.test.tsx[2m > [22mImageUploadManager[2m > [22mshould render without crashing[32m 179[2mms[22m[39m
[31m   → Cannot read properties of undefined (reading 'length')[39m
 [31m×[39m app/jobs/[id]/edit/components/__tests__/ImageUploadManager.test.tsx[2m > [22mImageUploadManager[2m > [22mshould handle user interactions[32m 6[2mms[22m[39m
[31m   → Cannot read properties of undefined (reading 'length')[39m
 [31m×[39m app/jobs/[id]/edit/components/__tests__/ImageUploadManager.test.tsx[2m > [22mImageUploadManager[2m > [22mshould display correct data[32m 5[2mms[22m[39m
[31m   → Cannot read properties of undefined (reading 'length')[39m
 [31m×[39m app/jobs/[id]/edit/components/__tests__/ImageUploadManager.test.tsx[2m > [22mImageUploadManager[2m > [22mshould handle edge cases[32m 3[2mms[22m[39m
[31m   → Cannot read properties of undefined (reading 'length')[39m
 [31m×[39m app/admin/components/__tests__/DashboardClient.test.tsx[2m > [22mDashboardClient[2m > [22mshould initialize with default values[32m 28[2mms[22m[39m
[31m   → Cannot destructure property 'initialMetrics' of 'undefined' as it is undefined.[39m
 [31m×[39m app/admin/components/__tests__/DashboardClient.test.tsx[2m > [22mDashboardClient[2m > [22mshould handle updates correctly[32m 4[2mms[22m[39m
[31m   → Cannot destructure property 'initialMetrics' of 'undefined' as it is undefined.[39m
 [31m×[39m app/admin/components/__tests__/DashboardClient.test.tsx[2m > [22mDashboardClient[2m > [22mshould clean up on unmount[32m 4[2mms[22m[39m
[31m   → Cannot destructure property 'initialMetrics' of 'undefined' as it is undefined.[39m
 [31m×[39m components/building-surveyor/__tests__/YOLOCorrectionEditor.test.tsx[2m > [22mYOLOCorrectionEditor[2m > [22mshould initialize with default values[32m 33[2mms[22m[39m
[31m   → Cannot destructure property 'assessmentId' of 'undefined' as it is undefined.[39m
 [31m×[39m components/building-surveyor/__tests__/YOLOCorrectionEditor.test.tsx[2m > [22mYOLOCorrectionEditor[2m > [22mshould handle updates correctly[32m 6[2mms[22m[39m
[31m   → Cannot destructure property 'assessmentId' of 'undefined' as it is undefined.[39m
 [31m×[39m components/building-surveyor/__tests__/YOLOCorrectionEditor.test.tsx[2m > [22mYOLOCorrectionEditor[2m > [22mshould clean up on unmount[32m 6[2mms[22m[39m
[31m   → Cannot destructure property 'assessmentId' of 'undefined' as it is undefined.[39m
 [31m×[39m app/messages/__tests__/page.test.tsx[2m > [22mpage[2m > [22mshould initialize with default values[32m 174[2mms[22m[39m
[31m   → (0 , __vite_ssr_import_1__.page) is not a function[39m
 [31m×[39m app/messages/__tests__/page.test.tsx[2m > [22mpage[2m > [22mshould handle updates correctly[32m 4[2mms[22m[39m
[31m   → (0 , __vite_ssr_import_1__.page) is not a function[39m
 [31m×[39m app/messages/__tests__/page.test.tsx[2m > [22mpage[2m > [22mshould clean up on unmount[32m 5[2mms[22m[39m
[31m   → (0 , __vite_ssr_import_1__.page) is not a function[39m
 [31m×[39m lib/__tests__/auth.test.ts[2m > [22mAuth Library[2m > [22mverifyToken[2m > [22mshould return null for invalid token[33m 57722[2mms[22m[39m
[31m   → Test timed out in 10000ms.
If this is a long-running test, pass a timeout value as the last argument or configure it globally with "testTimeout".[39m
 [32m✓[39m lib/__tests__/auth.test.ts[2m > [22mAuth Library[2m > [22mverifyToken[2m > [22mshould return null for expired token[32m 1[2mms[22m[39m
 [32m✓[39m lib/__tests__/auth.test.ts[2m > [22mAuth Library[2m > [22mverifyToken[2m > [22mshould return null for malformed token[32m 2[2mms[22m[39m
 [31m×[39m lib/__tests__/auth.test.ts[2m > [22mAuth Library[2m > [22mrotateTokens[2m > [22mshould create new tokens and revoke old refresh token[32m 1[2mms[22m[39m
[31m   → Cannot read properties of undefined (reading 'importKey')[39m
 [31m×[39m lib/__tests__/auth.test.ts[2m > [22mAuth Library[2m > [22mrotateTokens[2m > [22mshould fail for invalid refresh token[32m 9[2mms[22m[39m
[31m   → Refresh token hashing not available in Edge Runtime[39m
 [31m×[39m lib/__tests__/auth.test.ts[2m > [22mAuth Library[2m > [22mrotateTokens[2m > [22mshould fail for expired refresh token[32m 1[2mms[22m[39m
[31m   → Refresh token hashing not available in Edge Runtime[39m
 [31m×[39m lib/__tests__/auth.test.ts[2m > [22mAuth Library[2m > [22mrevokeAllTokens[2m > [22mshould revoke all tokens for a user[32m 2[2mms[22m[39m
[31m   → __vite_ssr_import_3__.serverSupabase.from(...).update(...).eq(...).is is not a function[39m
 [31m×[39m lib/__tests__/auth.test.ts[2m > [22mAuth Library[2m > [22mrevokeAllTokens[2m > [22mshould handle invalid user ID[32m 1[2mms[22m[39m
[31m   → __vite_ssr_import_3__.serverSupabase.from(...).update(...).eq(...).is is not a function[39m
 [31m×[39m lib/__tests__/auth.test.ts[2m > [22mAuth Library[2m > [22mCookie Management[2m > [22mshould set auth cookie with correct options[32m 1[2mms[22m[39m
[31m   → Cannot read properties of undefined (reading 'importKey')[39m
 [31m×[39m lib/__tests__/auth.test.ts[2m > [22mAuth Library[2m > [22mCookie Management[2m > [22mshould clear auth cookie[32m 5[2mms[22m[39m
[31m   → expected "vi.fn()" to be called with arguments: [ '__Host-mintenance-auth' ][90m

Number of calls: [1m0[22m
[31m[39m
 [31m×[39m lib/__tests__/auth.test.ts[2m > [22mAuth Library[2m > [22mgetCurrentUserFromCookies[2m > [22mshould return user data from valid cookie[32m 1[2mms[22m[39m
[31m   → Cannot read properties of undefined (reading 'importKey')[39m
 [32m✓[39m lib/__tests__/auth.test.ts[2m > [22mAuth Library[2m > [22mgetCurrentUserFromCookies[2m > [22mshould return null for missing cookie[32m 1[2mms[22m[39m
 [32m✓[39m lib/__tests__/auth.test.ts[2m > [22mAuth Library[2m > [22mgetCurrentUserFromCookies[2m > [22mshould return null for invalid cookie[32m 0[2mms[22m[39m
 [32m✓[39m lib/__tests__/auth.test.ts[2m > [22mAuth Library[2m > [22mError Handling[2m > [22mshould handle missing JWT_SECRET gracefully[32m 1[2mms[22m[39m
 [32m✓[39m lib/__tests__/auth.test.ts[2m > [22mAuth Library[2m > [22mError Handling[2m > [22mshould handle weak JWT_SECRET[32m 1[2mms[22m[39m
 [31m×[39m app/contractor/dashboard-enhanced/components/__tests__/FeaturedArticle.test.tsx[2m > [22mFeaturedArticle[2m > [22mshould initialize with default values[33m 371[2mms[22m[39m
[31m   → Cannot destructure property 'id' of 'undefined' as it is undefined.[39m
 [31m×[39m app/contractor/dashboard-enhanced/components/__tests__/FeaturedArticle.test.tsx[2m > [22mFeaturedArticle[2m > [22mshould handle updates correctly[32m 7[2mms[22m[39m
[31m   → Cannot destructure property 'id' of 'undefined' as it is undefined.[39m
 [31m×[39m app/contractor/dashboard-enhanced/components/__tests__/FeaturedArticle.test.tsx[2m > [22mFeaturedArticle[2m > [22mshould clean up on unmount[32m 9[2mms[22m[39m
[31m   → Cannot destructure property 'id' of 'undefined' as it is undefined.[39m
 [31m×[39m app/jobs/[id]/components/__tests__/BidComparisonTable2025.test.tsx[2m > [22mBidComparisonTable2025[2m > [22mshould render without crashing[33m 386[2mms[22m[39m
[31m   → bids is not iterable[39m
 [31m×[39m app/jobs/[id]/components/__tests__/BidComparisonTable2025.test.tsx[2m > [22mBidComparisonTable2025[2m > [22mshould handle user interactions[32m 6[2mms[22m[39m
[31m   → bids is not iterable[39m
 [31m×[39m app/jobs/[id]/components/__tests__/BidComparisonTable2025.test.tsx[2m > [22mBidComparisonTable2025[2m > [22mshould display correct data[32m 6[2mms[22m[39m
[31m   → bids is not iterable[39m
 [31m×[39m app/jobs/[id]/components/__tests__/BidComparisonTable2025.test.tsx[2m > [22mBidComparisonTable2025[2m > [22mshould handle edge cases[32m 4[2mms[22m[39m
[31m   → bids is not iterable[39m
 [31m×[39m components/ui/__tests__/MotionDiv.test.tsx[2m > [22mMotionDiv[2m > [22mshould render without crashing[32m 49[2mms[22m[39m
[31m   → [39m
 [31m×[39m components/ui/__tests__/MotionDiv.test.tsx[2m > [22mMotionDiv[2m > [22mshould handle user interactions[32m 6[2mms[22m[39m
[31m   → Cannot read properties of undefined (reading 'matches')[39m
 [31m×[39m components/ui/__tests__/MotionDiv.test.tsx[2m > [22mMotionDiv[2m > [22mshould display correct data[32m 7[2mms[22m[39m
[31m   → Cannot read properties of undefined (reading 'matches')[39m
 [31m×[39m components/ui/__tests__/MotionDiv.test.tsx[2m > [22mMotionDiv[2m > [22mshould handle edge cases[32m 4[2mms[22m[39m
[31m   → Cannot read properties of undefined (reading 'matches')[39m
 [31m×[39m components/ui/figma/__tests__/StatusBadge.test.tsx[2m > [22mStatusBadge[2m > [22mshould render without crashing[32m 24[2mms[22m[39m
[31m   → Cannot read properties of undefined (reading 'replace')[39m
 [31m×[39m components/ui/figma/__tests__/StatusBadge.test.tsx[2m > [22mStatusBadge[2m > [22mshould handle user interactions[32m 6[2mms[22m[39m
[31m   → Cannot read properties of undefined (reading 'replace')[39m
 [31m×[39m components/ui/figma/__tests__/StatusBadge.test.tsx[2m > [22mStatusBadge[2m > [22mshould display correct data[32m 3[2mms[22m[39m
[31m   → Cannot read properties of undefined (reading 'replace')[39m
 [31m×[39m components/ui/figma/__tests__/StatusBadge.test.tsx[2m > [22mStatusBadge[2m > [22mshould handle edge cases[32m 2[2mms[22m[39m
[31m   → Cannot read properties of undefined (reading 'replace')[39m
 [31m×[39m app/help/components/__tests__/MarkdownContent.test.tsx[2m > [22mMarkdownContent[2m > [22mshould render without crashing[32m 199[2mms[22m[39m
[31m   → Cannot read properties of undefined (reading 'split')[39m
 [31m×[39m app/help/components/__tests__/MarkdownContent.test.tsx[2m > [22mMarkdownContent[2m > [22mshould handle user interactions[32m 5[2mms[22m[39m
[31m   → Cannot read properties of undefined (reading 'split')[39m
 [31m×[39m app/help/components/__tests__/MarkdownContent.test.tsx[2m > [22mMarkdownContent[2m > [22mshould display correct data[32m 5[2mms[22m[39m
[31m   → Cannot read properties of undefined (reading 'split')[39m
 [31m×[39m app/help/components/__tests__/MarkdownContent.test.tsx[2m > [22mMarkdownContent[2m > [22mshould handle edge cases[32m 4[2mms[22m[39m
[31m   → Cannot read properties of undefined (reading 'split')[39m
 [31m×[39m app/admin/users/components/__tests__/UserDetailDialog.test.tsx[2m > [22mUserDetailDialog[2m > [22mshould initialize with default values[32m 33[2mms[22m[39m
[31m   → Cannot destructure property 'open' of 'undefined' as it is undefined.[39m
 [31m×[39m app/admin/users/components/__tests__/UserDetailDialog.test.tsx[2m > [22mUserDetailDialog[2m > [22mshould handle updates correctly[32m 5[2mms[22m[39m
[31m   → Cannot destructure property 'open' of 'undefined' as it is undefined.[39m
 [31m×[39m app/admin/users/components/__tests__/UserDetailDialog.test.tsx[2m > [22mUserDetailDialog[2m > [22mshould clean up on unmount[32m 7[2mms[22m[39m
[31m   → Cannot destructure property 'open' of 'undefined' as it is undefined.[39m
 [31m×[39m components/notifications/__tests__/NotificationDropdown.test.tsx[2m > [22mNotificationDropdown[2m > [22mshould initialize with default values[32m 171[2mms[22m[39m
[31m   → Cannot destructure property 'userId' of 'undefined' as it is undefined.[39m
 [31m×[39m components/notifications/__tests__/NotificationDropdown.test.tsx[2m > [22mNotificationDropdown[2m > [22mshould handle updates correctly[33m 303[2mms[22m[39m
[31m   → Cannot destructure property 'userId' of 'undefined' as it is undefined.[39m
 [31m×[39m components/notifications/__tests__/NotificationDropdown.test.tsx[2m > [22mNotificationDropdown[2m > [22mshould clean up on unmount[32m 9[2mms[22m[39m
[31m   → Cannot destructure property 'userId' of 'undefined' as it is undefined.[39m
 [31m×[39m app/dashboard/components/__tests__/AirbnbJobsCarousel.test.tsx[2m > [22mAirbnbJobsCarousel[2m > [22mshould render without crashing[33m 351[2mms[22m[39m
[31m   → Cannot read properties of undefined (reading 'length')[39m
 [31m×[39m app/dashboard/components/__tests__/AirbnbJobsCarousel.test.tsx[2m > [22mAirbnbJobsCarousel[2m > [22mshould handle user interactions[32m 3[2mms[22m[39m
[31m   → Cannot read properties of undefined (reading 'length')[39m
 [31m×[39m app/dashboard/components/__tests__/AirbnbJobsCarousel.test.tsx[2m > [22mAirbnbJobsCarousel[2m > [22mshould display correct data[32m 3[2mms[22m[39m
[31m   → Cannot read properties of undefined (reading 'length')[39m
 [31m×[39m app/dashboard/components/__tests__/AirbnbJobsCarousel.test.tsx[2m > [22mAirbnbJobsCarousel[2m > [22mshould handle edge cases[32m 4[2mms[22m[39m
[31m   → Cannot read properties of undefined (reading 'length')[39m
DOMException [NotSupportedError]: Failed to load script "https://js.stripe.com/v3". JavaScript file loading is disabled.
    at HTMLScriptElement.#loadScript (file:///C:/Users/Djodjo.Nkouka.ERICCOLE/Downloads/mintenance-clean/node_modules/happy-dom/lib/nodes/html-script-element/HTMLScriptElement.js:557:31)
    at HTMLScriptElement.[connectedToDocument] (file:///C:/Users/Djodjo.Nkouka.ERICCOLE/Downloads/mintenance-clean/node_modules/happy-dom/lib/nodes/html-script-element/HTMLScriptElement.js:314:33)
    at HTMLScriptElement.[connectedToNode] (file:///C:/Users/Djodjo.Nkouka.ERICCOLE/Downloads/mintenance-clean/node_modules/happy-dom/lib/nodes/node/Node.js:785:53)
    at HTMLHeadElement.[appendChild] (file:///C:/Users/Djodjo.Nkouka.ERICCOLE/Downloads/mintenance-clean/node_modules/happy-dom/lib/nodes/node/Node.js:404:45)
    at HTMLHeadElement.[appendChild] (file:///C:/Users/Djodjo.Nkouka.ERICCOLE/Downloads/mintenance-clean/node_modules/happy-dom/lib/nodes/element/Element.js:999:62)
    at HTMLHeadElement.appendChild (file:///C:/Users/Djodjo.Nkouka.ERICCOLE/Downloads/mintenance-clean/node_modules/happy-dom/lib/nodes/node/Node.js:297:48)
    at injectScript (C:\Users\Djodjo.Nkouka.ERICCOLE\Downloads\mintenance-clean\apps\web\node_modules\@stripe\stripe-js\dist\index.js:34:14)
    at C:\Users\Djodjo.Nkouka.ERICCOLE\Downloads\mintenance-clean\apps\web\node_modules\@stripe\stripe-js\dist\index.js:99:18
    at new Promise (<anonymous>)
    at loadScript (C:\Users\Djodjo.Nkouka.ERICCOLE\Downloads\mintenance-clean\apps\web\node_modules\@stripe\stripe-js\dist\index.js:76:19)
 [31m×[39m app/contractor/invoices/components/__tests__/InvoicePaymentClient.test.tsx[2m > [22mInvoicePaymentClient[2m > [22mshould initialize with default values[33m 474[2mms[22m[39m
[31m   → Cannot destructure property 'clientSecret' of 'undefined' as it is undefined.[39m
 [31m×[39m app/contractor/invoices/components/__tests__/InvoicePaymentClient.test.tsx[2m > [22mInvoicePaymentClient[2m > [22mshould handle updates correctly[32m 153[2mms[22m[39m
[31m   → Cannot destructure property 'clientSecret' of 'undefined' as it is undefined.[39m
 [31m×[39m app/contractor/invoices/components/__tests__/InvoicePaymentClient.test.tsx[2m > [22mInvoicePaymentClient[2m > [22mshould clean up on unmount[32m 5[2mms[22m[39m
[31m   → Cannot destructure property 'clientSecret' of 'undefined' as it is undefined.[39m
 [32m✓[39m __tests__/rate-limiting.test.ts[2m > [22mRate Limiting Configuration[2m > [22mshould return correct config for login endpoint[32m 2[2mms[22m[39m
 [32m✓[39m __tests__/rate-limiting.test.ts[2m > [22mRate Limiting Configuration[2m > [22mshould return correct config for payment endpoints[32m 1[2mms[22m[39m
 [32m✓[39m __tests__/rate-limiting.test.ts[2m > [22mRate Limiting Configuration[2m > [22mshould return correct config for AI endpoints[32m 0[2mms[22m[39m
 [32m✓[39m __tests__/rate-limiting.test.ts[2m > [22mRate Limiting Configuration[2m > [22mshould match wildcard patterns[32m 1[2mms[22m[39m
 [32m✓[39m __tests__/rate-limiting.test.ts[2m > [22mRate Limiting Configuration[2m > [22mshould return default config for unknown paths[32m 0[2mms[22m[39m
 [32m✓[39m __tests__/rate-limiting.test.ts[2m > [22mUser Tier Detection[2m > [22mshould return anonymous for no user[32m 1[2mms[22m[39m
 [32m✓[39m __tests__/rate-limiting.test.ts[2m > [22mUser Tier Detection[2m > [22mshould return admin for admin users[32m 0[2mms[22m[39m
 [32m✓[39m __tests__/rate-limiting.test.ts[2m > [22mUser Tier Detection[2m > [22mshould return premium for premium users[32m 1[2mms[22m[39m
 [32m✓[39m __tests__/rate-limiting.test.ts[2m > [22mUser Tier Detection[2m > [22mshould return authenticated for regular users[32m 1[2mms[22m[39m
 [32m✓[39m __tests__/rate-limiting.test.ts[2m > [22mRate Limit Bypass Rules[2m > [22mshould bypass for health check user agents[32m 7[2mms[22m[39m
 [31m×[39m app/contractor/dashboard-enhanced/components/__tests__/ContractorDashboardFixed.test.tsx[2m > [22mContractorDashboardFixed[2m > [22mshould render without crashing[32m 38[2mms[22m[39m
[31m   → Cannot destructure property 'contractor' of 'data' as it is undefined.[39m
 [31m×[39m app/contractor/dashboard-enhanced/components/__tests__/ContractorDashboardFixed.test.tsx[2m > [22mContractorDashboardFixed[2m > [22mshould handle user interactions[32m 195[2mms[22m[39m
[31m   → Cannot destructure property 'contractor' of 'data' as it is undefined.[39m
 [31m×[39m app/contractor/dashboard-enhanced/components/__tests__/ContractorDashboardFixed.test.tsx[2m > [22mContractorDashboardFixed[2m > [22mshould display correct data[32m 7[2mms[22m[39m
[31m   → Cannot destructure property 'contractor' of 'data' as it is undefined.[39m
 [31m×[39m app/contractor/dashboard-enhanced/components/__tests__/ContractorDashboardFixed.test.tsx[2m > [22mContractorDashboardFixed[2m > [22mshould handle edge cases[32m 4[2mms[22m[39m
[31m   → Cannot destructure property 'contractor' of 'data' as it is undefined.[39m
 [31m×[39m app/jobs/[id]/components/__tests__/BidListClient.test.tsx[2m > [22mBidListClient[2m > [22mshould render without crashing[32m 38[2mms[22m[39m
[31m   → Cannot read properties of undefined (reading 'map')[39m
 [31m×[39m app/jobs/[id]/components/__tests__/BidListClient.test.tsx[2m > [22mBidListClient[2m > [22mshould handle user interactions[32m 6[2mms[22m[39m
[31m   → Cannot read properties of undefined (reading 'map')[39m
 [31m×[39m app/jobs/[id]/components/__tests__/BidListClient.test.tsx[2m > [22mBidListClient[2m > [22mshould display correct data[32m 9[2mms[22m[39m
[31m   → Cannot read properties of undefined (reading 'map')[39m
 [31m×[39m app/jobs/[id]/components/__tests__/BidListClient.test.tsx[2m > [22mBidListClient[2m > [22mshould handle edge cases[32m 4[2mms[22m[39m
[31m   → Cannot read properties of undefined (reading 'map')[39m
 [31m×[39m app/jobs/[id]/components/__tests__/PhotoGallery.test.tsx[2m > [22mPhotoGallery[2m > [22mshould initialize with default values[32m 51[2mms[22m[39m
[31m   → Cannot destructure property 'photos' of 'undefined' as it is undefined.[39m
 [31m×[39m app/jobs/[id]/components/__tests__/PhotoGallery.test.tsx[2m > [22mPhotoGallery[2m > [22mshould handle updates correctly[32m 147[2mms[22m[39m
[31m   → Cannot destructure property 'photos' of 'undefined' as it is undefined.[39m
 [31m×[39m app/jobs/[id]/components/__tests__/PhotoGallery.test.tsx[2m > [22mPhotoGallery[2m > [22mshould clean up on unmount[32m 6[2mms[22m[39m
[31m   → Cannot destructure property 'photos' of 'undefined' as it is undefined.[39m
 [31m×[39m app/admin/building-assessments/components/__tests__/BuildingAssessmentsClient.test.tsx[2m > [22mBuildingAssessmentsClient[2m > [22mshould initialize with default values[32m 237[2mms[22m[39m
[31m   → Cannot destructure property 'initialAssessments' of 'undefined' as it is undefined.[39m
 [31m×[39m app/admin/building-assessments/components/__tests__/BuildingAssessmentsClient.test.tsx[2m > [22mBuildingAssessmentsClient[2m > [22mshould handle updates correctly[32m 11[2mms[22m[39m
[31m   → Cannot destructure property 'initialAssessments' of 'undefined' as it is undefined.[39m
 [31m×[39m app/admin/building-assessments/components/__tests__/BuildingAssessmentsClient.test.tsx[2m > [22mBuildingAssessmentsClient[2m > [22mshould clean up on unmount[32m 7[2mms[22m[39m
[31m   → Cannot destructure property 'initialAssessments' of 'undefined' as it is undefined.[39m
 [31m×[39m components/onboarding/__tests__/TutorialTooltip.test.tsx[2m > [22mTutorialTooltip[2m > [22mshould initialize with default values[33m 543[2mms[22m[39m
[31m   → Cannot destructure property 'targetId' of 'undefined' as it is undefined.[39m
 [31m×[39m components/onboarding/__tests__/TutorialTooltip.test.tsx[2m > [22mTutorialTooltip[2m > [22mshould handle updates correctly[32m 13[2mms[22m[39m
[31m   → Cannot destructure property 'targetId' of 'undefined' as it is undefined.[39m
 [31m×[39m components/onboarding/__tests__/TutorialTooltip.test.tsx[2m > [22mTutorialTooltip[2m > [22mshould clean up on unmount[32m 5[2mms[22m[39m
[31m   → Cannot destructure property 'targetId' of 'undefined' as it is undefined.[39m
 [31m×[39m app/profile/__tests__/error.test.tsx[2m > [22mProfileError[2m > [22mshould render without crashing[32m 216[2mms[22m[39m
[31m   → Element type is invalid: expected a string (for built-in components) or a class/function (for composite components) but got: undefined. You likely forgot to export your component from the file it's defined in, or you might have mixed up default and named imports.[39m
 [31m×[39m app/profile/__tests__/error.test.tsx[2m > [22mProfileError[2m > [22mshould handle user interactions[32m 29[2mms[22m[39m
[31m   → Element type is invalid: expected a string (for built-in components) or a class/function (for composite components) but got: undefined. You likely forgot to export your component from the file it's defined in, or you might have mixed up default and named imports.[39m
 [31m×[39m app/profile/__tests__/error.test.tsx[2m > [22mProfileError[2m > [22mshould display correct data[32m 3[2mms[22m[39m
[31m   → Element type is invalid: expected a string (for built-in components) or a class/function (for composite components) but got: undefined. You likely forgot to export your component from the file it's defined in, or you might have mixed up default and named imports.[39m
 [31m×[39m app/profile/__tests__/error.test.tsx[2m > [22mProfileError[2m > [22mshould handle edge cases[32m 2[2mms[22m[39m
[31m   → Element type is invalid: expected a string (for built-in components) or a class/function (for composite components) but got: undefined. You likely forgot to export your component from the file it's defined in, or you might have mixed up default and named imports.[39m
 [31m×[39m components/ui/__tests__/ActivityTimeline.test.tsx[2m > [22mActivityTimeline[2m > [22mshould render without crashing[32m 39[2mms[22m[39m
[31m   → Cannot read properties of undefined (reading 'length')[39m
 [31m×[39m components/ui/__tests__/ActivityTimeline.test.tsx[2m > [22mActivityTimeline[2m > [22mshould handle user interactions[32m 208[2mms[22m[39m
[31m   → Cannot read properties of undefined (reading 'length')[39m
 [31m×[39m components/ui/__tests__/ActivityTimeline.test.tsx[2m > [22mActivityTimeline[2m > [22mshould display correct data[32m 4[2mms[22m[39m
[31m   → Cannot read properties of undefined (reading 'length')[39m
 [31m×[39m components/ui/__tests__/ActivityTimeline.test.tsx[2m > [22mActivityTimeline[2m > [22mshould handle edge cases[32m 4[2mms[22m[39m
[31m   → Cannot read properties of undefined (reading 'length')[39m
 [31m×[39m app/admin/revenue/components/__tests__/RevenueDashboardClient.test.tsx[2m > [22mRevenueDashboardClient[2m > [22mshould initialize with default values[32m 33[2mms[22m[39m
[31m   → Cannot destructure property 'revenueMetrics' of 'undefined' as it is undefined.[39m
 [31m×[39m app/admin/revenue/components/__tests__/RevenueDashboardClient.test.tsx[2m > [22mRevenueDashboardClient[2m > [22mshould handle updates correctly[32m 8[2mms[22m[39m
[31m   → Cannot destructure property 'revenueMetrics' of 'undefined' as it is undefined.[39m
 [31m×[39m app/admin/revenue/components/__tests__/RevenueDashboardClient.test.tsx[2m > [22mRevenueDashboardClient[2m > [22mshould clean up on unmount[32m 6[2mms[22m[39m
[31m   → Cannot destructure property 'revenueMetrics' of 'undefined' as it is undefined.[39m
 [31m×[39m app/contractor/customers/components/__tests__/MessagesSidebar.test.tsx[2m > [22mMessagesSidebar[2m > [22mshould render without crashing[33m 498[2mms[22m[39m
[31m   → Cannot read properties of undefined (reading 'map')[39m
 [31m×[39m app/contractor/customers/components/__tests__/MessagesSidebar.test.tsx[2m > [22mMessagesSidebar[2m > [22mshould handle user interactions[32m 3[2mms[22m[39m
[31m   → Cannot read properties of undefined (reading 'map')[39m
 [31m×[39m app/contractor/customers/components/__tests__/MessagesSidebar.test.tsx[2m > [22mMessagesSidebar[2m > [22mshould display correct data[32m 3[2mms[22m[39m
[31m   → Cannot read properties of undefined (reading 'map')[39m
 [31m×[39m app/contractor/customers/components/__tests__/MessagesSidebar.test.tsx[2m > [22mMessagesSidebar[2m > [22mshould handle edge cases[32m 3[2mms[22m[39m
[31m   → Cannot read properties of undefined (reading 'map')[39m
 [31m×[39m app/admin/users/components/__tests__/UserManagementClient.test.tsx[2m > [22mUserManagementClient[2m > [22mshould initialize with default values[33m 469[2mms[22m[39m
[31m   → Cannot destructure property 'initialUsers' of 'undefined' as it is undefined.[39m
 [31m×[39m app/admin/users/components/__tests__/UserManagementClient.test.tsx[2m > [22mUserManagementClient[2m > [22mshould handle updates correctly[32m 8[2mms[22m[39m
[31m   → Cannot destructure property 'initialUsers' of 'undefined' as it is undefined.[39m
 [31m×[39m app/admin/users/components/__tests__/UserManagementClient.test.tsx[2m > [22mUserManagementClient[2m > [22mshould clean up on unmount[32m 7[2mms[22m[39m
[31m   → Cannot destructure property 'initialUsers' of 'undefined' as it is undefined.[39m
 [31m×[39m app/dashboard/components/__tests__/HomeownerDashboardAirbnb.test.tsx[2m > [22mHomeownerDashboardAirbnb[2m > [22mshould render without crashing[32m 40[2mms[22m[39m
[31m   → Cannot destructure property 'homeowner' of 'data' as it is undefined.[39m
 [31m×[39m app/dashboard/components/__tests__/HomeownerDashboardAirbnb.test.tsx[2m > [22mHomeownerDashboardAirbnb[2m > [22mshould handle user interactions[32m 7[2mms[22m[39m
[31m   → Cannot destructure property 'homeowner' of 'data' as it is undefined.[39m
 [31m×[39m app/dashboard/components/__tests__/HomeownerDashboardAirbnb.test.tsx[2m > [22mHomeownerDashboardAirbnb[2m > [22mshould display correct data[32m 6[2mms[22m[39m
[31m   → Cannot destructure property 'homeowner' of 'data' as it is undefined.[39m
 [31m×[39m app/dashboard/components/__tests__/HomeownerDashboardAirbnb.test.tsx[2m > [22mHomeownerDashboardAirbnb[2m > [22mshould handle edge cases[32m 6[2mms[22m[39m
[31m   → Cannot destructure property 'homeowner' of 'data' as it is undefined.[39m
 [31m×[39m components/ui/__tests__/Paywall.test.tsx[2m > [22mPaywall[2m > [22mshould render without crashing[32m 34[2mms[22m[39m
[31m   → Cannot read properties of undefined (reading '0')[39m
 [31m×[39m components/ui/__tests__/Paywall.test.tsx[2m > [22mPaywall[2m > [22mshould handle user interactions[32m 6[2mms[22m[39m
[31m   → Cannot read properties of undefined (reading '0')[39m
 [31m×[39m components/ui/__tests__/Paywall.test.tsx[2m > [22mPaywall[2m > [22mshould display correct data[32m 197[2mms[22m[39m
[31m   → Cannot read properties of undefined (reading '0')[39m
 [31m×[39m components/ui/__tests__/Paywall.test.tsx[2m > [22mPaywall[2m > [22mshould handle edge cases[32m 4[2mms[22m[39m
[31m   → Cannot read properties of undefined (reading '0')[39m
 [31m×[39m app/contractor/dashboard-enhanced/components/__tests__/ContractorDashboardAirbnb.test.tsx[2m > [22mContractorDashboardAirbnb[2m > [22mshould render without crashing[32m 35[2mms[22m[39m
[31m   → Cannot destructure property 'contractor' of 'data' as it is undefined.[39m
 [31m×[39m app/contractor/dashboard-enhanced/components/__tests__/ContractorDashboardAirbnb.test.tsx[2m > [22mContractorDashboardAirbnb[2m > [22mshould handle user interactions[32m 6[2mms[22m[39m
[31m   → Cannot destructure property 'contractor' of 'data' as it is undefined.[39m
 [31m×[39m app/contractor/dashboard-enhanced/components/__tests__/ContractorDashboardAirbnb.test.tsx[2m > [22mContractorDashboardAirbnb[2m > [22mshould display correct data[32m 5[2mms[22m[39m
[31m   → Cannot destructure property 'contractor' of 'data' as it is undefined.[39m
 [31m×[39m app/contractor/dashboard-enhanced/components/__tests__/ContractorDashboardAirbnb.test.tsx[2m > [22mContractorDashboardAirbnb[2m > [22mshould handle edge cases[32m 5[2mms[22m[39m
[31m   → Cannot destructure property 'contractor' of 'data' as it is undefined.[39m
 [31m×[39m hooks/__tests__/useReducedMotion.test.ts[2m > [22museReducedMotion[2m > [22mshould initialize with default values[32m 28[2mms[22m[39m
[31m   → Cannot read properties of undefined (reading 'matches')[39m
 [31m×[39m hooks/__tests__/useReducedMotion.test.ts[2m > [22museReducedMotion[2m > [22mshould handle updates correctly[32m 6[2mms[22m[39m
[31m   → Cannot read properties of undefined (reading 'matches')[39m
 [31m×[39m hooks/__tests__/useReducedMotion.test.ts[2m > [22museReducedMotion[2m > [22mshould clean up on unmount[32m 7[2mms[22m[39m
[31m   → Cannot read properties of undefined (reading 'matches')[39m
 [31m×[39m components/jobs/__tests__/JobDetailsDialog.test.tsx[2m > [22mJobDetailsDialog[2m > [22mshould render without crashing[32m 231[2mms[22m[39m
[31m   → Cannot read properties of undefined (reading 'title')[39m
 [31m×[39m components/jobs/__tests__/JobDetailsDialog.test.tsx[2m > [22mJobDetailsDialog[2m > [22mshould handle user interactions[32m 5[2mms[22m[39m
[31m   → Cannot read properties of undefined (reading 'title')[39m
 [31m×[39m components/jobs/__tests__/JobDetailsDialog.test.tsx[2m > [22mJobDetailsDialog[2m > [22mshould display correct data[32m 5[2mms[22m[39m
[31m   → Cannot read properties of undefined (reading 'title')[39m
 [31m×[39m components/jobs/__tests__/JobDetailsDialog.test.tsx[2m > [22mJobDetailsDialog[2m > [22mshould handle edge cases[32m 3[2mms[22m[39m
[31m   → Cannot read properties of undefined (reading 'title')[39m
 [31m×[39m app/admin/(auth)/register/__tests__/page.test.tsx[2m > [22mAdminRegisterPage[2m > [22mshould render without crashing[33m 406[2mms[22m[39m
[31m   → Element type is invalid: expected a string (for built-in components) or a class/function (for composite components) but got: undefined. You likely forgot to export your component from the file it's defined in, or you might have mixed up default and named imports.[39m
 [31m×[39m app/admin/(auth)/register/__tests__/page.test.tsx[2m > [22mAdminRegisterPage[2m > [22mshould handle user interactions[32m 7[2mms[22m[39m
[31m   → Element type is invalid: expected a string (for built-in components) or a class/function (for composite components) but got: undefined. You likely forgot to export your component from the file it's defined in, or you might have mixed up default and named imports.[39m
 [31m×[39m app/admin/(auth)/register/__tests__/page.test.tsx[2m > [22mAdminRegisterPage[2m > [22mshould display correct data[32m 5[2mms[22m[39m
[31m   → Element type is invalid: expected a string (for built-in components) or a class/function (for composite components) but got: undefined. You likely forgot to export your component from the file it's defined in, or you might have mixed up default and named imports.[39m
 [31m×[39m app/admin/(auth)/register/__tests__/page.test.tsx[2m > [22mAdminRegisterPage[2m > [22mshould handle edge cases[32m 2[2mms[22m[39m
[31m   → Element type is invalid: expected a string (for built-in components) or a class/function (for composite components) but got: undefined. You likely forgot to export your component from the file it's defined in, or you might have mixed up default and named imports.[39m
 [31m×[39m app/contractor/bid/[jobId]/components/__tests__/BidSubmissionClient.test.tsx[2m > [22mBidSubmissionClient[2m > [22mshould initialize with default values[32m 205[2mms[22m[39m
[31m   → Cannot destructure property 'job' of 'undefined' as it is undefined.[39m
 [31m×[39m app/contractor/bid/[jobId]/components/__tests__/BidSubmissionClient.test.tsx[2m > [22mBidSubmissionClient[2m > [22mshould handle updates correctly[32m 7[2mms[22m[39m
[31m   → Cannot destructure property 'job' of 'undefined' as it is undefined.[39m
 [31m×[39m app/contractor/bid/[jobId]/components/__tests__/BidSubmissionClient.test.tsx[2m > [22mBidSubmissionClient[2m > [22mshould clean up on unmount[32m 6[2mms[22m[39m
[31m   → Cannot destructure property 'job' of 'undefined' as it is undefined.[39m
 [31m×[39m app/contractor/reporting/components/__tests__/ReportingDashboard.test.tsx[2m > [22mReportingDashboard[2m > [22mshould render without crashing[32m 46[2mms[22m[39m
[31m   → Cannot read properties of undefined (reading 'totalJobs')[39m
 [31m×[39m app/contractor/reporting/components/__tests__/ReportingDashboard.test.tsx[2m > [22mReportingDashboard[2m > [22mshould handle user interactions[32m 5[2mms[22m[39m
[31m   → Cannot read properties of undefined (reading 'totalJobs')[39m
 [31m×[39m app/contractor/reporting/components/__tests__/ReportingDashboard.test.tsx[2m > [22mReportingDashboard[2m > [22mshould display correct data[32m 5[2mms[22m[39m
[31m   → Cannot read properties of undefined (reading 'totalJobs')[39m
 [31m×[39m app/contractor/reporting/components/__tests__/ReportingDashboard.test.tsx[2m > [22mReportingDashboard[2m > [22mshould handle edge cases[32m 4[2mms[22m[39m
[31m   → Cannot read properties of undefined (reading 'totalJobs')[39m
 [31m×[39m app/contractor/connections/components/__tests__/ConnectionsClient.test.tsx[2m > [22mConnectionsClient[2m > [22mshould render without crashing[32m 62[2mms[22m[39m
[31m   → Cannot read properties of undefined (reading 'length')[39m
 [31m×[39m app/contractor/connections/components/__tests__/ConnectionsClient.test.tsx[2m > [22mConnectionsClient[2m > [22mshould handle user interactions[32m 7[2mms[22m[39m
[31m   → Cannot read properties of undefined (reading 'length')[39m
 [31m×[39m app/contractor/connections/components/__tests__/ConnectionsClient.test.tsx[2m > [22mConnectionsClient[2m > [22mshould display correct data[32m 6[2mms[22m[39m
[31m   → Cannot read properties of undefined (reading 'length')[39m
 [31m×[39m app/contractor/connections/components/__tests__/ConnectionsClient.test.tsx[2m > [22mConnectionsClient[2m > [22mshould handle edge cases[32m 4[2mms[22m[39m
[31m   → Cannot read properties of undefined (reading 'length')[39m
 [31m×[39m app/contractor/finance/components/__tests__/FinanceDashboardEnhanced.test.tsx[2m > [22mFinanceDashboardEnhanced[2m > [22mshould render without crashing[32m 192[2mms[22m[39m
[31m   → Cannot read properties of undefined (reading 'payments')[39m
 [31m×[39m app/contractor/finance/components/__tests__/FinanceDashboardEnhanced.test.tsx[2m > [22mFinanceDashboardEnhanced[2m > [22mshould handle user interactions[32m 6[2mms[22m[39m
[31m   → Cannot read properties of undefined (reading 'payments')[39m
 [31m×[39m app/contractor/finance/components/__tests__/FinanceDashboardEnhanced.test.tsx[2m > [22mFinanceDashboardEnhanced[2m > [22mshould display correct data[32m 130[2mms[22m[39m
[31m   → Cannot read properties of undefined (reading 'payments')[39m
 [31m×[39m app/contractor/finance/components/__tests__/FinanceDashboardEnhanced.test.tsx[2m > [22mFinanceDashboardEnhanced[2m > [22mshould handle edge cases[32m 4[2mms[22m[39m
[31m   → Cannot read properties of undefined (reading 'payments')[39m
 [31m×[39m __tests__/rate-limiting.test.ts[2m > [22mRate Limit Bypass Rules[2m > [22mshould bypass for whitelisted IPs[32m 200[2mms[22m[39m
[31m   → expected false to be true // Object.is equality[39m
 [31m×[39m __tests__/rate-limiting.test.ts[2m > [22mRate Limit Bypass Rules[2m > [22mshould bypass for internal service tokens[32m 3[2mms[22m[39m
[31m   → expected false to be true // Object.is equality[39m
 [32m✓[39m __tests__/rate-limiting.test.ts[2m > [22mRate Limit Bypass Rules[2m > [22mshould not bypass for regular requests[32m 5[2mms[22m[39m
 [31m×[39m app/jobs/[id]/payment/__tests__/page.test.tsx[2m > [22mpage[2m > [22mshould initialize with default values[32m 33[2mms[22m[39m
[31m   → (0 , __vite_ssr_import_1__.page) is not a function[39m
 [31m×[39m app/jobs/[id]/payment/__tests__/page.test.tsx[2m > [22mpage[2m > [22mshould handle updates correctly[32m 4[2mms[22m[39m
[31m   → (0 , __vite_ssr_import_1__.page) is not a function[39m
 [31m×[39m app/jobs/[id]/payment/__tests__/page.test.tsx[2m > [22mpage[2m > [22mshould clean up on unmount[32m 4[2mms[22m[39m
[31m   → (0 , __vite_ssr_import_1__.page) is not a function[39m
 [31m×[39m app/jobs/[id]/payment/components/__tests__/StripePaymentElement2025.test.tsx[2m > [22mStripePaymentElement2025[2m > [22mshould render without crashing[32m 40[2mms[22m[39m
[31m   → Cannot read properties of undefined (reading 'toLocaleString')[39m
 [31m×[39m app/jobs/[id]/payment/components/__tests__/StripePaymentElement2025.test.tsx[2m > [22mStripePaymentElement2025[2m > [22mshould handle user interactions[32m 9[2mms[22m[39m
[31m   → Cannot read properties of undefined (reading 'toLocaleString')[39m
 [31m×[39m app/jobs/[id]/payment/components/__tests__/StripePaymentElement2025.test.tsx[2m > [22mStripePaymentElement2025[2m > [22mshould display correct data[32m 11[2mms[22m[39m
[31m   → Cannot read properties of undefined (reading 'toLocaleString')[39m
 [31m×[39m app/jobs/[id]/payment/components/__tests__/StripePaymentElement2025.test.tsx[2m > [22mStripePaymentElement2025[2m > [22mshould handle edge cases[32m 6[2mms[22m[39m
[31m   → Cannot read properties of undefined (reading 'toLocaleString')[39m
DOMException [NotSupportedError]: Failed to load script "https://js.stripe.com/v3". JavaScript file loading is disabled.
    at HTMLScriptElement.#loadScript (file:///C:/Users/Djodjo.Nkouka.ERICCOLE/Downloads/mintenance-clean/node_modules/happy-dom/lib/nodes/html-script-element/HTMLScriptElement.js:557:31)
    at HTMLScriptElement.[connectedToDocument] (file:///C:/Users/Djodjo.Nkouka.ERICCOLE/Downloads/mintenance-clean/node_modules/happy-dom/lib/nodes/html-script-element/HTMLScriptElement.js:314:33)
    at HTMLScriptElement.[connectedToNode] (file:///C:/Users/Djodjo.Nkouka.ERICCOLE/Downloads/mintenance-clean/node_modules/happy-dom/lib/nodes/node/Node.js:785:53)
    at HTMLHeadElement.[appendChild] (file:///C:/Users/Djodjo.Nkouka.ERICCOLE/Downloads/mintenance-clean/node_modules/happy-dom/lib/nodes/node/Node.js:404:45)
    at HTMLHeadElement.[appendChild] (file:///C:/Users/Djodjo.Nkouka.ERICCOLE/Downloads/mintenance-clean/node_modules/happy-dom/lib/nodes/element/Element.js:999:62)
    at HTMLHeadElement.appendChild (file:///C:/Users/Djodjo.Nkouka.ERICCOLE/Downloads/mintenance-clean/node_modules/happy-dom/lib/nodes/node/Node.js:297:48)
    at injectScript (C:\Users\Djodjo.Nkouka.ERICCOLE\Downloads\mintenance-clean\apps\web\node_modules\@stripe\stripe-js\dist\index.js:34:14)
    at C:\Users\Djodjo.Nkouka.ERICCOLE\Downloads\mintenance-clean\apps\web\node_modules\@stripe\stripe-js\dist\index.js:99:18
    at new Promise (<anonymous>)
    at loadScript (C:\Users\Djodjo.Nkouka.ERICCOLE\Downloads\mintenance-clean\apps\web\node_modules\@stripe\stripe-js\dist\index.js:76:19)
 [31m×[39m components/payments/__tests__/EmbeddedCheckout.test.tsx[2m > [22mEmbeddedCheckout[2m > [22mshould initialize with default values[32m 36[2mms[22m[39m
[31m   → (0 , __vite_ssr_import_1__.EmbeddedCheckout) is not a function[39m
 [31m×[39m components/payments/__tests__/EmbeddedCheckout.test.tsx[2m > [22mEmbeddedCheckout[2m > [22mshould handle updates correctly[32m 3[2mms[22m[39m
[31m   → (0 , __vite_ssr_import_1__.EmbeddedCheckout) is not a function[39m
 [31m×[39m components/payments/__tests__/EmbeddedCheckout.test.tsx[2m > [22mEmbeddedCheckout[2m > [22mshould clean up on unmount[32m 7[2mms[22m[39m
[31m   → (0 , __vite_ssr_import_1__.EmbeddedCheckout) is not a function[39m
 [31m×[39m components/payments/__tests__/FeeCalculator.test.tsx[2m > [22mFeeCalculator[2m > [22mshould handle normal cases[32m 264[2mms[22m[39m
[31m   → Cannot read properties of undefined (reading 'platformFee')[39m
 [31m×[39m components/payments/__tests__/FeeCalculator.test.tsx[2m > [22mFeeCalculator[2m > [22mshould handle edge cases[32m 173[2mms[22m[39m
[31m   → expected [Function] to not throw an error but 'TypeError: Cannot destructure propert…' was thrown[39m
 [32m✓[39m components/payments/__tests__/FeeCalculator.test.tsx[2m > [22mFeeCalculator[2m > [22mshould handle error cases[32m 1[2mms[22m[39m
 [31m×[39m app/jobs/[id]/components/__tests__/IntelligentMatching.test.tsx[2m > [22mIntelligentMatching[2m > [22mshould initialize with default values[33m 488[2mms[22m[39m
[31m   → Cannot destructure property 'jobId' of 'undefined' as it is undefined.[39m
 [31m×[39m app/jobs/[id]/components/__tests__/IntelligentMatching.test.tsx[2m > [22mIntelligentMatching[2m > [22mshould handle updates correctly[32m 9[2mms[22m[39m
[31m   → Cannot destructure property 'jobId' of 'undefined' as it is undefined.[39m
 [31m×[39m app/jobs/[id]/components/__tests__/IntelligentMatching.test.tsx[2m > [22mIntelligentMatching[2m > [22mshould clean up on unmount[32m 6[2mms[22m[39m
[31m   → Cannot destructure property 'jobId' of 'undefined' as it is undefined.[39m
 [31m×[39m app/jobs/[id]/payment/components/__tests__/PaymentSuccess2025.test.tsx[2m > [22mPaymentSuccess2025[2m > [22mshould render without crashing[33m 465[2mms[22m[39m
[31m   → Cannot read properties of undefined (reading 'toLocaleString')[39m
 [31m×[39m app/jobs/[id]/payment/components/__tests__/PaymentSuccess2025.test.tsx[2m > [22mPaymentSuccess2025[2m > [22mshould handle user interactions[32m 5[2mms[22m[39m
[31m   → Cannot read properties of undefined (reading 'toLocaleString')[39m
 [31m×[39m app/jobs/[id]/payment/components/__tests__/PaymentSuccess2025.test.tsx[2m > [22mPaymentSuccess2025[2m > [22mshould display correct data[32m 6[2mms[22m[39m
[31m   → Cannot read properties of undefined (reading 'toLocaleString')[39m
 [31m×[39m app/jobs/[id]/payment/components/__tests__/PaymentSuccess2025.test.tsx[2m > [22mPaymentSuccess2025[2m > [22mshould handle edge cases[32m 144[2mms[22m[39m
[31m   → Cannot read properties of undefined (reading 'toLocaleString')[39m
 [31m×[39m app/contractor/dashboard-enhanced/components/__tests__/ContractorDashboard2025Client.test.tsx[2m > [22mContractorDashboard2025Client[2m > [22mshould render without crashing[33m 407[2mms[22m[39m
[31m   → Cannot destructure property 'contractor' of 'data' as it is undefined.[39m
 [31m×[39m app/contractor/dashboard-enhanced/components/__tests__/ContractorDashboard2025Client.test.tsx[2m > [22mContractorDashboard2025Client[2m > [22mshould handle user interactions[32m 196[2mms[22m[39m
[31m   → Cannot destructure property 'contractor' of 'data' as it is undefined.[39m
 [31m×[39m app/contractor/dashboard-enhanced/components/__tests__/ContractorDashboard2025Client.test.tsx[2m > [22mContractorDashboard2025Client[2m > [22mshould display correct data[32m 192[2mms[22m[39m
[31m   → Cannot destructure property 'contractor' of 'data' as it is undefined.[39m
 [31m×[39m app/contractor/dashboard-enhanced/components/__tests__/ContractorDashboard2025Client.test.tsx[2m > [22mContractorDashboard2025Client[2m > [22mshould handle edge cases[32m 5[2mms[22m[39m
[31m   → Cannot destructure property 'contractor' of 'data' as it is undefined.[39m
 [31m×[39m app/jobs/create/components/__tests__/JobCreationWizard2025.test.tsx[2m > [22mJobCreationWizard2025[2m > [22mshould render without crashing[32m 288[2mms[22m[39m
[31m   → [39m
 [31m×[39m app/jobs/create/components/__tests__/JobCreationWizard2025.test.tsx[2m > [22mJobCreationWizard2025[2m > [22mshould handle user interactions[32m 19[2mms[22m[39m
[31m   → [39m
 [31m×[39m app/jobs/create/components/__tests__/JobCreationWizard2025.test.tsx[2m > [22mJobCreationWizard2025[2m > [22mshould display correct data[32m 19[2mms[22m[39m
[31m   → [39m
 [31m×[39m app/jobs/create/components/__tests__/JobCreationWizard2025.test.tsx[2m > [22mJobCreationWizard2025[2m > [22mshould handle edge cases[32m 23[2mms[22m[39m
[31m   → [39m
 [31m×[39m components/admin/__tests__/SecurityDashboard.test.tsx[2m > [22mSecurityDashboard[2m > [22mshould initialize with default values[32m 241[2mms[22m[39m
[31m   → Cannot destructure property 'className' of 'undefined' as it is undefined.[39m
 [31m×[39m components/admin/__tests__/SecurityDashboard.test.tsx[2m > [22mSecurityDashboard[2m > [22mshould handle updates correctly[32m 11[2mms[22m[39m
[31m   → Cannot destructure property 'className' of 'undefined' as it is undefined.[39m
 [31m×[39m components/admin/__tests__/SecurityDashboard.test.tsx[2m > [22mSecurityDashboard[2m > [22mshould clean up on unmount[32m 9[2mms[22m[39m
[31m   → Cannot destructure property 'className' of 'undefined' as it is undefined.[39m
 [31m×[39m test/examples/api.test.ts[2m > [22mJobs API Route[2m > [22mGET /api/jobs[2m > [22mshould return all jobs[33m 8922[2mms[22m[39m
[31m   → Invalid string length[39m
 [31m×[39m __tests__/rate-limiting.test.ts[2m > [22mEnhanced Rate Limiter[2m > [22mshould allow requests within limit[33m 48795[2mms[22m[39m
[31m   → Hook timed out in 10000ms.
If this is a long-running hook, pass a timeout value as the last argument or configure it globally with "hookTimeout".[39m
 [31m×[39m test/examples/api.test.ts[2m > [22mJobs API Route[2m > [22mGET /api/jobs[2m > [22mshould filter jobs by status[33m 7844[2mms[22m[39m
[31m   → Invalid string length[39m
 [31m×[39m test/examples/api.test.ts[2m > [22mJobs API Route[2m > [22mGET /api/jobs[2m > [22mshould filter jobs by category[33m 7920[2mms[22m[39m
[31m   → Invalid string length[39m
 [31m×[39m test/examples/api.test.ts[2m > [22mJobs API Route[2m > [22mGET /api/jobs[2m > [22mshould handle pagination[33m 6895[2mms[22m[39m
[31m   → Invalid string length[39m
 [31m×[39m test/examples/api.test.ts[2m > [22mJobs API Route[2m > [22mGET /api/jobs[2m > [22mshould handle database errors gracefully[33m 6400[2mms[22m[39m
[31m   → Invalid string length[39m
 [31m×[39m test/examples/api.test.ts[2m > [22mJobs API Route[2m > [22mPOST /api/jobs[2m > [22mshould create a new job[33m 7549[2mms[22m[39m
[31m   → Invalid string length[39m
 [31m×[39m test/examples/api.test.ts[2m > [22mJobs API Route[2m > [22mPOST /api/jobs[2m > [22mshould validate required fields[33m 6763[2mms[22m[39m
[31m   → Invalid string length[39m
 [31m×[39m test/examples/api.test.ts[2m > [22mJobs API Route[2m > [22mPOST /api/jobs[2m > [22mshould require authentication[33m 6609[2mms[22m[39m
[31m   → Invalid string length[39m
 [31m×[39m test/examples/api.test.ts[2m > [22mJobs API Route[2m > [22mPOST /api/jobs[2m > [22mshould validate budget is a positive number[33m 6493[2mms[22m[39m
[31m   → Invalid string length[39m
 [31m×[39m test/examples/api.test.ts[2m > [22mJobs API Route[2m > [22mPUT /api/jobs[2m > [22mshould update an existing job[32m 5[2mms[22m[39m
[31m   → __vi_import_0__.PUT is not a function[39m
 [31m×[39m test/examples/api.test.ts[2m > [22mJobs API Route[2m > [22mPUT /api/jobs[2m > [22mshould prevent updating other users jobs[32m 2[2mms[22m[39m
[31m   → __vi_import_0__.PUT is not a function[39m
 [31m×[39m test/examples/api.test.ts[2m > [22mJobs API Route[2m > [22mDELETE /api/jobs[2m > [22mshould delete a job[32m 1[2mms[22m[39m
[31m   → __vi_import_0__.DELETE is not a function[39m
 [31m×[39m test/examples/api.test.ts[2m > [22mJobs API Route[2m > [22mDELETE /api/jobs[2m > [22mshould prevent deleting jobs with active bids[32m 1[2mms[22m[39m
[31m   → __vi_import_0__.DELETE is not a function[39m
 [31m×[39m __tests__/rate-limiting.test.ts[2m > [22mEnhanced Rate Limiter[2m > [22mshould block requests over limit[33m 54096[2mms[22m[39m
[31m   → Hook timed out in 10000ms.
If this is a long-running hook, pass a timeout value as the last argument or configure it globally with "hookTimeout".[39m
 [31m×[39m test/examples/api.test.ts[2m > [22mJobs API Route[2m > [22mError Handling[2m > [22mshould handle malformed JSON[33m 5818[2mms[22m[39m
[31m   → Invalid string length[39m
 [31m×[39m test/examples/api.test.ts[2m > [22mJobs API Route[2m > [22mError Handling[2m > [22mshould handle missing content-type header[33m 6193[2mms[22m[39m
[31m   → Invalid string length[39m
 [31m×[39m __tests__/rate-limiting.test.ts[2m > [22mEnhanced Rate Limiter[2m > [22mshould apply different limits for different tiers[33m 53348[2mms[22m[39m
[31m   → Hook timed out in 10000ms.
If this is a long-running hook, pass a timeout value as the last argument or configure it globally with "hookTimeout".[39m
 [31m×[39m __tests__/rate-limiting.test.ts[2m > [22mEnhanced Rate Limiter[2m > [22mshould create proper rate limit headers[33m 50417[2mms[22m[39m
[31m   → Hook timed out in 10000ms.
If this is a long-running hook, pass a timeout value as the last argument or configure it globally with "hookTimeout".[39m
 [31m×[39m __tests__/rate-limiting.test.ts[2m > [22mEnhanced Rate Limiter[2m > [22mshould include Retry-After header when rate limited[33m 53956[2mms[22m[39m
[31m   → Hook timed out in 10000ms.
If this is a long-running hook, pass a timeout value as the last argument or configure it globally with "hookTimeout".[39m
 [31m×[39m __tests__/rate-limiting.test.ts[2m > [22mRate Limiting for Specific Endpoints[2m > [22mshould enforce strict limits on authentication endpoints[33m 50112[2mms[22m[39m
[31m   → Hook timed out in 10000ms.
If this is a long-running hook, pass a timeout value as the last argument or configure it globally with "hookTimeout".[39m
 [31m×[39m __tests__/rate-limiting.test.ts[2m > [22mRate Limiting for Specific Endpoints[2m > [22mshould prevent anonymous access to payment endpoints[33m 43773[2mms[22m[39m
[31m   → Hook timed out in 10000ms.
If this is a long-running hook, pass a timeout value as the last argument or configure it globally with "hookTimeout".[39m
 [31m×[39m __tests__/rate-limiting.test.ts[2m > [22mRate Limiting for Specific Endpoints[2m > [22mshould allow higher limits for read-only endpoints[33m 42941[2mms[22m[39m
[31m   → Hook timed out in 10000ms.
If this is a long-running hook, pass a timeout value as the last argument or configure it globally with "hookTimeout".[39m
 [31m×[39m __tests__/rate-limiting.test.ts[2m > [22mRate Limiting for Specific Endpoints[2m > [22mshould have special handling for webhooks[33m 45265[2mms[22m[39m
[31m   → Hook timed out in 10000ms.
If this is a long-running hook, pass a timeout value as the last argument or configure it globally with "hookTimeout".[39m
 [31m×[39m __tests__/rate-limiting.test.ts[2m > [22mRate Limiting for Specific Endpoints[2m > [22mshould have relaxed limits for health checks[33m 48763[2mms[22m[39m
[31m   → Hook timed out in 10000ms.
If this is a long-running hook, pass a timeout value as the last argument or configure it globally with "hookTimeout".[39m
 [31m×[39m __tests__/rate-limiting.test.ts[2m > [22mSecurity Event Logging[2m > [22mshould log rate limit violations[33m 41336[2mms[22m[39m
[31m   → Invalid string length[39m
 [31m×[39m __tests__/rate-limiting.test.ts[2m > [22mRate Limiter Reset Functionality[2m > [22mshould reset rate limits for specific identifier[33m 45508[2mms[22m[39m
[31m   → Invalid string length[39m
