// Jest Snapshot v1, https://goo.gl/fbAQLP

exports[`MapSearchBar Snapshot Consistency maintains consistent structure with empty value 1`] = `
<View
  style={
    [
      {
        "left": 16,
        "position": "absolute",
        "right": 16,
        "zIndex": 10,
      },
      {
        "top": 12,
      },
      undefined,
    ]
  }
>
  <TouchableOpacity
    accessibilityLabel="Search jobs. Any category · undefined jobs nearby"
    accessibilityRole="search"
    activeOpacity={0.9}
    style={
      {
        "alignItems": "center",
        "backgroundColor": "#FFFFFF",
        "borderRadius": 32,
        "elevation": 4,
        "flex": 1,
        "flexDirection": "row",
        "paddingLeft": 16,
        "paddingRight": 8,
        "paddingVertical": 10,
        "shadowColor": "#000000",
        "shadowOffset": {
          "height": 2,
          "width": 0,
        },
        "shadowOpacity": 0.12,
        "shadowRadius": 8,
      }
    }
  >
    <Text
      color="#222222"
      name="search"
      size={18}
    >
      search
    </Text>
    <View
      style={
        {
          "flex": 1,
          "marginLeft": 12,
        }
      }
    >
      <Text
        style={
          {
            "color": "#222222",
            "fontSize": 14,
            "fontWeight": "600",
          }
        }
      >
        Near you
      </Text>
      <Text
        numberOfLines={1}
        style={
          {
            "color": "#717171",
            "fontSize": 12,
            "marginTop": 1,
          }
        }
      >
        Any category · undefined jobs nearby
      </Text>
    </View>
    <TouchableOpacity
      accessibilityLabel="Open filters"
      accessibilityRole="button"
      hitSlop={
        {
          "bottom": 8,
          "left": 8,
          "right": 8,
          "top": 8,
        }
      }
      onPress={[MockFunction]}
      style={
        {
          "alignItems": "center",
          "borderColor": "#F0F0F0",
          "borderRadius": 18,
          "borderWidth": 1,
          "height": 36,
          "justifyContent": "center",
          "width": 36,
        }
      }
    >
      <Text
        color="#222222"
        name="options-outline"
        size={16}
      >
        options-outline
      </Text>
    </TouchableOpacity>
  </TouchableOpacity>
</View>
`;

exports[`MapSearchBar Snapshot Consistency maintains consistent structure with long value 1`] = `
<View
  style={
    [
      {
        "left": 16,
        "position": "absolute",
        "right": 16,
        "zIndex": 10,
      },
      {
        "top": 12,
      },
      undefined,
    ]
  }
>
  <TouchableOpacity
    accessibilityLabel="Search jobs. Any category · undefined jobs nearby"
    accessibilityRole="search"
    activeOpacity={0.9}
    style={
      {
        "alignItems": "center",
        "backgroundColor": "#FFFFFF",
        "borderRadius": 32,
        "elevation": 4,
        "flex": 1,
        "flexDirection": "row",
        "paddingLeft": 16,
        "paddingRight": 8,
        "paddingVertical": 10,
        "shadowColor": "#000000",
        "shadowOffset": {
          "height": 2,
          "width": 0,
        },
        "shadowOpacity": 0.12,
        "shadowRadius": 8,
      }
    }
  >
    <Text
      color="#222222"
      name="search"
      size={18}
    >
      search
    </Text>
    <View
      style={
        {
          "flex": 1,
          "marginLeft": 12,
        }
      }
    >
      <Text
        style={
          {
            "color": "#222222",
            "fontSize": 14,
            "fontWeight": "600",
          }
        }
      >
        Near you
      </Text>
      <Text
        numberOfLines={1}
        style={
          {
            "color": "#717171",
            "fontSize": 12,
            "marginTop": 1,
          }
        }
      >
        Any category · undefined jobs nearby
      </Text>
    </View>
    <TouchableOpacity
      accessibilityLabel="Open filters"
      accessibilityRole="button"
      hitSlop={
        {
          "bottom": 8,
          "left": 8,
          "right": 8,
          "top": 8,
        }
      }
      onPress={[MockFunction]}
      style={
        {
          "alignItems": "center",
          "borderColor": "#F0F0F0",
          "borderRadius": 18,
          "borderWidth": 1,
          "height": 36,
          "justifyContent": "center",
          "width": 36,
        }
      }
    >
      <Text
        color="#222222"
        name="options-outline"
        size={16}
      >
        options-outline
      </Text>
    </TouchableOpacity>
  </TouchableOpacity>
</View>
`;

exports[`MapSearchBar Snapshot Consistency maintains consistent structure with value 1`] = `
<View
  style={
    [
      {
        "left": 16,
        "position": "absolute",
        "right": 16,
        "zIndex": 10,
      },
      {
        "top": 12,
      },
      undefined,
    ]
  }
>
  <TouchableOpacity
    accessibilityLabel="Search jobs. Any category · undefined jobs nearby"
    accessibilityRole="search"
    activeOpacity={0.9}
    style={
      {
        "alignItems": "center",
        "backgroundColor": "#FFFFFF",
        "borderRadius": 32,
        "elevation": 4,
        "flex": 1,
        "flexDirection": "row",
        "paddingLeft": 16,
        "paddingRight": 8,
        "paddingVertical": 10,
        "shadowColor": "#000000",
        "shadowOffset": {
          "height": 2,
          "width": 0,
        },
        "shadowOpacity": 0.12,
        "shadowRadius": 8,
      }
    }
  >
    <Text
      color="#222222"
      name="search"
      size={18}
    >
      search
    </Text>
    <View
      style={
        {
          "flex": 1,
          "marginLeft": 12,
        }
      }
    >
      <Text
        style={
          {
            "color": "#222222",
            "fontSize": 14,
            "fontWeight": "600",
          }
        }
      >
        Near you
      </Text>
      <Text
        numberOfLines={1}
        style={
          {
            "color": "#717171",
            "fontSize": 12,
            "marginTop": 1,
          }
        }
      >
        Any category · undefined jobs nearby
      </Text>
    </View>
    <TouchableOpacity
      accessibilityLabel="Open filters"
      accessibilityRole="button"
      hitSlop={
        {
          "bottom": 8,
          "left": 8,
          "right": 8,
          "top": 8,
        }
      }
      onPress={[MockFunction]}
      style={
        {
          "alignItems": "center",
          "borderColor": "#F0F0F0",
          "borderRadius": 18,
          "borderWidth": 1,
          "height": 36,
          "justifyContent": "center",
          "width": 36,
        }
      }
    >
      <Text
        color="#222222"
        name="options-outline"
        size={16}
      >
        options-outline
      </Text>
    </TouchableOpacity>
  </TouchableOpacity>
</View>
`;
