// Jest Snapshot v1, https://goo.gl/fbAQLP

exports[`ProfileActionButtons Component Snapshot Stability renders consistently for default props 1`] = `
<View
  style={
    {
      "paddingHorizontal": 16,
      "paddingVertical": 12,
    }
  }
>
  <TouchableOpacity
    accessibilityLabel="Request a quote from this contractor"
    accessibilityRole="button"
    activeOpacity={0.85}
    onPress={[MockFunction]}
    style={
      {
        "alignItems": "center",
        "backgroundColor": "#3F8C7A",
        "borderRadius": 16,
        "elevation": 6,
        "flexDirection": "row",
        "gap": 8,
        "justifyContent": "center",
        "paddingVertical": 16,
        "shadowColor": "#1F2A24",
        "shadowOffset": {
          "height": 8,
          "width": 0,
        },
        "shadowOpacity": 0.1,
        "shadowRadius": 18,
      }
    }
    testID="request-quote-button"
  >
    <Text
      testID="icon-document-text-outline"
    >
      document-text-outline
      -
      18
      -
      #FFFFFF
    </Text>
    <Text
      style={
        {
          "color": "#FFFFFF",
          "fontSize": 16,
          "fontWeight": "700",
        }
      }
    >
      Request a Quote
    </Text>
  </TouchableOpacity>
  <View
    style={
      {
        "flexDirection": "row",
        "justifyContent": "space-around",
        "marginTop": 16,
      }
    }
  >
    <TouchableOpacity
      accessibilityLabel="Message"
      accessibilityRole="button"
      onPress={[MockFunction]}
      style={
        {
          "alignItems": "center",
          "gap": 4,
        }
      }
      testID="message-button"
    >
      <Text
        testID="icon-chatbubble-outline"
      >
        chatbubble-outline
        -
        20
        -
        #1A2520
      </Text>
      <Text
        style={
          {
            "color": "#4A5751",
            "fontSize": 11,
            "fontWeight": "500",
          }
        }
      >
        Message
      </Text>
    </TouchableOpacity>
    <TouchableOpacity
      accessibilityLabel="Call"
      accessibilityRole="button"
      onPress={[MockFunction]}
      style={
        {
          "alignItems": "center",
          "gap": 4,
        }
      }
      testID="call-button"
    >
      <Text
        testID="icon-call-outline"
      >
        call-outline
        -
        20
        -
        #1A2520
      </Text>
      <Text
        style={
          {
            "color": "#4A5751",
            "fontSize": 11,
            "fontWeight": "500",
          }
        }
      >
        Call
      </Text>
    </TouchableOpacity>
    <TouchableOpacity
      accessibilityLabel="Share"
      accessibilityRole="button"
      onPress={[MockFunction]}
      style={
        {
          "alignItems": "center",
          "gap": 4,
        }
      }
      testID="share-button"
    >
      <Text
        testID="icon-share-social-outline"
      >
        share-social-outline
        -
        20
        -
        #1A2520
      </Text>
      <Text
        style={
          {
            "color": "#4A5751",
            "fontSize": 11,
            "fontWeight": "500",
          }
        }
      >
        Share
      </Text>
    </TouchableOpacity>
  </View>
</View>
`;
