Start phase: RUN_EXPO_DOCTOR
Running "expo doctor"
npm warn config ignoring workspace config at /home/expo/workingdir/build/apps/mobile/.npmrc
Running 18 checks on your project...
16/18 checks passed. 2 checks failed. Possible issues detected:
Use the --verbose flag to see more details about passed checks.
✖ Check for issues with Metro config
- "watchFolders" does not contain all entries from Expo's defaults
Advice:
Modifying the "metro.config.js" is dangerous and may lead to unintended consequences.
Unless you know what these overrides do, remove them and adopt the recommended values from "expo/metro-config".

✖ Check that packages match versions required by installed Expo SDK

⚠️ Minor version mismatches
package                      expected  found    
@sentry/react-native         ~7.2.0    7.11.0   
@stripe/stripe-react-native  0.50.3    0.57.3   
react-native-maps            1.20.1    1.27.2   
react-native-svg             15.12.1   15.15.5  

🔧 Patch version mismatches
package                      expected  found    
expo                         ~54.0.37  54.0.35  
expo-constants               ~18.0.14  18.0.13  
expo-file-system             ~19.0.24  19.0.23  
expo-local-authentication    ~17.0.9   17.0.8   
expo-screen-capture          ~8.0.10   8.0.9    
expo-updates                 ~29.0.20  29.0.18  
jest-expo                    ~54.0.18  54.0.17  

Changelogs:
- expo-constants → https://github.com/expo/expo/blob/sdk-54/packages/expo-constants/CHANGELOG.md
- expo-file-system → https://github.com/expo/expo/blob/sdk-54/packages/expo-file-system/CHANGELOG.md
- expo-local-authentication → https://github.com/expo/expo/blob/sdk-54/packages/expo-local-authentication/CHANGELOG.md
- expo-screen-capture → https://github.com/expo/expo/blob/sdk-54/packages/expo-screen-capture/CHANGELOG.md
- expo-updates → https://github.com/expo/expo/blob/sdk-54/packages/expo-updates/CHANGELOG.md

11 packages out of date.
Advice:
Use 'npx expo install --check' to review and upgrade your dependencies.
To ignore specific packages, add them to "expo.install.exclude" in package.json. Learn more: https://expo.fyi/dependency-validation
2 checks failed, indicating possible issues with the project.
Command "expo doctor" failed.
End phase: RUN_EXPO_DOCTOR
